
分配公共符号
公共符号            大小              文件

current_console_id  0x4               kernel/global.o
idt_ptr             0x6               kernel/global.o
sb_table            0x1e0             kernel/global.o
inode_table         0xb00             kernel/global.o
task_stack          0x38000           kernel/global.o
k_reenter           0x4               kernel/global.o
gdt                 0x400             kernel/global.o
fd_table            0x300             kernel/global.o
tty_table           0xc30             kernel/global.o
tss                 0x64              kernel/global.o
fs_msg              0x30              kernel/global.o
root_inode          0x4               kernel/global.o
disp_pos            0x4               kernel/global.o
gdt_ptr             0x6               kernel/global.o
idt                 0x800             kernel/global.o
ticks               0x4               kernel/global.o
console_table       0x30              kernel/global.o
fs_caller           0x4               kernel/global.o
irq_table           0x40              kernel/global.o
proc_ready          0x4               kernel/global.o
proc_table          0xb28             kernel/global.o

Discarded input sections

 .note.GNU-stack
                0x0000000000000000        0x0 kernel/start.o
 .note.GNU-stack
                0x0000000000000000        0x0 kernel/i8259.o
 .note.GNU-stack
                0x0000000000000000        0x0 kernel/global.o
 .note.GNU-stack
                0x0000000000000000        0x0 kernel/protect.o
 .note.GNU-stack
                0x0000000000000000        0x0 kernel/main.o
 .note.GNU-stack
                0x0000000000000000        0x0 kernel/clock.o
 .note.GNU-stack
                0x0000000000000000        0x0 kernel/proc.o
 .note.GNU-stack
                0x0000000000000000        0x0 kernel/keyborad.o
 .note.GNU-stack
                0x0000000000000000        0x0 kernel/tty.o
 .note.GNU-stack
                0x0000000000000000        0x0 kernel/console.o
 .note.GNU-stack
                0x0000000000000000        0x0 kernel/printf.o
 .note.GNU-stack
                0x0000000000000000        0x0 kernel/vsprintf.o
 .note.GNU-stack
                0x0000000000000000        0x0 kernel/systask.o
 .note.GNU-stack
                0x0000000000000000        0x0 kernel/message.o
 .note.GNU-stack
                0x0000000000000000        0x0 kernel/panic.o
 .note.GNU-stack
                0x0000000000000000        0x0 kernel/hd.o
 .note.GNU-stack
                0x0000000000000000        0x0 lib/misc.o
 .note.GNU-stack
                0x0000000000000000        0x0 lib/klib.o
 .note.GNU-stack
                0x0000000000000000        0x0 lib/open.o
 .note.GNU-stack
                0x0000000000000000        0x0 lib/close.o
 .note.GNU-stack
                0x0000000000000000        0x0 lib/read.o
 .note.GNU-stack
                0x0000000000000000        0x0 lib/write.o
 .note.GNU-stack
                0x0000000000000000        0x0 lib/getpid.o
 .note.GNU-stack
                0x0000000000000000        0x0 lib/unlink.o
 .note.GNU-stack
                0x0000000000000000        0x0 fs/main.o
 .note.GNU-stack
                0x0000000000000000        0x0 fs/misc.o
 .note.GNU-stack
                0x0000000000000000        0x0 fs/open.o
 .note.GNU-stack
                0x0000000000000000        0x0 fs/read_write.o
 .note.GNU-stack
                0x0000000000000000        0x0 fs/link.o

内存配置

名称           来源             长度             属性
*default*        0x0000000000000000 0xffffffffffffffff

Linker script and memory map

Address of section .text set to 0x30400
LOAD kernel/kernel.o
LOAD kernel/start.o
LOAD kernel/i8259.o
LOAD kernel/global.o
LOAD kernel/protect.o
LOAD kernel/main.o
LOAD kernel/clock.o
LOAD kernel/syscall.o
LOAD kernel/proc.o
LOAD kernel/keyborad.o
LOAD kernel/tty.o
LOAD kernel/console.o
LOAD kernel/printf.o
LOAD kernel/vsprintf.o
LOAD kernel/systask.o
LOAD kernel/message.o
LOAD kernel/panic.o
LOAD kernel/hd.o
LOAD lib/misc.o
LOAD lib/klib.o
LOAD lib/kliba.o
LOAD lib/string.o
LOAD lib/open.o
LOAD lib/close.o
LOAD lib/read.o
LOAD lib/write.o
LOAD lib/getpid.o
LOAD lib/unlink.o
LOAD fs/main.o
LOAD fs/misc.o
LOAD fs/open.o
LOAD fs/read_write.o
LOAD fs/link.o
                0x0000000008048000                PROVIDE (__executable_start, 0x8048000)
                0x0000000008048094                . = (0x8048000 + SIZEOF_HEADERS)

.interp
 *(.interp)

.note.gnu.build-id
 *(.note.gnu.build-id)

.hash
 *(.hash)

.gnu.hash
 *(.gnu.hash)

.dynsym
 *(.dynsym)

.dynstr
 *(.dynstr)

.gnu.version
 *(.gnu.version)

.gnu.version_d
 *(.gnu.version_d)

.gnu.version_r
 *(.gnu.version_r)

.rel.dyn        0x0000000008048094        0x0
 *(.rel.init)
 *(.rel.text .rel.text.* .rel.gnu.linkonce.t.*)
 .rel.text      0x0000000000000000        0x0 kernel/kernel.o
 *(.rel.fini)
 *(.rel.rodata .rel.rodata.* .rel.gnu.linkonce.r.*)
 *(.rel.data.rel.ro .rel.data.rel.ro.* .rel.gnu.linkonce.d.rel.ro.*)
 *(.rel.data .rel.data.* .rel.gnu.linkonce.d.*)
 .rel.data      0x0000000000000000        0x0 kernel/kernel.o
 *(.rel.tdata .rel.tdata.* .rel.gnu.linkonce.td.*)
 *(.rel.tbss .rel.tbss.* .rel.gnu.linkonce.tb.*)
 *(.rel.ctors)
 *(.rel.dtors)
 *(.rel.got)
 *(.rel.sharable_data .rel.sharable_data.* .rel.gnu.linkonce.shrd.*)
 *(.rel.sharable_bss .rel.sharable_bss.* .rel.gnu.linkonce.shrb.*)
 *(.rel.bss .rel.bss.* .rel.gnu.linkonce.b.*)
 *(.rel.ifunc)

.rel.plt        0x0000000008048094        0x0
 *(.rel.plt)
                0x0000000008048094                PROVIDE (__rel_iplt_start, .)
 *(.rel.iplt)
 .rel.iplt      0x0000000000000000        0x0 kernel/kernel.o
                0x0000000008048094                PROVIDE (__rel_iplt_end, .)

.init
 *(SORT(.init))

.plt            0x00000000080480a0        0x0
 *(.plt)
 *(.iplt)
 .iplt          0x0000000000000000        0x0 kernel/kernel.o

.text           0x0000000000030400     0x8169
 *(.text.unlikely .text.*_unlikely)
 *(.text.exit .text.exit.*)
 *(.text.startup .text.startup.*)
 *(.text.hot .text.hot.*)
 *(.text .stub .text.* .gnu.linkonce.t.*)
 .text          0x0000000000030400      0x410 kernel/kernel.o
                0x0000000000030400                _start
                0x0000000000030440                hwint00
                0x0000000000030470                hwint01
                0x00000000000304a0                hwint02
                0x00000000000304d0                hwint03
                0x0000000000030500                hwint04
                0x0000000000030530                hwint05
                0x0000000000030560                hwint06
                0x0000000000030590                hwint07
                0x00000000000305c0                hwint08
                0x00000000000305f0                hwint09
                0x0000000000030620                hwint10
                0x0000000000030650                hwint11
                0x0000000000030680                hwint12
                0x00000000000306b0                hwint13
                0x00000000000306e0                hwint14
                0x0000000000030710                hwint15
                0x0000000000030734                divide_error
                0x000000000003073a                single_step_exception
                0x0000000000030740                nmi
                0x0000000000030746                breakpoint_exception
                0x000000000003074c                overflow
                0x0000000000030752                bounds_check
                0x0000000000030758                inval_opcode
                0x000000000003075e                copr_not_available
                0x0000000000030764                double_fault
                0x0000000000030768                copr_seg_overrun
                0x000000000003076e                inval_tss
                0x0000000000030772                segment_not_present
                0x0000000000030776                stack_exception
                0x000000000003077a                general_protection
                0x000000000003077e                page_fault
                0x0000000000030782                copr_error
                0x0000000000030791                sys_call
                0x00000000000307eb                restart
 .text          0x0000000000030810       0x8e kernel/start.o
                0x0000000000030810                cstart
 *fill*         0x000000000003089e        0x2 
 .text          0x00000000000308a0      0x13c kernel/i8259.o
                0x00000000000308a0                init_8259A
                0x0000000000030991                spurious_irq
                0x00000000000309bc                put_irq_handler
 .text          0x00000000000309dc        0x0 kernel/global.o
 .text          0x00000000000309dc      0x7e0 kernel/protect.o
                0x00000000000309dc                seg2phys
                0x0000000000030b00                protect_init
                0x000000000003107c                exception_handler
 .text          0x00000000000311bc      0x57e kernel/main.o
                0x00000000000311bc                kernel_main
                0x0000000000031489                get_ticks
                0x00000000000314c1                testA
                0x00000000000314ea                testB
                0x000000000003150a                testC
 *fill*         0x000000000003173a        0x2 
 .text          0x000000000003173c       0xde kernel/clock.o
                0x000000000003173c                clock_init
                0x00000000000317a0                clock_handler
                0x00000000000317e1                milli_delay
 *fill*         0x000000000003181a        0x6 
 .text          0x0000000000031820       0x38 kernel/syscall.o
                0x0000000000031820                get_ticks0
                0x0000000000031828                write0
                0x0000000000031838                printx
                0x0000000000031844                sendrec
 .text          0x0000000000031858      0x34d kernel/proc.o
                0x0000000000031858                schedule
                0x00000000000318e3                sys_get_ticks
                0x00000000000318ed                sys_write
                0x0000000000031929                ldt_seg_linear
                0x0000000000031973                va2la
                0x00000000000319e2                sys_printx
 *fill*         0x0000000000031ba5        0x3 
 .text          0x0000000000031ba8      0x671 kernel/keyborad.o
                0x0000000000031c4a                keyboard_init
                0x0000000000031cef                keyboard_handler
                0x0000000000031da6                keyboard_read
 *fill*         0x0000000000032219        0x3 
 .text          0x000000000003221c      0x32c kernel/tty.o
                0x000000000003221c                tty_init
                0x0000000000032379                task_tty
                0x00000000000323e5                in_process
                0x0000000000032504                tty_write
 .text          0x0000000000032548      0x473 kernel/console.o
                0x000000000003264c                scroll_screen
                0x00000000000326b7                out_char
                0x00000000000327ce                screen_init
                0x00000000000328ea                is_current_console
                0x0000000000032905                select_console
                0x000000000003294d                clear_console
 *fill*         0x00000000000329bb        0x1 
 .text          0x00000000000329bc       0x4f kernel/printf.o
                0x00000000000329bc                printf
 *fill*         0x0000000000032a0b        0x1 
 .text          0x0000000000032a0c      0x31e kernel/vsprintf.o
                0x0000000000032a6f                vsprintf
                0x0000000000032d00                sprintf
 *fill*         0x0000000000032d2a        0x2 
 .text          0x0000000000032d2c       0x95 kernel/systask.o
                0x0000000000032d2c                task_sys
 *fill*         0x0000000000032dc1        0x3 
 .text          0x0000000000032dc4     0x18dd kernel/message.o
                0x0000000000032dc4                reset_msg
                0x0000000000033da6                sys_sendrec
                0x0000000000033f05                send_recv
                0x0000000000033fe5                inform_int
                0x0000000000034187                dump_proc
                0x000000000003455a                dump_msg
 *fill*         0x00000000000346a1        0x3 
 .text          0x00000000000346a4       0x50 kernel/panic.o
                0x00000000000346a4                panic
 .text          0x00000000000346f4      0xeaa kernel/hd.o
                0x00000000000354c4                task_hd
                0x0000000000035579                hd_handler
 *fill*         0x000000000003559e        0x2 
 .text          0x00000000000355a0      0x1a8 lib/misc.o
                0x00000000000355a0                spin
                0x00000000000355bb                assertion_failure
                0x0000000000035601                memcmp
                0x0000000000035677                strcmp
                0x00000000000356e9                strcat
 .text          0x0000000000035748      0x1cb lib/klib.o
                0x0000000000035748                itoa
                0x00000000000357f3                disp_int
                0x0000000000035818                disp_color_int
                0x0000000000035844                delay
                0x000000000003588a                dump
 *fill*         0x0000000000035913        0xd 
 .text          0x0000000000035920      0x184 lib/kliba.o
                0x0000000000035920                disp_str
                0x000000000003595e                disp_color_str
                0x000000000003599d                out_byte
                0x00000000000359a9                in_byte
                0x00000000000359b3                enable_irq
                0x00000000000359d2                disable_irq
                0x00000000000359f1                enable_int
                0x00000000000359f3                disable_int
                0x00000000000359f5                port_read
                0x0000000000035a08                port_write
                0x0000000000035a1b                glitter
 *fill*         0x0000000000035aa4        0xc 
 .text          0x0000000000035ab0       0x78 lib/string.o
                0x0000000000035ab0                memcpy
                0x0000000000035ad9                memset
                0x0000000000035afa                strcpy
                0x0000000000035b12                strlen
 .text          0x0000000000035b28       0x73 lib/open.o
                0x0000000000035b28                open
 *fill*         0x0000000000035b9b        0x1 
 .text          0x0000000000035b9c       0x33 lib/close.o
                0x0000000000035b9c                close
 *fill*         0x0000000000035bcf        0x1 
 .text          0x0000000000035bd0       0x3f lib/read.o
                0x0000000000035bd0                read
 *fill*         0x0000000000035c0f        0x1 
 .text          0x0000000000035c10       0x3f lib/write.o
                0x0000000000035c10                write
 *fill*         0x0000000000035c4f        0x1 
 .text          0x0000000000035c50       0x59 lib/getpid.o
                0x0000000000035c50                getpid
 *fill*         0x0000000000035ca9        0x3 
 .text          0x0000000000035cac       0x33 lib/unlink.o
                0x0000000000035cac                unlink
 *fill*         0x0000000000035cdf        0x1 
 .text          0x0000000000035ce0      0xdc5 fs/main.o
                0x0000000000035ce0                rw_sector
                0x0000000000035ec2                get_super_block
                0x0000000000035f08                get_inode
                0x0000000000036076                put_inode
                0x00000000000360bb                sync_inode
                0x00000000000361d8                new_inode
                0x00000000000369ae                task_fs
 *fill*         0x0000000000036aa5        0x3 
 .text          0x0000000000036aa8      0x205 fs/misc.o
                0x0000000000036aa8                strip_path
                0x0000000000036b34                search_file
 *fill*         0x0000000000036cad        0x3 
 .text          0x0000000000036cb0      0xaca fs/open.o
                0x0000000000037296                do_open
                0x0000000000037687                do_close
                0x00000000000376df                do_lssek
 *fill*         0x000000000003777a        0x2 
 .text          0x000000000003777c      0x522 fs/read_write.o
                0x000000000003777c                do_rdwt
 *fill*         0x0000000000037c9e        0x2 
 .text          0x0000000000037ca0      0x8c9 fs/link.o
                0x0000000000037ca0                do_unlink
 *(.gnu.warning)

.fini
 *(SORT(.fini))
                0x0000000000038569                PROVIDE (__etext, .)
                0x0000000000038569                PROVIDE (_etext, .)
                0x0000000000038569                PROVIDE (etext, .)

.rodata         0x0000000000038580     0x1360
 *(.rodata .rodata.* .gnu.linkonce.r.*)
 .rodata        0x0000000000038580       0x2c kernel/start.o
 .rodata        0x00000000000385ac       0x11 kernel/i8259.o
 *fill*         0x00000000000385bd        0x3 
 .rodata        0x00000000000385c0        0x4 kernel/global.o
                0x00000000000385c0                FSBUF_SIZE
 *fill*         0x00000000000385c4       0x1c 
 .rodata        0x00000000000385e0      0x290 kernel/protect.o
 .rodata        0x0000000000038870       0xb4 kernel/main.o
 .rodata        0x0000000000038924       0x1c kernel/proc.o
 .rodata        0x0000000000038940       0x64 kernel/keyborad.o
 .rodata        0x00000000000389a4       0x90 kernel/tty.o
 .rodata        0x0000000000038a34       0x11 kernel/systask.o
 *fill*         0x0000000000038a45        0x3 
 .rodata        0x0000000000038a48      0x5be kernel/message.o
 .rodata        0x0000000000039006       0x10 kernel/panic.o
 *fill*         0x0000000000039016        0x2 
 .rodata        0x0000000000039018      0x1dc kernel/hd.o
 .rodata        0x00000000000391f4       0x63 lib/misc.o
 .rodata        0x0000000000039257       0x18 lib/klib.o
 .rodata        0x000000000003926f       0x23 lib/open.o
 .rodata        0x0000000000039292       0x25 lib/getpid.o
 *fill*         0x00000000000392b7        0x1 
 .rodata        0x00000000000392b8      0x1d8 fs/main.o
 .rodata        0x0000000000039490      0x14b fs/open.o
 *fill*         0x00000000000395db        0x1 
 .rodata        0x00000000000395dc      0x178 fs/read_write.o
 .rodata        0x0000000000039754      0x18c fs/link.o

.rodata1
 *(.rodata1)

.eh_frame_hdr
 *(.eh_frame_hdr)

.eh_frame       0x00000000000398e0      0xf28
 *(.eh_frame)
 .eh_frame      0x00000000000398e0       0x38 kernel/start.o
 .eh_frame      0x0000000000039918       0x60 kernel/i8259.o
                                         0x78 (size before relaxing)
 .eh_frame      0x0000000000039978       0xb0 kernel/protect.o
                                         0xc8 (size before relaxing)
 .eh_frame      0x0000000000039a28       0x98 kernel/main.o
                                         0xb0 (size before relaxing)
 .eh_frame      0x0000000000039ac0       0x60 kernel/clock.o
                                         0x78 (size before relaxing)
 .eh_frame      0x0000000000039b20       0xc0 kernel/proc.o
                                         0xd8 (size before relaxing)
 .eh_frame      0x0000000000039be0       0xe0 kernel/keyborad.o
                                         0xf8 (size before relaxing)
 .eh_frame      0x0000000000039cc0       0xdc kernel/tty.o
                                         0xf4 (size before relaxing)
 .eh_frame      0x0000000000039d9c      0x120 kernel/console.o
                                        0x138 (size before relaxing)
 .eh_frame      0x0000000000039ebc       0x20 kernel/printf.o
                                         0x38 (size before relaxing)
 .eh_frame      0x0000000000039edc       0x68 kernel/vsprintf.o
                                         0x80 (size before relaxing)
 .eh_frame      0x0000000000039f44       0x1c kernel/systask.o
                                         0x34 (size before relaxing)
 .eh_frame      0x0000000000039f60      0x180 kernel/message.o
                                        0x198 (size before relaxing)
 .eh_frame      0x000000000003a0e0       0x20 kernel/panic.o
                                         0x38 (size before relaxing)
 .eh_frame      0x000000000003a100      0x210 kernel/hd.o
                                        0x228 (size before relaxing)
 .eh_frame      0x000000000003a310       0x9c lib/misc.o
                                         0xb4 (size before relaxing)
 .eh_frame      0x000000000003a3ac       0xa0 lib/klib.o
                                         0xb8 (size before relaxing)
 .eh_frame      0x000000000003a44c       0x20 lib/open.o
                                         0x38 (size before relaxing)
 .eh_frame      0x000000000003a46c       0x20 lib/close.o
                                         0x38 (size before relaxing)
 .eh_frame      0x000000000003a48c       0x20 lib/read.o
                                         0x38 (size before relaxing)
 .eh_frame      0x000000000003a4ac       0x20 lib/write.o
                                         0x38 (size before relaxing)
 .eh_frame      0x000000000003a4cc       0x20 lib/getpid.o
                                         0x38 (size before relaxing)
 .eh_frame      0x000000000003a4ec       0x20 lib/unlink.o
                                         0x38 (size before relaxing)
 .eh_frame      0x000000000003a50c      0x154 fs/main.o
                                        0x16c (size before relaxing)
 .eh_frame      0x000000000003a660       0x48 fs/misc.o
                                         0x60 (size before relaxing)
 .eh_frame      0x000000000003a6a8      0x108 fs/open.o
                                        0x120 (size before relaxing)
 .eh_frame      0x000000000003a7b0       0x2c fs/read_write.o
                                         0x44 (size before relaxing)
 .eh_frame      0x000000000003a7dc       0x2c fs/link.o
                                         0x44 (size before relaxing)

.gcc_except_table
 *(.gcc_except_table .gcc_except_table.*)

.exception_ranges
 *(.exception_ranges .exception_ranges*)
                0x000000000003a808                . = (ALIGN (0x1000) - ((0x1000 - .) & 0xfff))
                0x000000000003c000                . = DATA_SEGMENT_ALIGN (0x1000, 0x1000)

.eh_frame
 *(.eh_frame)

.gcc_except_table
 *(.gcc_except_table .gcc_except_table.*)

.exception_ranges
 *(.exception_ranges .exception_ranges*)

.tdata
 *(.tdata .tdata.* .gnu.linkonce.td.*)

.tbss
 *(.tbss .tbss.* .gnu.linkonce.tb.*)
 *(.tcommon)

.preinit_array  0x000000000003c000        0x0
                0x000000000003c000                PROVIDE (__preinit_array_start, .)
 *(.preinit_array)
                0x000000000003c000                PROVIDE (__preinit_array_end, .)

.init_array     0x000000000003c000        0x0
                0x000000000003c000                PROVIDE (__init_array_start, .)
 *(SORT(.init_array.*) SORT(.ctors.*))
 *(.init_array EXCLUDE_FILE(*crtend?.o *crtend.o *crtbegin?.o *crtbegin.o) .ctors)
                0x000000000003c000                PROVIDE (__init_array_end, .)

.fini_array     0x000000000003c000        0x0
                0x000000000003c000                PROVIDE (__fini_array_start, .)
 *(SORT(.fini_array.*) SORT(.dtors.*))
 *(.fini_array EXCLUDE_FILE(*crtend?.o *crtend.o *crtbegin?.o *crtbegin.o) .dtors)
                0x000000000003c000                PROVIDE (__fini_array_end, .)

.ctors
 *crtbegin.o(.ctors)
 *crtbegin?.o(.ctors)
 *(EXCLUDE_FILE(*crtend?.o *crtend.o) .ctors)
 *(SORT(.ctors.*))
 *(.ctors)

.dtors
 *crtbegin.o(.dtors)
 *crtbegin?.o(.dtors)
 *(EXCLUDE_FILE(*crtend?.o *crtend.o) .dtors)
 *(SORT(.dtors.*))
 *(.dtors)

.jcr
 *(.jcr)

.data.rel.ro
 *(.data.rel.ro.local* .gnu.linkonce.d.rel.ro.local.*)
 *(.data.rel.ro .data.rel.ro.* .gnu.linkonce.d.rel.ro.*)

.dynamic
 *(.dynamic)

.got
 *(.got)
 *(.igot)
                0x000000000003c000                . = DATA_SEGMENT_RELRO_END (., (SIZEOF (.got.plt) >= 0xc)?0xc:0x0)

.got.plt        0x000000000003c000        0x0
 *(.got.plt)
 *(.igot.plt)
 .igot.plt      0x0000000000000000        0x0 kernel/kernel.o

.data           0x000000000003c000      0x780
 *(.data .data.* .gnu.linkonce.d.*)
 .data          0x000000000003c000        0x2 kernel/kernel.o
 *fill*         0x000000000003c002        0x2 
 .data          0x000000000003c004        0x0 kernel/start.o
 .data          0x000000000003c004        0x0 kernel/i8259.o
 *fill*         0x000000000003c004       0x1c 
 .data          0x000000000003c020      0x148 kernel/global.o
                0x000000000003c020                task_table
                0x000000000003c0c0                user_proc_table
                0x000000000003c138                sys_call_table
                0x000000000003c14c                dd_map
                0x000000000003c164                fsbuf
 .data          0x000000000003c168        0x0 kernel/protect.o
 .data          0x000000000003c168        0x0 kernel/main.o
 .data          0x000000000003c168        0x0 kernel/clock.o
 .data          0x000000000003c168        0x0 kernel/proc.o
 *fill*         0x000000000003c168       0x18 
 .data          0x000000000003c180      0x600 kernel/keyborad.o
                0x000000000003c180                keymap
 .data          0x000000000003c780        0x0 kernel/tty.o
 .data          0x000000000003c780        0x0 kernel/console.o
 .data          0x000000000003c780        0x0 kernel/printf.o
 .data          0x000000000003c780        0x0 kernel/vsprintf.o
 .data          0x000000000003c780        0x0 kernel/systask.o
 .data          0x000000000003c780        0x0 kernel/message.o
 .data          0x000000000003c780        0x0 kernel/panic.o
 .data          0x000000000003c780        0x0 kernel/hd.o
 .data          0x000000000003c780        0x0 lib/misc.o
 .data          0x000000000003c780        0x0 lib/klib.o
 .data          0x000000000003c780        0x0 lib/open.o
 .data          0x000000000003c780        0x0 lib/close.o
 .data          0x000000000003c780        0x0 lib/read.o
 .data          0x000000000003c780        0x0 lib/write.o
 .data          0x000000000003c780        0x0 lib/getpid.o
 .data          0x000000000003c780        0x0 lib/unlink.o
 .data          0x000000000003c780        0x0 fs/main.o
 .data          0x000000000003c780        0x0 fs/misc.o
 .data          0x000000000003c780        0x0 fs/open.o
 .data          0x000000000003c780        0x0 fs/read_write.o
 .data          0x000000000003c780        0x0 fs/link.o

.data1
 *(.data1)

.sharable_data  0x000000000003d000        0x0
                0x000000000003d000                PROVIDE (__sharable_data_start, .)
 *(.sharable_data .sharable_data.* .gnu.linkonce.shrd.*)
                0x000000000003d000                . = ALIGN ((. != 0x0)?0x1000:0x1)
                0x000000000003d000                PROVIDE (__sharable_data_end, .)
                0x000000000003d000                _edata = .
                0x000000000003d000                PROVIDE (edata, .)
                0x000000000003d000                . = .
                0x000000000003d000                __bss_start = .

.bss            0x000000000003c780    0x3c3c8
 *(.dynbss)
 *(.bss .bss.* .gnu.linkonce.b.*)
 .bss           0x000000000003c780      0x800 kernel/kernel.o
 .bss           0x000000000003cf80        0x0 kernel/start.o
 .bss           0x000000000003cf80        0x0 kernel/i8259.o
 .bss           0x000000000003cf80        0x0 kernel/global.o
 .bss           0x000000000003cf80        0x0 kernel/protect.o
 .bss           0x000000000003cf80        0x0 kernel/main.o
 .bss           0x000000000003cf80        0x0 kernel/clock.o
 .bss           0x000000000003cf80        0x0 kernel/proc.o
 .bss           0x000000000003cf80       0x58 kernel/keyborad.o
 .bss           0x000000000003cfd8        0x0 kernel/tty.o
 .bss           0x000000000003cfd8        0x0 kernel/console.o
 .bss           0x000000000003cfd8        0x0 kernel/printf.o
 .bss           0x000000000003cfd8        0x0 kernel/vsprintf.o
 .bss           0x000000000003cfd8        0x0 kernel/systask.o
 .bss           0x000000000003cfd8        0x0 kernel/message.o
 .bss           0x000000000003cfd8        0x0 kernel/panic.o
 *fill*         0x000000000003cfd8        0x8 
 .bss           0x000000000003cfe0      0x64c kernel/hd.o
 .bss           0x000000000003d62c        0x0 lib/misc.o
 .bss           0x000000000003d62c        0x0 lib/klib.o
 .bss           0x000000000003d62c        0x0 lib/open.o
 .bss           0x000000000003d62c        0x0 lib/close.o
 .bss           0x000000000003d62c        0x0 lib/read.o
 .bss           0x000000000003d62c        0x0 lib/write.o
 .bss           0x000000000003d62c        0x0 lib/getpid.o
 .bss           0x000000000003d62c        0x0 lib/unlink.o
 .bss           0x000000000003d62c        0x0 fs/main.o
 .bss           0x000000000003d62c        0x0 fs/misc.o
 .bss           0x000000000003d62c        0x0 fs/open.o
 .bss           0x000000000003d62c        0x0 fs/read_write.o
 .bss           0x000000000003d62c        0x0 fs/link.o
 *(COMMON)
 *fill*         0x000000000003d62c       0x14 
 COMMON         0x000000000003d640    0x3b508 kernel/global.o
                0x000000000003d640                current_console_id
                0x000000000003d644                idt_ptr
                0x000000000003d660                sb_table
                0x000000000003d840                inode_table
                0x000000000003e340                task_stack
                0x0000000000076340                k_reenter
                0x0000000000076360                gdt
                0x0000000000076760                fd_table
                0x0000000000076a60                tty_table
                0x00000000000776a0                tss
                0x0000000000077720                fs_msg
                0x0000000000077750                root_inode
                0x0000000000077754                disp_pos
                0x0000000000077758                gdt_ptr
                0x0000000000077760                idt
                0x0000000000077f60                ticks
                0x0000000000077f80                console_table
                0x0000000000077fb0                fs_caller
                0x0000000000077fc0                irq_table
                0x0000000000078000                proc_ready
                0x0000000000078020                proc_table
                0x0000000000078b48                . = ALIGN ((. != 0x0)?0x4:0x1)

.sharable_bss   0x0000000000079000        0x0
                0x0000000000079000                PROVIDE (__sharable_bss_start, .)
 *(.dynsharablebss)
 *(.sharable_bss .sharable_bss.* .gnu.linkonce.shrb.*)
 *(SHARABLE_COMMON)
                0x0000000000079000                . = ALIGN ((. != 0x0)?0x1000:0x1)
                0x0000000000079000                PROVIDE (__sharable_bss_end, .)
                0x0000000000079000                . = ALIGN (0x4)
                0x0000000000079000                . = SEGMENT_START ("ldata-segment", .)
                0x0000000000079000                . = ALIGN (0x4)
                0x0000000000079000                _end = .
                0x0000000000079000                PROVIDE (end, .)
                0x0000000000079000                . = DATA_SEGMENT_END (.)

.stab
 *(.stab)

.stabstr
 *(.stabstr)

.stab.excl
 *(.stab.excl)

.stab.exclstr
 *(.stab.exclstr)

.stab.index
 *(.stab.index)

.stab.indexstr
 *(.stab.indexstr)

.comment        0x0000000000000000       0x2c
 *(.comment)
 .comment       0x0000000000000000       0x2c kernel/start.o
                                         0x2d (size before relaxing)
 .comment       0x0000000000000000       0x2d kernel/i8259.o
 .comment       0x0000000000000000       0x2d kernel/global.o
 .comment       0x0000000000000000       0x2d kernel/protect.o
 .comment       0x0000000000000000       0x2d kernel/main.o
 .comment       0x0000000000000000       0x2d kernel/clock.o
 .comment       0x0000000000000000       0x2d kernel/proc.o
 .comment       0x0000000000000000       0x2d kernel/keyborad.o
 .comment       0x0000000000000000       0x2d kernel/tty.o
 .comment       0x0000000000000000       0x2d kernel/console.o
 .comment       0x0000000000000000       0x2d kernel/printf.o
 .comment       0x0000000000000000       0x2d kernel/vsprintf.o
 .comment       0x0000000000000000       0x2d kernel/systask.o
 .comment       0x0000000000000000       0x2d kernel/message.o
 .comment       0x0000000000000000       0x2d kernel/panic.o
 .comment       0x0000000000000000       0x2d kernel/hd.o
 .comment       0x0000000000000000       0x2d lib/misc.o
 .comment       0x0000000000000000       0x2d lib/klib.o
 .comment       0x0000000000000000       0x2d lib/open.o
 .comment       0x0000000000000000       0x2d lib/close.o
 .comment       0x0000000000000000       0x2d lib/read.o
 .comment       0x0000000000000000       0x2d lib/write.o
 .comment       0x0000000000000000       0x2d lib/getpid.o
 .comment       0x0000000000000000       0x2d lib/unlink.o
 .comment       0x0000000000000000       0x2d fs/main.o
 .comment       0x0000000000000000       0x2d fs/misc.o
 .comment       0x0000000000000000       0x2d fs/open.o
 .comment       0x0000000000000000       0x2d fs/read_write.o
 .comment       0x0000000000000000       0x2d fs/link.o

.debug
 *(.debug)

.line
 *(.line)

.debug_srcinfo
 *(.debug_srcinfo)

.debug_sfnames
 *(.debug_sfnames)

.debug_aranges
 *(.debug_aranges)

.debug_pubnames
 *(.debug_pubnames)

.debug_info
 *(.debug_info .gnu.linkonce.wi.*)

.debug_abbrev
 *(.debug_abbrev)

.debug_line
 *(.debug_line)

.debug_frame
 *(.debug_frame)

.debug_str
 *(.debug_str)

.debug_loc
 *(.debug_loc)

.debug_macinfo
 *(.debug_macinfo)

.debug_weaknames
 *(.debug_weaknames)

.debug_funcnames
 *(.debug_funcnames)

.debug_typenames
 *(.debug_typenames)

.debug_varnames
 *(.debug_varnames)

.debug_pubtypes
 *(.debug_pubtypes)

.debug_ranges
 *(.debug_ranges)

.debug_macro
 *(.debug_macro)

.gnu.attributes
 *(.gnu.attributes)

/DISCARD/
 *(.note.GNU-stack)
 *(.gnu_debuglink)
 *(.gnu.lto_*)
 *(.gnu_object_only)
OUTPUT(kernel.bin elf32-i386)
