由于文件 (符号) 而包含了归档成员

lib/vios_crt.a(misc.o)        kernel/main.o (send_recv)
lib/vios_crt.a(klib.o)        mm/main.o (get_boot_params)
lib/vios_crt.a(kliba.o)       kernel/kernel.o (disp_str)
lib/vios_crt.a(string.o)      kernel/start.o (memcpy)
lib/vios_crt.a(open.o)        kernel/main.o (open)
lib/vios_crt.a(close.o)       kernel/main.o (close)
lib/vios_crt.a(read.o)        kernel/main.o (read)
lib/vios_crt.a(write.o)       kernel/main.o (write)
lib/vios_crt.a(getpid.o)      kernel/main.o (getpid)
lib/vios_crt.a(fork.o)        kernel/main.o (fork)
lib/vios_crt.a(wait.o)        kernel/main.o (wait)
lib/vios_crt.a(printf.o)      kernel/main.o (printf)
lib/vios_crt.a(vsprintf.o)    kernel/proc.o (vsprintf)
lib/vios_crt.a(syscall.o)     lib/vios_crt.a(printf.o) (printx)
lib/vios_crt.a(exec.o)        kernel/main.o (execv)
lib/vios_crt.a(stat.o)        mm/exec.o (stat)
lib/vios_crt.a(lseek.o)       kernel/main.o (lseek)
lib/vios_crt.a(bitmap.o)      kernel/sched.o (bitmap_init)

分配公共符号
公共符号            大小              文件

current_console_id  0x4               kernel/global.o
idt_ptr             0x6               kernel/global.o
sb_table            0x1e0             kernel/global.o
inode_table         0xb00             kernel/global.o
task_stack          0x24000           kernel/global.o
k_reenter           0x4               kernel/global.o
gdt                 0x400             kernel/global.o
fd_table            0x400             kernel/global.o
tty_table           0xc6c             kernel/global.o
tss                 0x64              kernel/global.o
fs_msg              0x30              kernel/global.o
memory_size         0x4               kernel/global.o
root_inode          0x4               kernel/global.o
disp_pos            0x4               kernel/global.o
prio_array_2        0x12              kernel/global.o
mm_msg              0x30              kernel/global.o
key_pressed         0x4               kernel/global.o
runqueue            0x8f4             kernel/global.o
gdt_ptr             0x6               kernel/global.o
idt                 0x800             kernel/global.o
ticks               0x4               kernel/global.o
console_table       0x3c              kernel/global.o
fs_caller           0x4               kernel/global.o
irq_table           0x40              kernel/global.o
proc_ready          0x4               kernel/global.o
prio_array_1        0x12              kernel/global.o
proc_table          0x40c0            kernel/global.o

舍弃的输入节

 .note.GNU-stack
                0x0000000000000000        0x0 kernel/start.o
 .note.GNU-stack
                0x0000000000000000        0x0 kernel/i8259.o
 .note.GNU-stack
                0x0000000000000000        0x0 kernel/global.o
 .note.GNU-stack
                0x0000000000000000        0x0 kernel/protect.o
 .note.GNU-stack
                0x0000000000000000        0x0 kernel/main.o
 .note.GNU-stack
                0x0000000000000000        0x0 kernel/clock.o
 .note.GNU-stack
                0x0000000000000000        0x0 kernel/proc.o
 .note.GNU-stack
                0x0000000000000000        0x0 kernel/hd.o
 .note.GNU-stack
                0x0000000000000000        0x0 kernel/sched.o
 .note.GNU-stack
                0x0000000000000000        0x0 kernel/keyborad.o
 .note.GNU-stack
                0x0000000000000000        0x0 kernel/tty.o
 .note.GNU-stack
                0x0000000000000000        0x0 kernel/console.o
 .note.GNU-stack
                0x0000000000000000        0x0 kernel/systask.o
 .note.GNU-stack
                0x0000000000000000        0x0 kernel/message.o
 .note.GNU-stack
                0x0000000000000000        0x0 kernel/panic.o
 .note.GNU-stack
                0x0000000000000000        0x0 fs/main.o
 .note.GNU-stack
                0x0000000000000000        0x0 fs/misc.o
 .note.GNU-stack
                0x0000000000000000        0x0 fs/open.o
 .note.GNU-stack
                0x0000000000000000        0x0 fs/read_write.o
 .note.GNU-stack
                0x0000000000000000        0x0 fs/link.o
 .note.GNU-stack
                0x0000000000000000        0x0 fs/stat.o
 .note.GNU-stack
                0x0000000000000000        0x0 mm/main.o
 .note.GNU-stack
                0x0000000000000000        0x0 mm/fork_exit.o
 .note.GNU-stack
                0x0000000000000000        0x0 mm/exec.o
 .note.GNU-stack
                0x0000000000000000        0x0 lib/vios_crt.a(misc.o)
 .note.GNU-stack
                0x0000000000000000        0x0 lib/vios_crt.a(klib.o)
 .note.GNU-stack
                0x0000000000000000        0x0 lib/vios_crt.a(open.o)
 .note.GNU-stack
                0x0000000000000000        0x0 lib/vios_crt.a(close.o)
 .note.GNU-stack
                0x0000000000000000        0x0 lib/vios_crt.a(read.o)
 .note.GNU-stack
                0x0000000000000000        0x0 lib/vios_crt.a(write.o)
 .note.GNU-stack
                0x0000000000000000        0x0 lib/vios_crt.a(getpid.o)
 .note.GNU-stack
                0x0000000000000000        0x0 lib/vios_crt.a(fork.o)
 .note.GNU-stack
                0x0000000000000000        0x0 lib/vios_crt.a(wait.o)
 .note.GNU-stack
                0x0000000000000000        0x0 lib/vios_crt.a(printf.o)
 .note.GNU-stack
                0x0000000000000000        0x0 lib/vios_crt.a(vsprintf.o)
 .note.GNU-stack
                0x0000000000000000        0x0 lib/vios_crt.a(exec.o)
 .note.GNU-stack
                0x0000000000000000        0x0 lib/vios_crt.a(stat.o)
 .note.GNU-stack
                0x0000000000000000        0x0 lib/vios_crt.a(lseek.o)
 .note.GNU-stack
                0x0000000000000000        0x0 lib/vios_crt.a(bitmap.o)

内存配置

名称           来源             长度             属性
*default*        0x0000000000000000 0xffffffffffffffff

链结器命令稿和内存映射

段 .text 的地址设置为 0x1000
LOAD kernel/kernel.o
LOAD kernel/start.o
LOAD kernel/i8259.o
LOAD kernel/global.o
LOAD kernel/protect.o
LOAD kernel/main.o
LOAD kernel/clock.o
LOAD kernel/proc.o
LOAD kernel/hd.o
LOAD kernel/sched.o
LOAD kernel/keyborad.o
LOAD kernel/tty.o
LOAD kernel/console.o
LOAD kernel/systask.o
LOAD kernel/message.o
LOAD kernel/panic.o
LOAD fs/main.o
LOAD fs/misc.o
LOAD fs/open.o
LOAD fs/read_write.o
LOAD fs/link.o
LOAD fs/stat.o
LOAD mm/main.o
LOAD mm/fork_exit.o
LOAD mm/exec.o
LOAD lib/vios_crt.a
                [!provide]                        PROVIDE (__executable_start, 0x8048000)
                0x0000000008048094                . = (0x8048000 + SIZEOF_HEADERS)

.interp
 *(.interp)

.note.gnu.build-id
 *(.note.gnu.build-id)

.hash
 *(.hash)

.gnu.hash
 *(.gnu.hash)

.dynsym
 *(.dynsym)

.dynstr
 *(.dynstr)

.gnu.version
 *(.gnu.version)

.gnu.version_d
 *(.gnu.version_d)

.gnu.version_r
 *(.gnu.version_r)

.rel.dyn        0x0000000008048094        0x0
 *(.rel.init)
 *(.rel.text .rel.text.* .rel.gnu.linkonce.t.*)
 .rel.text      0x0000000008048094        0x0 kernel/kernel.o
 *(.rel.fini)
 *(.rel.rodata .rel.rodata.* .rel.gnu.linkonce.r.*)
 *(.rel.data.rel.ro .rel.data.rel.ro.* .rel.gnu.linkonce.d.rel.ro.*)
 *(.rel.data .rel.data.* .rel.gnu.linkonce.d.*)
 .rel.data      0x0000000008048094        0x0 kernel/kernel.o
 *(.rel.tdata .rel.tdata.* .rel.gnu.linkonce.td.*)
 *(.rel.tbss .rel.tbss.* .rel.gnu.linkonce.tb.*)
 *(.rel.ctors)
 *(.rel.dtors)
 *(.rel.got)
 *(.rel.bss .rel.bss.* .rel.gnu.linkonce.b.*)
 *(.rel.ifunc)

.rel.plt        0x0000000008048094        0x0
 *(.rel.plt)
                [!provide]                        PROVIDE (__rel_iplt_start, .)
 *(.rel.iplt)
 .rel.iplt      0x0000000008048094        0x0 kernel/kernel.o
                [!provide]                        PROVIDE (__rel_iplt_end, .)

.init
 *(SORT(.init))

.plt            0x00000000080480a0        0x0
 *(.plt)
 *(.iplt)
 .iplt          0x00000000080480a0        0x0 kernel/kernel.o

.plt.got
 *(.plt.got)

.text           0x0000000000001000     0xb8de
 *(.text.unlikely .text.*_unlikely .text.unlikely.*)
 *(.text.exit .text.exit.*)
 *(.text.startup .text.startup.*)
 *(.text.hot .text.hot.*)
 *(.text .stub .text.* .gnu.linkonce.t.*)
 .text          0x0000000000001000      0x410 kernel/kernel.o
                0x0000000000001000                _start
                0x0000000000001040                hwint00
                0x0000000000001070                hwint01
                0x00000000000010a0                hwint02
                0x00000000000010d0                hwint03
                0x0000000000001100                hwint04
                0x0000000000001130                hwint05
                0x0000000000001160                hwint06
                0x0000000000001190                hwint07
                0x00000000000011c0                hwint08
                0x00000000000011f0                hwint09
                0x0000000000001220                hwint10
                0x0000000000001250                hwint11
                0x0000000000001280                hwint12
                0x00000000000012b0                hwint13
                0x00000000000012e0                hwint14
                0x0000000000001310                hwint15
                0x0000000000001334                divide_error
                0x000000000000133a                single_step_exception
                0x0000000000001340                nmi
                0x0000000000001346                breakpoint_exception
                0x000000000000134c                overflow
                0x0000000000001352                bounds_check
                0x0000000000001358                inval_opcode
                0x000000000000135e                copr_not_available
                0x0000000000001364                double_fault
                0x0000000000001368                copr_seg_overrun
                0x000000000000136e                inval_tss
                0x0000000000001372                segment_not_present
                0x0000000000001376                stack_exception
                0x000000000000137a                general_protection
                0x000000000000137e                page_fault
                0x0000000000001382                copr_error
                0x0000000000001391                sys_call
                0x00000000000013eb                restart
 .text          0x0000000000001410       0x95 kernel/start.o
                0x0000000000001410                cstart
 .text          0x00000000000014a5      0x130 kernel/i8259.o
                0x00000000000014a5                init_8259A
                0x000000000000157a                spurious_irq
                0x00000000000015b1                put_irq_handler
 .text          0x00000000000015d5        0x0 kernel/global.o
 .text          0x00000000000015d5      0x649 kernel/protect.o
                0x00000000000015d5                get_seg_base
                0x0000000000001624                init_descriptor
                0x00000000000016fb                protect_init
                0x0000000000001af5                exception_handler
 .text          0x0000000000001c1e      0xb59 kernel/main.o
                0x0000000000001c1e                kernel_main
                0x0000000000002044                get_ticks
                0x0000000000002078                untar
                0x00000000000022f5                shell
                0x00000000000025ef                init
                0x000000000000275f                test
 .text          0x0000000000002777      0x129 kernel/clock.o
                0x0000000000002777                clock_init
                0x00000000000027cf                clock_handler
                0x0000000000002841                sched_clock
                0x0000000000002866                milli_delay
 .text          0x00000000000028a0      0x1e9 kernel/proc.o
                0x00000000000028a0                sys_get_ticks
                0x00000000000028aa                sys_write
                0x00000000000028dd                ldt_seg_linear
                0x0000000000002927                va2la
                0x0000000000002991                tty_write
                0x0000000000002a5f                proc_info
 .text          0x0000000000002a89      0xe2f kernel/hd.o
                0x00000000000037d1                task_hd
                0x000000000000388d                hd_handler
 .text          0x00000000000038b8      0xdae kernel/sched.o
                0x0000000000003f92                activate_task
                0x0000000000003fe6                deactivate_task
                0x0000000000004045                sched_tick_new
                0x00000000000041eb                sched_tick
                0x000000000000420b                schedule_new
                0x0000000000004417                schedule
                0x00000000000044b7                block
                0x00000000000044d8                unblock
                0x000000000000451a                task_prio
                0x0000000000004528                task_nice
                0x0000000000004536                sched_init
 .text          0x0000000000004666      0x6d0 kernel/keyborad.o
                0x0000000000004709                keyboard_init
                0x00000000000047b8                keyboard_handler
                0x000000000000487f                keyboard_read
 .text          0x0000000000004d36      0xaa7 kernel/tty.o
                0x0000000000004d36                tty_init
                0x0000000000005175                task_tty
                0x0000000000005328                in_process
                0x00000000000054b9                sys_printx
                0x0000000000005675                dump_tty_buf
 .text          0x00000000000057dd      0x93d kernel/console.o
                0x00000000000058eb                scroll_screen
                0x0000000000005b3a                out_char
                0x0000000000005e4c                screen_init
                0x0000000000005fdd                is_current_console
                0x0000000000006000                select_console
                0x000000000000605f                clear_console
 .text          0x000000000000611a      0x2ba kernel/systask.o
                0x00000000000062e6                task_sys
 .text          0x00000000000063d4     0x15fb kernel/message.o
                0x00000000000063d4                reset_msg
                0x00000000000071cf                sys_sendrec
                0x00000000000072f8                inform_int
                0x000000000000748b                dump_proc
                0x00000000000078b8                dump_msg
 .text          0x00000000000079cf       0x49 kernel/panic.o
                0x00000000000079cf                panic
 .text          0x0000000000007a18     0x1089 fs/main.o
                0x0000000000007a18                rw_sector
                0x0000000000007bd5                get_super_block
                0x0000000000007c1b                get_inode
                0x0000000000007d7e                dec_inode
                0x0000000000007db9                sync_inode
                0x0000000000007eb8                new_inode
                0x0000000000008961                task_fs
 .text          0x0000000000008aa1      0x1e1 fs/misc.o
                0x0000000000008aa1                strip_path
                0x0000000000008b2c                search_file
 .text          0x0000000000008c82      0xb18 fs/open.o
                0x00000000000091ee                do_open
                0x0000000000009676                do_close
                0x00000000000096ed                do_lseek
 .text          0x000000000000979a      0x509 fs/read_write.o
                0x000000000000979a                do_rdwt
 .text          0x0000000000009ca3      0x7e5 fs/link.o
                0x0000000000009ca3                do_unlink
 .text          0x000000000000a488      0x1d1 fs/stat.o
                0x000000000000a488                do_stat
 .text          0x000000000000a659      0x1b1 mm/main.o
                0x000000000000a692                alloc_mem
                0x000000000000a70d                free_mem
                0x000000000000a717                task_mm
 .text          0x000000000000a80a      0x834 mm/fork_exit.o
                0x000000000000a88e                do_fork
                0x000000000000ac0b                do_exit
                0x000000000000aee9                do_wait
 .text          0x000000000000b03e      0x37d mm/exec.o
                0x000000000000b03e                do_exec
 .text          0x000000000000b3bb      0x2eb lib/vios_crt.a(misc.o)
                0x000000000000b3bb                send_recv
                0x000000000000b475                spin
                0x000000000000b490                assertion_failure
                0x000000000000b4c9                memcmp
                0x000000000000b53f                strcmp
                0x000000000000b5b2                strncmp
                0x000000000000b647                strcat
 .text          0x000000000000b6a6      0x370 lib/vios_crt.a(klib.o)
                0x000000000000b6a6                get_boot_params
                0x000000000000b72c                get_kernel_map
                0x000000000000b83c                itoa
                0x000000000000b8e7                disp_int
                0x000000000000b90e                disp_color_int
                0x000000000000b938                delay
                0x000000000000b97f                dump
 *fill*         0x000000000000ba16        0xa 
 .text          0x000000000000ba20      0x184 lib/vios_crt.a(kliba.o)
                0x000000000000ba20                disp_str
                0x000000000000ba5e                disp_color_str
                0x000000000000ba9d                out_byte
                0x000000000000baa9                in_byte
                0x000000000000bab3                enable_irq
                0x000000000000bad2                disable_irq
                0x000000000000baf1                enable_int
                0x000000000000baf3                disable_int
                0x000000000000baf5                port_read
                0x000000000000bb08                port_write
                0x000000000000bb1b                glitter
 *fill*         0x000000000000bba4        0xc 
 .text          0x000000000000bbb0       0x95 lib/vios_crt.a(string.o)
                0x000000000000bbb0                memcpy
                0x000000000000bbd9                memset
                0x000000000000bbfa                strcpy
                0x000000000000bc12                strlen
                0x000000000000bc28                strncpy
 .text          0x000000000000bc45       0x63 lib/vios_crt.a(open.o)
                0x000000000000bc45                open
 .text          0x000000000000bca8       0x2b lib/vios_crt.a(close.o)
                0x000000000000bca8                close
 .text          0x000000000000bcd3       0x37 lib/vios_crt.a(read.o)
                0x000000000000bcd3                read
 .text          0x000000000000bd0a       0x37 lib/vios_crt.a(write.o)
                0x000000000000bd0a                write
 .text          0x000000000000bd41       0x46 lib/vios_crt.a(getpid.o)
                0x000000000000bd41                getpid
 .text          0x000000000000bd87       0x66 lib/vios_crt.a(fork.o)
                0x000000000000bd87                fork
 .text          0x000000000000bded       0x3c lib/vios_crt.a(wait.o)
                0x000000000000bded                wait
 .text          0x000000000000be29       0xc9 lib/vios_crt.a(printf.o)
                0x000000000000be29                printf
                0x000000000000bea2                printk
 .text          0x000000000000bef2      0x30b lib/vios_crt.a(vsprintf.o)
                0x000000000000bf50                vsprintf
                0x000000000000c1d7                sprintf
 *fill*         0x000000000000c1fd        0x3 
 .text          0x000000000000c200       0x38 lib/vios_crt.a(syscall.o)
                0x000000000000c200                get_ticks0
                0x000000000000c208                write0
                0x000000000000c218                printx
                0x000000000000c224                sendrec
 .text          0x000000000000c238      0x237 lib/vios_crt.a(exec.o)
                0x000000000000c238                exec
                0x000000000000c2a3                execl
                0x000000000000c2c8                execv
 .text          0x000000000000c46f       0x63 lib/vios_crt.a(stat.o)
                0x000000000000c46f                stat
 .text          0x000000000000c4d2       0x37 lib/vios_crt.a(lseek.o)
                0x000000000000c4d2                lseek
 .text          0x000000000000c509      0x3d5 lib/vios_crt.a(bitmap.o)
                0x000000000000c509                bitmap_init
                0x000000000000c545                bitmap_get
                0x000000000000c585                bitmap_alloc
                0x000000000000c676                bitmap_set
                0x000000000000c727                bitmap_alloc_and_set
                0x000000000000c772                bitmap_find_first_one
                0x000000000000c7fc                bitmap_view
                0x000000000000c8b9                bitmap_clear
 *(.gnu.warning)

.fini
 *(SORT(.fini))
                [!provide]                        PROVIDE (__etext, .)
                [!provide]                        PROVIDE (_etext, .)
                [!provide]                        PROVIDE (etext, .)

.rodata         0x000000000000c8e0     0x1e1c
 *(.rodata .rodata.* .gnu.linkonce.r.*)
 .rodata        0x000000000000c8e0       0x2c kernel/start.o
 .rodata        0x000000000000c90c       0x11 kernel/i8259.o
 *fill*         0x000000000000c91d        0x3 
 .rodata        0x000000000000c920        0x8 kernel/global.o
                0x000000000000c920                FSBUF_SIZE
                0x000000000000c924                MMBUF_SIZE
 *fill*         0x000000000000c928       0x18 
 .rodata        0x000000000000c940      0x290 kernel/protect.o
 .rodata        0x000000000000cbd0      0x293 kernel/main.o
 .rodata        0x000000000000ce63       0x21 kernel/proc.o
 .rodata        0x000000000000ce84      0x1fc kernel/hd.o
 .rodata        0x000000000000d080       0x21 kernel/sched.o
 *fill*         0x000000000000d0a1        0x3 
 .rodata        0x000000000000d0a4       0x64 kernel/keyborad.o
 .rodata        0x000000000000d108       0xc6 kernel/tty.o
 *fill*         0x000000000000d1ce        0x2 
 .rodata        0x000000000000d1d0       0x81 kernel/console.o
 .rodata        0x000000000000d251       0x11 kernel/systask.o
 *fill*         0x000000000000d262        0x2 
 .rodata        0x000000000000d264      0x586 kernel/message.o
 .rodata        0x000000000000d7ea       0x10 kernel/panic.o
 *fill*         0x000000000000d7fa        0x2 
 .rodata        0x000000000000d7fc      0x258 fs/main.o
 .rodata        0x000000000000da54      0x1df fs/open.o
 *fill*         0x000000000000dc33        0x1 
 .rodata        0x000000000000dc34      0x1ec fs/read_write.o
 .rodata        0x000000000000de20      0x18c fs/link.o
 .rodata        0x000000000000dfac       0x8c fs/stat.o
 .rodata        0x000000000000e038       0xb8 mm/main.o
 .rodata        0x000000000000e0f0      0x2b6 mm/fork_exit.o
 *fill*         0x000000000000e3a6        0x2 
 .rodata        0x000000000000e3a8       0xa6 mm/exec.o
 *fill*         0x000000000000e44e        0x2 
 .rodata        0x000000000000e450       0xb8 lib/vios_crt.a(misc.o)
 .rodata        0x000000000000e508       0x85 lib/vios_crt.a(klib.o)
 .rodata        0x000000000000e58d       0x23 lib/vios_crt.a(open.o)
 .rodata        0x000000000000e5b0       0x25 lib/vios_crt.a(getpid.o)
 .rodata        0x000000000000e5d5       0x33 lib/vios_crt.a(fork.o)
 .rodata        0x000000000000e608       0x19 lib/vios_crt.a(printf.o)
 *fill*         0x000000000000e621        0x3 
 .rodata        0x000000000000e624       0x87 lib/vios_crt.a(exec.o)
 .rodata        0x000000000000e6ab       0x23 lib/vios_crt.a(stat.o)
 .rodata        0x000000000000e6ce       0x2e lib/vios_crt.a(bitmap.o)

.rodata1
 *(.rodata1)

.eh_frame_hdr
 *(.eh_frame_hdr)
 *(.eh_frame_entry .eh_frame_entry.*)

.eh_frame       0x000000000000e6fc     0x1744
 *(.eh_frame)
 .eh_frame      0x000000000000e6fc       0x38 kernel/start.o
 .eh_frame      0x000000000000e734       0x60 kernel/i8259.o
                                         0x78 (松开之前的大小)
 .eh_frame      0x000000000000e794       0xb0 kernel/protect.o
                                         0xc8 (松开之前的大小)
 .eh_frame      0x000000000000e844       0xb0 kernel/main.o
                                         0xc8 (松开之前的大小)
 .eh_frame      0x000000000000e8f4       0x80 kernel/clock.o
                                         0x98 (松开之前的大小)
 .eh_frame      0x000000000000e974       0xe0 kernel/proc.o
                                         0xf8 (松开之前的大小)
 .eh_frame      0x000000000000ea54      0x1f0 kernel/hd.o
                                        0x208 (松开之前的大小)
 .eh_frame      0x000000000000ec44      0x378 kernel/sched.o
                                        0x390 (松开之前的大小)
 .eh_frame      0x000000000000efbc       0xe0 kernel/keyborad.o
                                         0xf8 (松开之前的大小)
 .eh_frame      0x000000000000f09c      0x13c kernel/tty.o
                                        0x154 (松开之前的大小)
 .eh_frame      0x000000000000f1d8      0x164 kernel/console.o
                                        0x17c (松开之前的大小)
 .eh_frame      0x000000000000f33c       0x5c kernel/systask.o
                                         0x74 (松开之前的大小)
 .eh_frame      0x000000000000f398      0x118 kernel/message.o
                                        0x130 (松开之前的大小)
 .eh_frame      0x000000000000f4b0       0x20 kernel/panic.o
                                         0x38 (松开之前的大小)
 .eh_frame      0x000000000000f4d0      0x190 fs/main.o
                                        0x1a8 (松开之前的大小)
 .eh_frame      0x000000000000f660       0x44 fs/misc.o
                                         0x5c (松开之前的大小)
 .eh_frame      0x000000000000f6a4      0x100 fs/open.o
                                        0x118 (松开之前的大小)
 .eh_frame      0x000000000000f7a4       0x2c fs/read_write.o
                                         0x44 (松开之前的大小)
 .eh_frame      0x000000000000f7d0       0x2c fs/link.o
                                         0x44 (松开之前的大小)
 .eh_frame      0x000000000000f7fc       0x24 fs/stat.o
                                         0x3c (松开之前的大小)
 .eh_frame      0x000000000000f820       0x7c mm/main.o
                                         0x94 (松开之前的大小)
 .eh_frame      0x000000000000f89c       0x90 mm/fork_exit.o
                                         0xa8 (松开之前的大小)
 .eh_frame      0x000000000000f92c       0x2c mm/exec.o
                                         0x44 (松开之前的大小)
 .eh_frame      0x000000000000f958       0xdc lib/vios_crt.a(misc.o)
                                         0xf4 (松开之前的大小)
 .eh_frame      0x000000000000fa34       0xe0 lib/vios_crt.a(klib.o)
                                         0xf8 (松开之前的大小)
 .eh_frame      0x000000000000fb14       0x20 lib/vios_crt.a(open.o)
                                         0x38 (松开之前的大小)
 .eh_frame      0x000000000000fb34       0x20 lib/vios_crt.a(close.o)
                                         0x38 (松开之前的大小)
 .eh_frame      0x000000000000fb54       0x20 lib/vios_crt.a(read.o)
                                         0x38 (松开之前的大小)
 .eh_frame      0x000000000000fb74       0x20 lib/vios_crt.a(write.o)
                                         0x38 (松开之前的大小)
 .eh_frame      0x000000000000fb94       0x20 lib/vios_crt.a(getpid.o)
                                         0x38 (松开之前的大小)
 .eh_frame      0x000000000000fbb4       0x20 lib/vios_crt.a(fork.o)
                                         0x38 (松开之前的大小)
 .eh_frame      0x000000000000fbd4       0x20 lib/vios_crt.a(wait.o)
                                         0x38 (松开之前的大小)
 .eh_frame      0x000000000000fbf4       0x40 lib/vios_crt.a(printf.o)
                                         0x58 (松开之前的大小)
 .eh_frame      0x000000000000fc34       0x60 lib/vios_crt.a(vsprintf.o)
                                         0x78 (松开之前的大小)
 .eh_frame      0x000000000000fc94       0x60 lib/vios_crt.a(exec.o)
                                         0x78 (松开之前的大小)
 .eh_frame      0x000000000000fcf4       0x20 lib/vios_crt.a(stat.o)
                                         0x38 (松开之前的大小)
 .eh_frame      0x000000000000fd14       0x20 lib/vios_crt.a(lseek.o)
                                         0x38 (松开之前的大小)
 .eh_frame      0x000000000000fd34      0x10c lib/vios_crt.a(bitmap.o)
                                        0x124 (松开之前的大小)
 *(.eh_frame.*)

.gcc_except_table
 *(.gcc_except_table .gcc_except_table.*)

.gnu_extab
 *(.gnu_extab*)

.exception_ranges
 *(.exception_ranges .exception_ranges*)
                0x0000000000010000                . = DATA_SEGMENT_ALIGN (0x1000, 0x1000)

.eh_frame
 *(.eh_frame)
 *(.eh_frame.*)

.gnu_extab
 *(.gnu_extab)

.gcc_except_table
 *(.gcc_except_table .gcc_except_table.*)

.exception_ranges
 *(.exception_ranges .exception_ranges*)

.tdata
 *(.tdata .tdata.* .gnu.linkonce.td.*)

.tbss
 *(.tbss .tbss.* .gnu.linkonce.tb.*)
 *(.tcommon)

.preinit_array  0x0000000000010000        0x0
                [!provide]                        PROVIDE (__preinit_array_start, .)
 *(.preinit_array)
                [!provide]                        PROVIDE (__preinit_array_end, .)

.init_array     0x0000000000010000        0x0
                [!provide]                        PROVIDE (__init_array_start, .)
 *(SORT(.init_array.*) SORT(.ctors.*))
 *(.init_array EXCLUDE_FILE(*crtend?.o *crtend.o *crtbegin?.o *crtbegin.o) .ctors)
                [!provide]                        PROVIDE (__init_array_end, .)

.fini_array     0x0000000000010000        0x0
                [!provide]                        PROVIDE (__fini_array_start, .)
 *(SORT(.fini_array.*) SORT(.dtors.*))
 *(.fini_array EXCLUDE_FILE(*crtend?.o *crtend.o *crtbegin?.o *crtbegin.o) .dtors)
                [!provide]                        PROVIDE (__fini_array_end, .)

.ctors
 *crtbegin.o(.ctors)
 *crtbegin?.o(.ctors)
 *(EXCLUDE_FILE(*crtend?.o *crtend.o) .ctors)
 *(SORT(.ctors.*))
 *(.ctors)

.dtors
 *crtbegin.o(.dtors)
 *crtbegin?.o(.dtors)
 *(EXCLUDE_FILE(*crtend?.o *crtend.o) .dtors)
 *(SORT(.dtors.*))
 *(.dtors)

.jcr
 *(.jcr)

.data.rel.ro
 *(.data.rel.ro.local* .gnu.linkonce.d.rel.ro.local.*)
 *(.data.rel.ro .data.rel.ro.* .gnu.linkonce.d.rel.ro.*)

.dynamic
 *(.dynamic)

.got
 *(.got)
 *(.igot)
                0x0000000000010000                . = DATA_SEGMENT_RELRO_END (., (SIZEOF (.got.plt) >= 0xc)?0xc:0x0)

.got.plt        0x0000000000010000        0x0
 *(.got.plt)
 *(.igot.plt)
 .igot.plt      0x0000000000010000        0x0 kernel/kernel.o

.data           0x0000000000010000      0x7a0
 *(.data .data.* .gnu.linkonce.d.*)
 .data          0x0000000000010000        0x2 kernel/kernel.o
 .data          0x0000000000010002        0x0 kernel/start.o
 .data          0x0000000000010002        0x0 kernel/i8259.o
 *fill*         0x0000000000010002       0x1e 
 .data          0x0000000000010020      0x164 kernel/global.o
                0x0000000000010020                task_table
                0x0000000000010100                user_proc_table
                0x0000000000010150                sys_call_table
                0x0000000000010164                dd_map
                0x000000000001017c                fsbuf
                0x0000000000010180                mmbuf
 .data          0x0000000000010184        0x0 kernel/protect.o
 .data          0x0000000000010184        0x0 kernel/main.o
 .data          0x0000000000010184        0x0 kernel/clock.o
 .data          0x0000000000010184        0x0 kernel/proc.o
 .data          0x0000000000010184        0x0 kernel/hd.o
 .data          0x0000000000010184        0x0 kernel/sched.o
 *fill*         0x0000000000010184       0x1c 
 .data          0x00000000000101a0      0x600 kernel/keyborad.o
                0x00000000000101a0                keymap
 .data          0x00000000000107a0        0x0 kernel/tty.o
 .data          0x00000000000107a0        0x0 kernel/console.o
 .data          0x00000000000107a0        0x0 kernel/systask.o
 .data          0x00000000000107a0        0x0 kernel/message.o
 .data          0x00000000000107a0        0x0 kernel/panic.o
 .data          0x00000000000107a0        0x0 fs/main.o
 .data          0x00000000000107a0        0x0 fs/misc.o
 .data          0x00000000000107a0        0x0 fs/open.o
 .data          0x00000000000107a0        0x0 fs/read_write.o
 .data          0x00000000000107a0        0x0 fs/link.o
 .data          0x00000000000107a0        0x0 fs/stat.o
 .data          0x00000000000107a0        0x0 mm/main.o
 .data          0x00000000000107a0        0x0 mm/fork_exit.o
 .data          0x00000000000107a0        0x0 mm/exec.o
 .data          0x00000000000107a0        0x0 lib/vios_crt.a(misc.o)
 .data          0x00000000000107a0        0x0 lib/vios_crt.a(klib.o)
 .data          0x00000000000107a0        0x0 lib/vios_crt.a(open.o)
 .data          0x00000000000107a0        0x0 lib/vios_crt.a(close.o)
 .data          0x00000000000107a0        0x0 lib/vios_crt.a(read.o)
 .data          0x00000000000107a0        0x0 lib/vios_crt.a(write.o)
 .data          0x00000000000107a0        0x0 lib/vios_crt.a(getpid.o)
 .data          0x00000000000107a0        0x0 lib/vios_crt.a(fork.o)
 .data          0x00000000000107a0        0x0 lib/vios_crt.a(wait.o)
 .data          0x00000000000107a0        0x0 lib/vios_crt.a(printf.o)
 .data          0x00000000000107a0        0x0 lib/vios_crt.a(vsprintf.o)
 .data          0x00000000000107a0        0x0 lib/vios_crt.a(exec.o)
 .data          0x00000000000107a0        0x0 lib/vios_crt.a(stat.o)
 .data          0x00000000000107a0        0x0 lib/vios_crt.a(lseek.o)
 .data          0x00000000000107a0        0x0 lib/vios_crt.a(bitmap.o)

.data1
 *(.data1)
                0x00000000000107a0                _edata = .
                [!provide]                        PROVIDE (edata, .)
                0x00000000000107a0                . = .
                0x00000000000107a0                __bss_start = .

.bss            0x00000000000107a0    0x2c420
 *(.dynbss)
 *(.bss .bss.* .gnu.linkonce.b.*)
 .bss           0x00000000000107a0      0x800 kernel/kernel.o
 .bss           0x0000000000010fa0        0x0 kernel/start.o
 .bss           0x0000000000010fa0        0x0 kernel/i8259.o
 .bss           0x0000000000010fa0        0x4 kernel/global.o
                0x0000000000010fa0                isPreemptDisabled
 .bss           0x0000000000010fa4        0x0 kernel/protect.o
 .bss           0x0000000000010fa4        0x0 kernel/main.o
 .bss           0x0000000000010fa4        0x0 kernel/clock.o
 .bss           0x0000000000010fa4        0x0 kernel/proc.o
 *fill*         0x0000000000010fa4       0x1c 
 .bss           0x0000000000010fc0      0x64c kernel/hd.o
 .bss           0x000000000001160c        0x0 kernel/sched.o
 *fill*         0x000000000001160c       0x14 
 .bss           0x0000000000011620       0x58 kernel/keyborad.o
 .bss           0x0000000000011678        0x0 kernel/tty.o
 .bss           0x0000000000011678        0x0 kernel/console.o
 .bss           0x0000000000011678        0x0 kernel/systask.o
 .bss           0x0000000000011678        0x0 kernel/message.o
 .bss           0x0000000000011678        0x0 kernel/panic.o
 .bss           0x0000000000011678        0x0 fs/main.o
 .bss           0x0000000000011678        0x0 fs/misc.o
 .bss           0x0000000000011678        0x0 fs/open.o
 .bss           0x0000000000011678        0x0 fs/read_write.o
 .bss           0x0000000000011678        0x0 fs/link.o
 .bss           0x0000000000011678        0x0 fs/stat.o
 .bss           0x0000000000011678        0x0 mm/main.o
 .bss           0x0000000000011678        0x0 mm/fork_exit.o
 .bss           0x0000000000011678        0x0 mm/exec.o
 .bss           0x0000000000011678        0x0 lib/vios_crt.a(misc.o)
 .bss           0x0000000000011678        0x0 lib/vios_crt.a(klib.o)
 .bss           0x0000000000011678        0x0 lib/vios_crt.a(open.o)
 .bss           0x0000000000011678        0x0 lib/vios_crt.a(close.o)
 .bss           0x0000000000011678        0x0 lib/vios_crt.a(read.o)
 .bss           0x0000000000011678        0x0 lib/vios_crt.a(write.o)
 .bss           0x0000000000011678        0x0 lib/vios_crt.a(getpid.o)
 .bss           0x0000000000011678        0x0 lib/vios_crt.a(fork.o)
 .bss           0x0000000000011678        0x0 lib/vios_crt.a(wait.o)
 .bss           0x0000000000011678        0x0 lib/vios_crt.a(printf.o)
 .bss           0x0000000000011678        0x0 lib/vios_crt.a(vsprintf.o)
 .bss           0x0000000000011678        0x0 lib/vios_crt.a(exec.o)
 .bss           0x0000000000011678        0x0 lib/vios_crt.a(stat.o)
 .bss           0x0000000000011678        0x0 lib/vios_crt.a(lseek.o)
 .bss           0x0000000000011678        0x0 lib/vios_crt.a(bitmap.o)
 *(COMMON)
 *fill*         0x0000000000011678        0x8 
 COMMON         0x0000000000011680    0x2b540 kernel/global.o
                0x0000000000011680                current_console_id
                0x0000000000011684                idt_ptr
                0x00000000000116a0                sb_table
                0x0000000000011880                inode_table
                0x0000000000012380                task_stack
                0x0000000000036380                k_reenter
                0x00000000000363a0                gdt
                0x00000000000367a0                fd_table
                0x0000000000036ba0                tty_table
                0x0000000000037820                tss
                0x00000000000378a0                fs_msg
                0x00000000000378d0                memory_size
                0x00000000000378d4                root_inode
                0x00000000000378d8                disp_pos
                0x00000000000378dc                prio_array_2
                0x0000000000037900                mm_msg
                0x0000000000037930                key_pressed
                0x0000000000037940                runqueue
                0x0000000000038234                gdt_ptr
                0x0000000000038240                idt
                0x0000000000038a40                ticks
                0x0000000000038a60                console_table
                0x0000000000038a9c                fs_caller
                0x0000000000038aa0                irq_table
                0x0000000000038ae0                proc_ready
                0x0000000000038ae4                prio_array_1
                0x0000000000038b00                proc_table
                0x000000000003cbc0                . = ALIGN ((. != 0x0)?0x4:0x1)
                0x000000000003cbc0                . = ALIGN (0x4)
                0x000000000003cbc0                . = SEGMENT_START ("ldata-segment", .)
                0x000000000003cbc0                . = ALIGN (0x4)
                0x000000000003cbc0                _end = .
                [!provide]                        PROVIDE (end, .)
                0x000000000003cbc0                . = DATA_SEGMENT_END (.)

.stab
 *(.stab)

.stabstr
 *(.stabstr)

.stab.excl
 *(.stab.excl)

.stab.exclstr
 *(.stab.exclstr)

.stab.index
 *(.stab.index)

.stab.indexstr
 *(.stab.indexstr)

.comment        0x0000000000000000       0x34
 *(.comment)
 .comment       0x0000000000000000       0x34 kernel/start.o
                                         0x35 (松开之前的大小)
 .comment       0x0000000000000034       0x35 kernel/i8259.o
 .comment       0x0000000000000034       0x35 kernel/global.o
 .comment       0x0000000000000034       0x35 kernel/protect.o
 .comment       0x0000000000000034       0x35 kernel/main.o
 .comment       0x0000000000000034       0x35 kernel/clock.o
 .comment       0x0000000000000034       0x35 kernel/proc.o
 .comment       0x0000000000000034       0x35 kernel/hd.o
 .comment       0x0000000000000034       0x35 kernel/sched.o
 .comment       0x0000000000000034       0x35 kernel/keyborad.o
 .comment       0x0000000000000034       0x35 kernel/tty.o
 .comment       0x0000000000000034       0x35 kernel/console.o
 .comment       0x0000000000000034       0x35 kernel/systask.o
 .comment       0x0000000000000034       0x35 kernel/message.o
 .comment       0x0000000000000034       0x35 kernel/panic.o
 .comment       0x0000000000000034       0x35 fs/main.o
 .comment       0x0000000000000034       0x35 fs/misc.o
 .comment       0x0000000000000034       0x35 fs/open.o
 .comment       0x0000000000000034       0x35 fs/read_write.o
 .comment       0x0000000000000034       0x35 fs/link.o
 .comment       0x0000000000000034       0x35 fs/stat.o
 .comment       0x0000000000000034       0x35 mm/main.o
 .comment       0x0000000000000034       0x35 mm/fork_exit.o
 .comment       0x0000000000000034       0x35 mm/exec.o
 .comment       0x0000000000000034       0x35 lib/vios_crt.a(misc.o)
 .comment       0x0000000000000034       0x35 lib/vios_crt.a(klib.o)
 .comment       0x0000000000000034       0x35 lib/vios_crt.a(open.o)
 .comment       0x0000000000000034       0x35 lib/vios_crt.a(close.o)
 .comment       0x0000000000000034       0x35 lib/vios_crt.a(read.o)
 .comment       0x0000000000000034       0x35 lib/vios_crt.a(write.o)
 .comment       0x0000000000000034       0x35 lib/vios_crt.a(getpid.o)
 .comment       0x0000000000000034       0x35 lib/vios_crt.a(fork.o)
 .comment       0x0000000000000034       0x35 lib/vios_crt.a(wait.o)
 .comment       0x0000000000000034       0x35 lib/vios_crt.a(printf.o)
 .comment       0x0000000000000034       0x35 lib/vios_crt.a(vsprintf.o)
 .comment       0x0000000000000034       0x35 lib/vios_crt.a(exec.o)
 .comment       0x0000000000000034       0x35 lib/vios_crt.a(stat.o)
 .comment       0x0000000000000034       0x35 lib/vios_crt.a(lseek.o)
 .comment       0x0000000000000034       0x35 lib/vios_crt.a(bitmap.o)

.debug
 *(.debug)

.line
 *(.line)

.debug_srcinfo
 *(.debug_srcinfo)

.debug_sfnames
 *(.debug_sfnames)

.debug_aranges
 *(.debug_aranges)

.debug_pubnames
 *(.debug_pubnames)

.debug_info
 *(.debug_info .gnu.linkonce.wi.*)

.debug_abbrev
 *(.debug_abbrev)

.debug_line
 *(.debug_line .debug_line.* .debug_line_end)

.debug_frame
 *(.debug_frame)

.debug_str
 *(.debug_str)

.debug_loc
 *(.debug_loc)

.debug_macinfo
 *(.debug_macinfo)

.debug_weaknames
 *(.debug_weaknames)

.debug_funcnames
 *(.debug_funcnames)

.debug_typenames
 *(.debug_typenames)

.debug_varnames
 *(.debug_varnames)

.debug_pubtypes
 *(.debug_pubtypes)

.debug_ranges
 *(.debug_ranges)

.debug_macro
 *(.debug_macro)

.gnu.attributes
 *(.gnu.attributes)

/DISCARD/
 *(.note.GNU-stack)
 *(.gnu_debuglink)
 *(.gnu.lto_*)
OUTPUT(kernel.bin elf32-i386)
