Archive member included because of file (symbol)

lib/vios_crt.a(misc.o)        kernel/main.o (send_recv)
lib/vios_crt.a(klib.o)        mm/main.o (get_boot_params)
lib/vios_crt.a(kliba.o)       kernel/kernel.o (disp_str)
lib/vios_crt.a(string.o)      kernel/start.o (memcpy)
lib/vios_crt.a(open.o)        kernel/main.o (open)
lib/vios_crt.a(close.o)       kernel/main.o (close)
lib/vios_crt.a(read.o)        kernel/main.o (read)
lib/vios_crt.a(write.o)       kernel/main.o (write)
lib/vios_crt.a(getpid.o)      kernel/main.o (getpid)
lib/vios_crt.a(unlink.o)      kernel/main.o (unlink)
lib/vios_crt.a(fork.o)        kernel/main.o (fork)
lib/vios_crt.a(exit.o)        kernel/main.o (exit)
lib/vios_crt.a(wait.o)        kernel/main.o (wait)
lib/vios_crt.a(printf.o)      kernel/main.o (printf)
lib/vios_crt.a(vsprintf.o)    kernel/panic.o (vsprintf)
lib/vios_crt.a(syscall.o)     lib/vios_crt.a(printf.o) (printx)

分配公共符号
公共符号            大小              文件

current_console_id  0x4               kernel/global.o
idt_ptr             0x6               kernel/global.o
sb_table            0x1e0             kernel/global.o
inode_table         0xb00             kernel/global.o
task_stack          0x24000           kernel/global.o
k_reenter           0x4               kernel/global.o
gdt                 0x400             kernel/global.o
fd_table            0x400             kernel/global.o
tty_table           0xc6c             kernel/global.o
tss                 0x64              kernel/global.o
fs_msg              0x30              kernel/global.o
memory_size         0x4               kernel/global.o
root_inode          0x4               kernel/global.o
disp_pos            0x4               kernel/global.o
mm_msg              0x30              kernel/global.o
key_pressed         0x4               kernel/global.o
gdt_ptr             0x6               kernel/global.o
idt                 0x800             kernel/global.o
ticks               0x4               kernel/global.o
console_table       0x3c              kernel/global.o
fs_caller           0x4               kernel/global.o
irq_table           0x40              kernel/global.o
proc_ready          0x4               kernel/global.o
proc_table          0x3c20            kernel/global.o

Discarded input sections

 .note.GNU-stack
                0x0000000000000000        0x0 kernel/start.o
 .note.GNU-stack
                0x0000000000000000        0x0 kernel/i8259.o
 .note.GNU-stack
                0x0000000000000000        0x0 kernel/global.o
 .note.GNU-stack
                0x0000000000000000        0x0 kernel/protect.o
 .note.GNU-stack
                0x0000000000000000        0x0 kernel/main.o
 .note.GNU-stack
                0x0000000000000000        0x0 kernel/clock.o
 .note.GNU-stack
                0x0000000000000000        0x0 kernel/proc.o
 .note.GNU-stack
                0x0000000000000000        0x0 kernel/hd.o
 .note.GNU-stack
                0x0000000000000000        0x0 kernel/keyborad.o
 .note.GNU-stack
                0x0000000000000000        0x0 kernel/tty.o
 .note.GNU-stack
                0x0000000000000000        0x0 kernel/console.o
 .note.GNU-stack
                0x0000000000000000        0x0 kernel/systask.o
 .note.GNU-stack
                0x0000000000000000        0x0 kernel/message.o
 .note.GNU-stack
                0x0000000000000000        0x0 kernel/panic.o
 .note.GNU-stack
                0x0000000000000000        0x0 fs/main.o
 .note.GNU-stack
                0x0000000000000000        0x0 fs/misc.o
 .note.GNU-stack
                0x0000000000000000        0x0 fs/open.o
 .note.GNU-stack
                0x0000000000000000        0x0 fs/read_write.o
 .note.GNU-stack
                0x0000000000000000        0x0 fs/link.o
 .note.GNU-stack
                0x0000000000000000        0x0 mm/main.o
 .note.GNU-stack
                0x0000000000000000        0x0 mm/fork_exit.o
 .note.GNU-stack
                0x0000000000000000        0x0 lib/vios_crt.a(misc.o)
 .note.GNU-stack
                0x0000000000000000        0x0 lib/vios_crt.a(klib.o)
 .note.GNU-stack
                0x0000000000000000        0x0 lib/vios_crt.a(open.o)
 .note.GNU-stack
                0x0000000000000000        0x0 lib/vios_crt.a(close.o)
 .note.GNU-stack
                0x0000000000000000        0x0 lib/vios_crt.a(read.o)
 .note.GNU-stack
                0x0000000000000000        0x0 lib/vios_crt.a(write.o)
 .note.GNU-stack
                0x0000000000000000        0x0 lib/vios_crt.a(getpid.o)
 .note.GNU-stack
                0x0000000000000000        0x0 lib/vios_crt.a(unlink.o)
 .note.GNU-stack
                0x0000000000000000        0x0 lib/vios_crt.a(fork.o)
 .note.GNU-stack
                0x0000000000000000        0x0 lib/vios_crt.a(exit.o)
 .note.GNU-stack
                0x0000000000000000        0x0 lib/vios_crt.a(wait.o)
 .note.GNU-stack
                0x0000000000000000        0x0 lib/vios_crt.a(printf.o)
 .note.GNU-stack
                0x0000000000000000        0x0 lib/vios_crt.a(vsprintf.o)

内存配置

名称           来源             长度             属性
*default*        0x0000000000000000 0xffffffffffffffff

Linker script and memory map

Address of section .text set to 0x1000
LOAD kernel/kernel.o
LOAD kernel/start.o
LOAD kernel/i8259.o
LOAD kernel/global.o
LOAD kernel/protect.o
LOAD kernel/main.o
LOAD kernel/clock.o
LOAD kernel/proc.o
LOAD kernel/hd.o
LOAD kernel/keyborad.o
LOAD kernel/tty.o
LOAD kernel/console.o
LOAD kernel/systask.o
LOAD kernel/message.o
LOAD kernel/panic.o
LOAD fs/main.o
LOAD fs/misc.o
LOAD fs/open.o
LOAD fs/read_write.o
LOAD fs/link.o
LOAD mm/main.o
LOAD mm/fork_exit.o
LOAD lib/vios_crt.a
                0x0000000008048000                PROVIDE (__executable_start, 0x8048000)
                0x0000000008048094                . = (0x8048000 + SIZEOF_HEADERS)

.interp
 *(.interp)

.note.gnu.build-id
 *(.note.gnu.build-id)

.hash
 *(.hash)

.gnu.hash
 *(.gnu.hash)

.dynsym
 *(.dynsym)

.dynstr
 *(.dynstr)

.gnu.version
 *(.gnu.version)

.gnu.version_d
 *(.gnu.version_d)

.gnu.version_r
 *(.gnu.version_r)

.rel.dyn        0x0000000008048094        0x0
 *(.rel.init)
 *(.rel.text .rel.text.* .rel.gnu.linkonce.t.*)
 .rel.text      0x0000000000000000        0x0 kernel/kernel.o
 *(.rel.fini)
 *(.rel.rodata .rel.rodata.* .rel.gnu.linkonce.r.*)
 *(.rel.data.rel.ro .rel.data.rel.ro.* .rel.gnu.linkonce.d.rel.ro.*)
 *(.rel.data .rel.data.* .rel.gnu.linkonce.d.*)
 .rel.data      0x0000000000000000        0x0 kernel/kernel.o
 *(.rel.tdata .rel.tdata.* .rel.gnu.linkonce.td.*)
 *(.rel.tbss .rel.tbss.* .rel.gnu.linkonce.tb.*)
 *(.rel.ctors)
 *(.rel.dtors)
 *(.rel.got)
 *(.rel.sharable_data .rel.sharable_data.* .rel.gnu.linkonce.shrd.*)
 *(.rel.sharable_bss .rel.sharable_bss.* .rel.gnu.linkonce.shrb.*)
 *(.rel.bss .rel.bss.* .rel.gnu.linkonce.b.*)
 *(.rel.ifunc)

.rel.plt        0x0000000008048094        0x0
 *(.rel.plt)
                0x0000000008048094                PROVIDE (__rel_iplt_start, .)
 *(.rel.iplt)
 .rel.iplt      0x0000000000000000        0x0 kernel/kernel.o
                0x0000000008048094                PROVIDE (__rel_iplt_end, .)

.init
 *(SORT(.init))

.plt            0x00000000080480a0        0x0
 *(.plt)
 *(.iplt)
 .iplt          0x0000000000000000        0x0 kernel/kernel.o

.text           0x0000000000001000     0xa578
 *(.text.unlikely .text.*_unlikely)
 *(.text.exit .text.exit.*)
 *(.text.startup .text.startup.*)
 *(.text.hot .text.hot.*)
 *(.text .stub .text.* .gnu.linkonce.t.*)
 .text          0x0000000000001000      0x410 kernel/kernel.o
                0x0000000000001000                _start
                0x0000000000001040                hwint00
                0x0000000000001070                hwint01
                0x00000000000010a0                hwint02
                0x00000000000010d0                hwint03
                0x0000000000001100                hwint04
                0x0000000000001130                hwint05
                0x0000000000001160                hwint06
                0x0000000000001190                hwint07
                0x00000000000011c0                hwint08
                0x00000000000011f0                hwint09
                0x0000000000001220                hwint10
                0x0000000000001250                hwint11
                0x0000000000001280                hwint12
                0x00000000000012b0                hwint13
                0x00000000000012e0                hwint14
                0x0000000000001310                hwint15
                0x0000000000001334                divide_error
                0x000000000000133a                single_step_exception
                0x0000000000001340                nmi
                0x0000000000001346                breakpoint_exception
                0x000000000000134c                overflow
                0x0000000000001352                bounds_check
                0x0000000000001358                inval_opcode
                0x000000000000135e                copr_not_available
                0x0000000000001364                double_fault
                0x0000000000001368                copr_seg_overrun
                0x000000000000136e                inval_tss
                0x0000000000001372                segment_not_present
                0x0000000000001376                stack_exception
                0x000000000000137a                general_protection
                0x000000000000137e                page_fault
                0x0000000000001382                copr_error
                0x0000000000001391                sys_call
                0x00000000000013eb                restart
 .text          0x0000000000001410       0x8e kernel/start.o
                0x0000000000001410                cstart
 *fill*         0x000000000000149e        0x2 
 .text          0x00000000000014a0      0x13c kernel/i8259.o
                0x00000000000014a0                init_8259A
                0x0000000000001591                spurious_irq
                0x00000000000015bc                put_irq_handler
 .text          0x00000000000015dc        0x0 kernel/global.o
 .text          0x00000000000015dc      0x828 kernel/protect.o
                0x00000000000015dc                get_seg_base
                0x000000000000162b                init_descriptor
                0x0000000000001700                protect_init
                0x0000000000001cc4                exception_handler
 .text          0x0000000000001e04      0xb11 kernel/main.o
                0x0000000000001e04                kernel_main
                0x00000000000021a1                get_ticks
                0x00000000000021d9                untar
                0x0000000000002390                init
                0x00000000000024c6                testA
                0x00000000000024ef                testB
                0x00000000000025de                testC
 *fill*         0x0000000000002915        0x3 
 .text          0x0000000000002918      0x115 kernel/clock.o
                0x0000000000002918                clock_init
                0x000000000000297c                clock_handler
                0x00000000000029f4                milli_delay
 *fill*         0x0000000000002a2d        0x3 
 .text          0x0000000000002a30      0x1ca kernel/proc.o
                0x0000000000002a30                schedule
                0x0000000000002abb                sys_get_ticks
                0x0000000000002ac5                sys_write
                0x0000000000002afd                ldt_seg_linear
                0x0000000000002b47                va2la
                0x0000000000002bb6                tty_write
 *fill*         0x0000000000002bfa        0x2 
 .text          0x0000000000002bfc      0xeaa kernel/hd.o
                0x00000000000039cc                task_hd
                0x0000000000003a81                hd_handler
 *fill*         0x0000000000003aa6        0x2 
 .text          0x0000000000003aa8      0x6c5 kernel/keyborad.o
                0x0000000000003b4a                keyboard_init
                0x0000000000003bf9                keyboard_handler
                0x0000000000003cba                keyboard_read
 *fill*         0x000000000000416d        0x3 
 .text          0x0000000000004170      0xa1d kernel/tty.o
                0x0000000000004170                tty_init
                0x00000000000045bd                task_tty
                0x0000000000004733                in_process
                0x0000000000004881                sys_printx
                0x0000000000004a40                dump_tty_buf
 *fill*         0x0000000000004b8d        0x3 
 .text          0x0000000000004b90      0x8f8 kernel/console.o
                0x0000000000004c94                scroll_screen
                0x0000000000004ee5                out_char
                0x0000000000005207                screen_init
                0x00000000000053a0                is_current_console
                0x00000000000053c3                select_console
                0x0000000000005419                clear_console
 .text          0x0000000000005488      0x2cd kernel/systask.o
                0x000000000000564e                task_sys
 *fill*         0x0000000000005755        0x3 
 .text          0x0000000000005758     0x1884 kernel/message.o
                0x0000000000005758                reset_msg
                0x000000000000673a                sys_sendrec
                0x0000000000006899                inform_int
                0x0000000000006a3b                dump_proc
                0x0000000000006e95                dump_msg
 .text          0x0000000000006fdc       0x50 kernel/panic.o
                0x0000000000006fdc                panic
 .text          0x000000000000702c     0x1180 fs/main.o
                0x000000000000702c                rw_sector
                0x000000000000720e                get_super_block
                0x0000000000007254                get_inode
                0x00000000000073c2                dec_inode
                0x0000000000007407                sync_inode
                0x0000000000007524                new_inode
                0x0000000000008084                task_fs
 .text          0x00000000000081ac      0x205 fs/misc.o
                0x00000000000081ac                strip_path
                0x0000000000008238                search_file
 *fill*         0x00000000000083b1        0x3 
 .text          0x00000000000083b4      0xabe fs/open.o
                0x000000000000899a                do_open
                0x0000000000008d85                do_close
                0x0000000000008dda                do_lssek
 *fill*         0x0000000000008e72        0x2 
 .text          0x0000000000008e74      0x590 fs/read_write.o
                0x0000000000008e74                do_rdwt
 .text          0x0000000000009404      0x8ce fs/link.o
                0x0000000000009404                do_unlink
 *fill*         0x0000000000009cd2        0x2 
 .text          0x0000000000009cd4      0x1b6 mm/main.o
                0x0000000000009d07                alloc_mem
                0x0000000000009d90                free_mem
                0x0000000000009d9a                task_mm
 *fill*         0x0000000000009e8a        0x2 
 .text          0x0000000000009e8c      0x7ac mm/fork_exit.o
                0x0000000000009f18                do_fork
                0x000000000000a297                do_exit
                0x000000000000a4fd                do_wait
 .text          0x000000000000a638      0x288 lib/vios_crt.a(misc.o)
                0x000000000000a638                send_recv
                0x000000000000a718                spin
                0x000000000000a733                assertion_failure
                0x000000000000a779                memcmp
                0x000000000000a7ef                strcmp
                0x000000000000a861                strcat
 .text          0x000000000000a8c0      0x387 lib/vios_crt.a(klib.o)
                0x000000000000a8c0                get_boot_params
                0x000000000000a960                get_kernel_map
                0x000000000000aa7c                itoa
                0x000000000000ab27                disp_int
                0x000000000000ab4c                disp_color_int
                0x000000000000ab78                delay
                0x000000000000abbe                dump
 *fill*         0x000000000000ac47        0x9 
 .text          0x000000000000ac50      0x184 lib/vios_crt.a(kliba.o)
                0x000000000000ac50                disp_str
                0x000000000000ac8e                disp_color_str
                0x000000000000accd                out_byte
                0x000000000000acd9                in_byte
                0x000000000000ace3                enable_irq
                0x000000000000ad02                disable_irq
                0x000000000000ad21                enable_int
                0x000000000000ad23                disable_int
                0x000000000000ad25                port_read
                0x000000000000ad38                port_write
                0x000000000000ad4b                glitter
 *fill*         0x000000000000add4        0xc 
 .text          0x000000000000ade0       0x78 lib/vios_crt.a(string.o)
                0x000000000000ade0                memcpy
                0x000000000000ae09                memset
                0x000000000000ae2a                strcpy
                0x000000000000ae42                strlen
 .text          0x000000000000ae58       0x73 lib/vios_crt.a(open.o)
                0x000000000000ae58                open
 *fill*         0x000000000000aecb        0x1 
 .text          0x000000000000aecc       0x33 lib/vios_crt.a(close.o)
                0x000000000000aecc                close
 *fill*         0x000000000000aeff        0x1 
 .text          0x000000000000af00       0x3f lib/vios_crt.a(read.o)
                0x000000000000af00                read
 *fill*         0x000000000000af3f        0x1 
 .text          0x000000000000af40       0x3f lib/vios_crt.a(write.o)
                0x000000000000af40                write
 *fill*         0x000000000000af7f        0x1 
 .text          0x000000000000af80       0x59 lib/vios_crt.a(getpid.o)
                0x000000000000af80                getpid
 *fill*         0x000000000000afd9        0x3 
 .text          0x000000000000afdc       0x41 lib/vios_crt.a(unlink.o)
                0x000000000000afdc                unlink
 *fill*         0x000000000000b01d        0x3 
 .text          0x000000000000b020       0x84 lib/vios_crt.a(fork.o)
                0x000000000000b020                fork
 .text          0x000000000000b0a4       0x5c lib/vios_crt.a(exit.o)
                0x000000000000b0a4                exit
 .text          0x000000000000b100       0x44 lib/vios_crt.a(wait.o)
                0x000000000000b100                wait
 .text          0x000000000000b144       0xdc lib/vios_crt.a(printf.o)
                0x000000000000b144                printf
                0x000000000000b1d1                printk
 .text          0x000000000000b220      0x31e lib/vios_crt.a(vsprintf.o)
                0x000000000000b283                vsprintf
                0x000000000000b514                sprintf
 *fill*         0x000000000000b53e        0x2 
 .text          0x000000000000b540       0x38 lib/vios_crt.a(syscall.o)
                0x000000000000b540                get_ticks0
                0x000000000000b548                write0
                0x000000000000b558                printx
                0x000000000000b564                sendrec
 *(.gnu.warning)

.fini
 *(SORT(.fini))
                0x000000000000b578                PROVIDE (__etext, .)
                0x000000000000b578                PROVIDE (_etext, .)
                0x000000000000b578                PROVIDE (etext, .)

.rodata         0x000000000000b580     0x1bd4
 *(.rodata .rodata.* .gnu.linkonce.r.*)
 .rodata        0x000000000000b580       0x2c kernel/start.o
 .rodata        0x000000000000b5ac       0x11 kernel/i8259.o
 *fill*         0x000000000000b5bd        0x3 
 .rodata        0x000000000000b5c0        0x8 kernel/global.o
                0x000000000000b5c0                FSBUF_SIZE
                0x000000000000b5c4                MMBUF_SIZE
 *fill*         0x000000000000b5c8       0x18 
 .rodata        0x000000000000b5e0      0x290 kernel/protect.o
 .rodata        0x000000000000b870      0x25d kernel/main.o
 .rodata        0x000000000000bacd       0x1c kernel/proc.o
 *fill*         0x000000000000bae9        0x3 
 .rodata        0x000000000000baec      0x1fc kernel/hd.o
 .rodata        0x000000000000bce8       0x64 kernel/keyborad.o
 .rodata        0x000000000000bd4c      0x15a kernel/tty.o
 *fill*         0x000000000000bea6        0x2 
 .rodata        0x000000000000bea8       0x81 kernel/console.o
 .rodata        0x000000000000bf29       0x11 kernel/systask.o
 *fill*         0x000000000000bf3a        0x2 
 .rodata        0x000000000000bf3c      0x592 kernel/message.o
 .rodata        0x000000000000c4ce       0x10 kernel/panic.o
 *fill*         0x000000000000c4de        0x2 
 .rodata        0x000000000000c4e0      0x24c fs/main.o
 .rodata        0x000000000000c72c      0x14b fs/open.o
 *fill*         0x000000000000c877        0x1 
 .rodata        0x000000000000c878      0x1ec fs/read_write.o
 .rodata        0x000000000000ca64      0x18c fs/link.o
 .rodata        0x000000000000cbf0       0xb8 mm/main.o
 .rodata        0x000000000000cca8      0x2b6 mm/fork_exit.o
 *fill*         0x000000000000cf5e        0x2 
 .rodata        0x000000000000cf60       0xb7 lib/vios_crt.a(misc.o)
 *fill*         0x000000000000d017        0x1 
 .rodata        0x000000000000d018       0x85 lib/vios_crt.a(klib.o)
 .rodata        0x000000000000d09d       0x23 lib/vios_crt.a(open.o)
 .rodata        0x000000000000d0c0       0x25 lib/vios_crt.a(getpid.o)
 .rodata        0x000000000000d0e5       0x33 lib/vios_crt.a(fork.o)
 .rodata        0x000000000000d118       0x23 lib/vios_crt.a(exit.o)
 .rodata        0x000000000000d13b       0x19 lib/vios_crt.a(printf.o)

.rodata1
 *(.rodata1)

.eh_frame_hdr
 *(.eh_frame_hdr)

.eh_frame       0x000000000000d154     0x1258
 *(.eh_frame)
 .eh_frame      0x000000000000d154       0x38 kernel/start.o
 .eh_frame      0x000000000000d18c       0x60 kernel/i8259.o
                                         0x78 (size before relaxing)
 .eh_frame      0x000000000000d1ec       0xb0 kernel/protect.o
                                         0xc8 (size before relaxing)
 .eh_frame      0x000000000000d29c       0xd4 kernel/main.o
                                         0xec (size before relaxing)
 .eh_frame      0x000000000000d370       0x60 kernel/clock.o
                                         0x78 (size before relaxing)
 .eh_frame      0x000000000000d3d0       0xc0 kernel/proc.o
                                         0xd8 (size before relaxing)
 .eh_frame      0x000000000000d490      0x210 kernel/hd.o
                                        0x228 (size before relaxing)
 .eh_frame      0x000000000000d6a0       0xe0 kernel/keyborad.o
                                         0xf8 (size before relaxing)
 .eh_frame      0x000000000000d780      0x13c kernel/tty.o
                                        0x154 (size before relaxing)
 .eh_frame      0x000000000000d8bc      0x168 kernel/console.o
                                        0x180 (size before relaxing)
 .eh_frame      0x000000000000da24       0x5c kernel/systask.o
                                         0x74 (size before relaxing)
 .eh_frame      0x000000000000da80      0x160 kernel/message.o
                                        0x178 (size before relaxing)
 .eh_frame      0x000000000000dbe0       0x20 kernel/panic.o
                                         0x38 (size before relaxing)
 .eh_frame      0x000000000000dc00      0x194 fs/main.o
                                        0x1ac (size before relaxing)
 .eh_frame      0x000000000000dd94       0x48 fs/misc.o
                                         0x60 (size before relaxing)
 .eh_frame      0x000000000000dddc      0x108 fs/open.o
                                        0x120 (size before relaxing)
 .eh_frame      0x000000000000dee4       0x2c fs/read_write.o
                                         0x44 (size before relaxing)
 .eh_frame      0x000000000000df10       0x2c fs/link.o
                                         0x44 (size before relaxing)
 .eh_frame      0x000000000000df3c       0x7c mm/main.o
                                         0x94 (size before relaxing)
 .eh_frame      0x000000000000dfb8       0x90 mm/fork_exit.o
                                         0xa8 (size before relaxing)
 .eh_frame      0x000000000000e048       0xbc lib/vios_crt.a(misc.o)
                                         0xd4 (size before relaxing)
 .eh_frame      0x000000000000e104       0xe0 lib/vios_crt.a(klib.o)
                                         0xf8 (size before relaxing)
 .eh_frame      0x000000000000e1e4       0x20 lib/vios_crt.a(open.o)
                                         0x38 (size before relaxing)
 .eh_frame      0x000000000000e204       0x20 lib/vios_crt.a(close.o)
                                         0x38 (size before relaxing)
 .eh_frame      0x000000000000e224       0x20 lib/vios_crt.a(read.o)
                                         0x38 (size before relaxing)
 .eh_frame      0x000000000000e244       0x20 lib/vios_crt.a(write.o)
                                         0x38 (size before relaxing)
 .eh_frame      0x000000000000e264       0x20 lib/vios_crt.a(getpid.o)
                                         0x38 (size before relaxing)
 .eh_frame      0x000000000000e284       0x20 lib/vios_crt.a(unlink.o)
                                         0x38 (size before relaxing)
 .eh_frame      0x000000000000e2a4       0x20 lib/vios_crt.a(fork.o)
                                         0x38 (size before relaxing)
 .eh_frame      0x000000000000e2c4       0x20 lib/vios_crt.a(exit.o)
                                         0x38 (size before relaxing)
 .eh_frame      0x000000000000e2e4       0x20 lib/vios_crt.a(wait.o)
                                         0x38 (size before relaxing)
 .eh_frame      0x000000000000e304       0x40 lib/vios_crt.a(printf.o)
                                         0x58 (size before relaxing)
 .eh_frame      0x000000000000e344       0x68 lib/vios_crt.a(vsprintf.o)
                                         0x80 (size before relaxing)

.gcc_except_table
 *(.gcc_except_table .gcc_except_table.*)

.exception_ranges
 *(.exception_ranges .exception_ranges*)
                0x000000000000e3ac                . = (ALIGN (0x1000) - ((0x1000 - .) & 0xfff))
                0x0000000000010000                . = DATA_SEGMENT_ALIGN (0x1000, 0x1000)

.eh_frame
 *(.eh_frame)

.gcc_except_table
 *(.gcc_except_table .gcc_except_table.*)

.exception_ranges
 *(.exception_ranges .exception_ranges*)

.tdata
 *(.tdata .tdata.* .gnu.linkonce.td.*)

.tbss
 *(.tbss .tbss.* .gnu.linkonce.tb.*)
 *(.tcommon)

.preinit_array  0x0000000000010000        0x0
                0x0000000000010000                PROVIDE (__preinit_array_start, .)
 *(.preinit_array)
                0x0000000000010000                PROVIDE (__preinit_array_end, .)

.init_array     0x0000000000010000        0x0
                0x0000000000010000                PROVIDE (__init_array_start, .)
 *(SORT(.init_array.*) SORT(.ctors.*))
 *(.init_array EXCLUDE_FILE(*crtend?.o *crtend.o *crtbegin?.o *crtbegin.o) .ctors)
                0x0000000000010000                PROVIDE (__init_array_end, .)

.fini_array     0x0000000000010000        0x0
                0x0000000000010000                PROVIDE (__fini_array_start, .)
 *(SORT(.fini_array.*) SORT(.dtors.*))
 *(.fini_array EXCLUDE_FILE(*crtend?.o *crtend.o *crtbegin?.o *crtbegin.o) .dtors)
                0x0000000000010000                PROVIDE (__fini_array_end, .)

.ctors
 *crtbegin.o(.ctors)
 *crtbegin?.o(.ctors)
 *(EXCLUDE_FILE(*crtend?.o *crtend.o) .ctors)
 *(SORT(.ctors.*))
 *(.ctors)

.dtors
 *crtbegin.o(.dtors)
 *crtbegin?.o(.dtors)
 *(EXCLUDE_FILE(*crtend?.o *crtend.o) .dtors)
 *(SORT(.dtors.*))
 *(.dtors)

.jcr
 *(.jcr)

.data.rel.ro
 *(.data.rel.ro.local* .gnu.linkonce.d.rel.ro.local.*)
 *(.data.rel.ro .data.rel.ro.* .gnu.linkonce.d.rel.ro.*)

.dynamic
 *(.dynamic)

.got
 *(.got)
 *(.igot)
                0x0000000000010000                . = DATA_SEGMENT_RELRO_END (., (SIZEOF (.got.plt) >= 0xc)?0xc:0x0)

.got.plt        0x0000000000010000        0x0
 *(.got.plt)
 *(.igot.plt)
 .igot.plt      0x0000000000000000        0x0 kernel/kernel.o

.data           0x0000000000010000      0x7e0
 *(.data .data.* .gnu.linkonce.d.*)
 .data          0x0000000000010000        0x2 kernel/kernel.o
 *fill*         0x0000000000010002        0x2 
 .data          0x0000000000010004        0x0 kernel/start.o
 .data          0x0000000000010004        0x0 kernel/i8259.o
 *fill*         0x0000000000010004       0x1c 
 .data          0x0000000000010020      0x1b4 kernel/global.o
                0x0000000000010020                task_table
                0x0000000000010100                user_proc_table
                0x00000000000101a0                sys_call_table
                0x00000000000101b4                dd_map
                0x00000000000101cc                fsbuf
                0x00000000000101d0                mmbuf
 .data          0x00000000000101d4        0x0 kernel/protect.o
 .data          0x00000000000101d4        0x0 kernel/main.o
 .data          0x00000000000101d4        0x0 kernel/clock.o
 .data          0x00000000000101d4        0x0 kernel/proc.o
 .data          0x00000000000101d4        0x0 kernel/hd.o
 *fill*         0x00000000000101d4        0xc 
 .data          0x00000000000101e0      0x600 kernel/keyborad.o
                0x00000000000101e0                keymap
 .data          0x00000000000107e0        0x0 kernel/tty.o
 .data          0x00000000000107e0        0x0 kernel/console.o
 .data          0x00000000000107e0        0x0 kernel/systask.o
 .data          0x00000000000107e0        0x0 kernel/message.o
 .data          0x00000000000107e0        0x0 kernel/panic.o
 .data          0x00000000000107e0        0x0 fs/main.o
 .data          0x00000000000107e0        0x0 fs/misc.o
 .data          0x00000000000107e0        0x0 fs/open.o
 .data          0x00000000000107e0        0x0 fs/read_write.o
 .data          0x00000000000107e0        0x0 fs/link.o
 .data          0x00000000000107e0        0x0 mm/main.o
 .data          0x00000000000107e0        0x0 mm/fork_exit.o
 .data          0x00000000000107e0        0x0 lib/vios_crt.a(misc.o)
 .data          0x00000000000107e0        0x0 lib/vios_crt.a(klib.o)
 .data          0x00000000000107e0        0x0 lib/vios_crt.a(open.o)
 .data          0x00000000000107e0        0x0 lib/vios_crt.a(close.o)
 .data          0x00000000000107e0        0x0 lib/vios_crt.a(read.o)
 .data          0x00000000000107e0        0x0 lib/vios_crt.a(write.o)
 .data          0x00000000000107e0        0x0 lib/vios_crt.a(getpid.o)
 .data          0x00000000000107e0        0x0 lib/vios_crt.a(unlink.o)
 .data          0x00000000000107e0        0x0 lib/vios_crt.a(fork.o)
 .data          0x00000000000107e0        0x0 lib/vios_crt.a(exit.o)
 .data          0x00000000000107e0        0x0 lib/vios_crt.a(wait.o)
 .data          0x00000000000107e0        0x0 lib/vios_crt.a(printf.o)
 .data          0x00000000000107e0        0x0 lib/vios_crt.a(vsprintf.o)

.data1
 *(.data1)

.sharable_data  0x0000000000011000        0x0
                0x0000000000011000                PROVIDE (__sharable_data_start, .)
 *(.sharable_data .sharable_data.* .gnu.linkonce.shrd.*)
                0x0000000000011000                . = ALIGN ((. != 0x0)?0x1000:0x1)
                0x0000000000011000                PROVIDE (__sharable_data_end, .)
                0x0000000000011000                _edata = .
                0x0000000000011000                PROVIDE (edata, .)
                0x0000000000011000                . = .
                0x0000000000011000                __bss_start = .

.bss            0x00000000000107e0    0x2b640
 *(.dynbss)
 *(.bss .bss.* .gnu.linkonce.b.*)
 .bss           0x00000000000107e0      0x800 kernel/kernel.o
 .bss           0x0000000000010fe0        0x0 kernel/start.o
 .bss           0x0000000000010fe0        0x0 kernel/i8259.o
 .bss           0x0000000000010fe0        0x0 kernel/global.o
 .bss           0x0000000000010fe0        0x0 kernel/protect.o
 .bss           0x0000000000010fe0        0x0 kernel/main.o
 .bss           0x0000000000010fe0        0x0 kernel/clock.o
 .bss           0x0000000000010fe0        0x0 kernel/proc.o
 .bss           0x0000000000010fe0      0x64c kernel/hd.o
 *fill*         0x000000000001162c       0x14 
 .bss           0x0000000000011640       0x58 kernel/keyborad.o
 .bss           0x0000000000011698        0x0 kernel/tty.o
 .bss           0x0000000000011698        0x0 kernel/console.o
 .bss           0x0000000000011698        0x0 kernel/systask.o
 .bss           0x0000000000011698        0x0 kernel/message.o
 .bss           0x0000000000011698        0x0 kernel/panic.o
 .bss           0x0000000000011698        0x0 fs/main.o
 .bss           0x0000000000011698        0x0 fs/misc.o
 .bss           0x0000000000011698        0x0 fs/open.o
 .bss           0x0000000000011698        0x0 fs/read_write.o
 .bss           0x0000000000011698        0x0 fs/link.o
 .bss           0x0000000000011698        0x0 mm/main.o
 .bss           0x0000000000011698        0x0 mm/fork_exit.o
 .bss           0x0000000000011698        0x0 lib/vios_crt.a(misc.o)
 .bss           0x0000000000011698        0x0 lib/vios_crt.a(klib.o)
 .bss           0x0000000000011698        0x0 lib/vios_crt.a(open.o)
 .bss           0x0000000000011698        0x0 lib/vios_crt.a(close.o)
 .bss           0x0000000000011698        0x0 lib/vios_crt.a(read.o)
 .bss           0x0000000000011698        0x0 lib/vios_crt.a(write.o)
 .bss           0x0000000000011698        0x0 lib/vios_crt.a(getpid.o)
 .bss           0x0000000000011698        0x0 lib/vios_crt.a(unlink.o)
 .bss           0x0000000000011698        0x0 lib/vios_crt.a(fork.o)
 .bss           0x0000000000011698        0x0 lib/vios_crt.a(exit.o)
 .bss           0x0000000000011698        0x0 lib/vios_crt.a(wait.o)
 .bss           0x0000000000011698        0x0 lib/vios_crt.a(printf.o)
 .bss           0x0000000000011698        0x0 lib/vios_crt.a(vsprintf.o)
 *(COMMON)
 *fill*         0x0000000000011698        0x8 
 COMMON         0x00000000000116a0    0x2a780 kernel/global.o
                0x00000000000116a0                current_console_id
                0x00000000000116a4                idt_ptr
                0x00000000000116c0                sb_table
                0x00000000000118a0                inode_table
                0x00000000000123a0                task_stack
                0x00000000000363a0                k_reenter
                0x00000000000363c0                gdt
                0x00000000000367c0                fd_table
                0x0000000000036bc0                tty_table
                0x0000000000037840                tss
                0x00000000000378c0                fs_msg
                0x00000000000378f0                memory_size
                0x00000000000378f4                root_inode
                0x00000000000378f8                disp_pos
                0x0000000000037900                mm_msg
                0x0000000000037930                key_pressed
                0x0000000000037934                gdt_ptr
                0x0000000000037940                idt
                0x0000000000038140                ticks
                0x0000000000038160                console_table
                0x000000000003819c                fs_caller
                0x00000000000381a0                irq_table
                0x00000000000381e0                proc_ready
                0x0000000000038200                proc_table
                0x000000000003be20                . = ALIGN ((. != 0x0)?0x4:0x1)

.sharable_bss   0x000000000003c000        0x0
                0x000000000003c000                PROVIDE (__sharable_bss_start, .)
 *(.dynsharablebss)
 *(.sharable_bss .sharable_bss.* .gnu.linkonce.shrb.*)
 *(SHARABLE_COMMON)
                0x000000000003c000                . = ALIGN ((. != 0x0)?0x1000:0x1)
                0x000000000003c000                PROVIDE (__sharable_bss_end, .)
                0x000000000003c000                . = ALIGN (0x4)
                0x000000000003c000                . = SEGMENT_START ("ldata-segment", .)
                0x000000000003c000                . = ALIGN (0x4)
                0x000000000003c000                _end = .
                0x000000000003c000                PROVIDE (end, .)
                0x000000000003c000                . = DATA_SEGMENT_END (.)

.stab
 *(.stab)

.stabstr
 *(.stabstr)

.stab.excl
 *(.stab.excl)

.stab.exclstr
 *(.stab.exclstr)

.stab.index
 *(.stab.index)

.stab.indexstr
 *(.stab.indexstr)

.comment        0x0000000000000000       0x2c
 *(.comment)
 .comment       0x0000000000000000       0x2c kernel/start.o
                                         0x2d (size before relaxing)
 .comment       0x0000000000000000       0x2d kernel/i8259.o
 .comment       0x0000000000000000       0x2d kernel/global.o
 .comment       0x0000000000000000       0x2d kernel/protect.o
 .comment       0x0000000000000000       0x2d kernel/main.o
 .comment       0x0000000000000000       0x2d kernel/clock.o
 .comment       0x0000000000000000       0x2d kernel/proc.o
 .comment       0x0000000000000000       0x2d kernel/hd.o
 .comment       0x0000000000000000       0x2d kernel/keyborad.o
 .comment       0x0000000000000000       0x2d kernel/tty.o
 .comment       0x0000000000000000       0x2d kernel/console.o
 .comment       0x0000000000000000       0x2d kernel/systask.o
 .comment       0x0000000000000000       0x2d kernel/message.o
 .comment       0x0000000000000000       0x2d kernel/panic.o
 .comment       0x0000000000000000       0x2d fs/main.o
 .comment       0x0000000000000000       0x2d fs/misc.o
 .comment       0x0000000000000000       0x2d fs/open.o
 .comment       0x0000000000000000       0x2d fs/read_write.o
 .comment       0x0000000000000000       0x2d fs/link.o
 .comment       0x0000000000000000       0x2d mm/main.o
 .comment       0x0000000000000000       0x2d mm/fork_exit.o
 .comment       0x0000000000000000       0x2d lib/vios_crt.a(misc.o)
 .comment       0x0000000000000000       0x2d lib/vios_crt.a(klib.o)
 .comment       0x0000000000000000       0x2d lib/vios_crt.a(open.o)
 .comment       0x0000000000000000       0x2d lib/vios_crt.a(close.o)
 .comment       0x0000000000000000       0x2d lib/vios_crt.a(read.o)
 .comment       0x0000000000000000       0x2d lib/vios_crt.a(write.o)
 .comment       0x0000000000000000       0x2d lib/vios_crt.a(getpid.o)
 .comment       0x0000000000000000       0x2d lib/vios_crt.a(unlink.o)
 .comment       0x0000000000000000       0x2d lib/vios_crt.a(fork.o)
 .comment       0x0000000000000000       0x2d lib/vios_crt.a(exit.o)
 .comment       0x0000000000000000       0x2d lib/vios_crt.a(wait.o)
 .comment       0x0000000000000000       0x2d lib/vios_crt.a(printf.o)
 .comment       0x0000000000000000       0x2d lib/vios_crt.a(vsprintf.o)

.debug
 *(.debug)

.line
 *(.line)

.debug_srcinfo
 *(.debug_srcinfo)

.debug_sfnames
 *(.debug_sfnames)

.debug_aranges
 *(.debug_aranges)

.debug_pubnames
 *(.debug_pubnames)

.debug_info
 *(.debug_info .gnu.linkonce.wi.*)

.debug_abbrev
 *(.debug_abbrev)

.debug_line
 *(.debug_line)

.debug_frame
 *(.debug_frame)

.debug_str
 *(.debug_str)

.debug_loc
 *(.debug_loc)

.debug_macinfo
 *(.debug_macinfo)

.debug_weaknames
 *(.debug_weaknames)

.debug_funcnames
 *(.debug_funcnames)

.debug_typenames
 *(.debug_typenames)

.debug_varnames
 *(.debug_varnames)

.debug_pubtypes
 *(.debug_pubtypes)

.debug_ranges
 *(.debug_ranges)

.debug_macro
 *(.debug_macro)

.gnu.attributes
 *(.gnu.attributes)

/DISCARD/
 *(.note.GNU-stack)
 *(.gnu_debuglink)
 *(.gnu.lto_*)
 *(.gnu_object_only)
OUTPUT(kernel.bin elf32-i386)
