Archive member included because of file (symbol)

lib/vios_crt.a(misc.o)        kernel/main.o (send_recv)
lib/vios_crt.a(klib.o)        mm/main.o (get_boot_params)
lib/vios_crt.a(kliba.o)       kernel/kernel.o (disp_str)
lib/vios_crt.a(string.o)      kernel/start.o (memcpy)
lib/vios_crt.a(open.o)        kernel/main.o (open)
lib/vios_crt.a(close.o)       kernel/main.o (close)
lib/vios_crt.a(read.o)        kernel/main.o (read)
lib/vios_crt.a(write.o)       kernel/main.o (write)
lib/vios_crt.a(getpid.o)      kernel/main.o (getpid)
lib/vios_crt.a(fork.o)        kernel/main.o (fork)
lib/vios_crt.a(wait.o)        kernel/main.o (wait)
lib/vios_crt.a(printf.o)      kernel/main.o (printf)
lib/vios_crt.a(vsprintf.o)    kernel/panic.o (vsprintf)
lib/vios_crt.a(syscall.o)     lib/vios_crt.a(printf.o) (printx)
lib/vios_crt.a(exec.o)        kernel/main.o (execv)
lib/vios_crt.a(stat.o)        mm/exec.o (stat)
lib/vios_crt.a(lseek.o)       kernel/main.o (lseek)
lib/vios_crt.a(bitmap.o)      kernel/sched.o (bitmap_init)

分配公共符号
公共符号            大小              文件

current_console_id  0x4               kernel/global.o
idt_ptr             0x6               kernel/global.o
sb_table            0x1e0             kernel/global.o
inode_table         0xb00             kernel/global.o
task_stack          0x1c000           kernel/global.o
k_reenter           0x4               kernel/global.o
gdt                 0x400             kernel/global.o
fd_table            0x400             kernel/global.o
tty_table           0xc6c             kernel/global.o
tss                 0x64              kernel/global.o
fs_msg              0x30              kernel/global.o
memory_size         0x4               kernel/global.o
root_inode          0x4               kernel/global.o
disp_pos            0x4               kernel/global.o
prio_array_2        0x12              kernel/global.o
mm_msg              0x30              kernel/global.o
key_pressed         0x4               kernel/global.o
runqueue            0x8f4             kernel/global.o
gdt_ptr             0x6               kernel/global.o
idt                 0x800             kernel/global.o
ticks               0x4               kernel/global.o
console_table       0x3c              kernel/global.o
fs_caller           0x4               kernel/global.o
irq_table           0x40              kernel/global.o
proc_ready          0x4               kernel/global.o
prio_array_1        0x12              kernel/global.o
proc_table          0x40c0            kernel/global.o

Discarded input sections

 .note.GNU-stack
                0x0000000000000000        0x0 kernel/start.o
 .note.GNU-stack
                0x0000000000000000        0x0 kernel/i8259.o
 .note.GNU-stack
                0x0000000000000000        0x0 kernel/global.o
 .note.GNU-stack
                0x0000000000000000        0x0 kernel/protect.o
 .note.GNU-stack
                0x0000000000000000        0x0 kernel/main.o
 .note.GNU-stack
                0x0000000000000000        0x0 kernel/clock.o
 .note.GNU-stack
                0x0000000000000000        0x0 kernel/proc.o
 .note.GNU-stack
                0x0000000000000000        0x0 kernel/hd.o
 .note.GNU-stack
                0x0000000000000000        0x0 kernel/sched.o
 .note.GNU-stack
                0x0000000000000000        0x0 kernel/keyborad.o
 .note.GNU-stack
                0x0000000000000000        0x0 kernel/tty.o
 .note.GNU-stack
                0x0000000000000000        0x0 kernel/console.o
 .note.GNU-stack
                0x0000000000000000        0x0 kernel/systask.o
 .note.GNU-stack
                0x0000000000000000        0x0 kernel/message.o
 .note.GNU-stack
                0x0000000000000000        0x0 kernel/panic.o
 .note.GNU-stack
                0x0000000000000000        0x0 fs/main.o
 .note.GNU-stack
                0x0000000000000000        0x0 fs/misc.o
 .note.GNU-stack
                0x0000000000000000        0x0 fs/open.o
 .note.GNU-stack
                0x0000000000000000        0x0 fs/read_write.o
 .note.GNU-stack
                0x0000000000000000        0x0 fs/link.o
 .note.GNU-stack
                0x0000000000000000        0x0 fs/stat.o
 .note.GNU-stack
                0x0000000000000000        0x0 mm/main.o
 .note.GNU-stack
                0x0000000000000000        0x0 mm/fork_exit.o
 .note.GNU-stack
                0x0000000000000000        0x0 mm/exec.o
 .note.GNU-stack
                0x0000000000000000        0x0 test/test_bitmap.o
 .note.GNU-stack
                0x0000000000000000        0x0 test/test_list.o
 .note.GNU-stack
                0x0000000000000000        0x0 test/test_sched.o
 .note.GNU-stack
                0x0000000000000000        0x0 lib/vios_crt.a(misc.o)
 .note.GNU-stack
                0x0000000000000000        0x0 lib/vios_crt.a(klib.o)
 .note.GNU-stack
                0x0000000000000000        0x0 lib/vios_crt.a(open.o)
 .note.GNU-stack
                0x0000000000000000        0x0 lib/vios_crt.a(close.o)
 .note.GNU-stack
                0x0000000000000000        0x0 lib/vios_crt.a(read.o)
 .note.GNU-stack
                0x0000000000000000        0x0 lib/vios_crt.a(write.o)
 .note.GNU-stack
                0x0000000000000000        0x0 lib/vios_crt.a(getpid.o)
 .note.GNU-stack
                0x0000000000000000        0x0 lib/vios_crt.a(fork.o)
 .note.GNU-stack
                0x0000000000000000        0x0 lib/vios_crt.a(wait.o)
 .note.GNU-stack
                0x0000000000000000        0x0 lib/vios_crt.a(printf.o)
 .note.GNU-stack
                0x0000000000000000        0x0 lib/vios_crt.a(vsprintf.o)
 .note.GNU-stack
                0x0000000000000000        0x0 lib/vios_crt.a(exec.o)
 .note.GNU-stack
                0x0000000000000000        0x0 lib/vios_crt.a(stat.o)
 .note.GNU-stack
                0x0000000000000000        0x0 lib/vios_crt.a(lseek.o)
 .note.GNU-stack
                0x0000000000000000        0x0 lib/vios_crt.a(bitmap.o)

内存配置

名称           来源             长度             属性
*default*        0x0000000000000000 0xffffffffffffffff

Linker script and memory map

Address of section .text set to 0x1000
LOAD kernel/kernel.o
LOAD kernel/start.o
LOAD kernel/i8259.o
LOAD kernel/global.o
LOAD kernel/protect.o
LOAD kernel/main.o
LOAD kernel/clock.o
LOAD kernel/proc.o
LOAD kernel/hd.o
LOAD kernel/sched.o
LOAD kernel/keyborad.o
LOAD kernel/tty.o
LOAD kernel/console.o
LOAD kernel/systask.o
LOAD kernel/message.o
LOAD kernel/panic.o
LOAD fs/main.o
LOAD fs/misc.o
LOAD fs/open.o
LOAD fs/read_write.o
LOAD fs/link.o
LOAD fs/stat.o
LOAD mm/main.o
LOAD mm/fork_exit.o
LOAD mm/exec.o
LOAD test/test_bitmap.o
LOAD test/test_list.o
LOAD test/test_sched.o
LOAD lib/vios_crt.a
                0x0000000008048000                PROVIDE (__executable_start, 0x8048000)
                0x0000000008048094                . = (0x8048000 + SIZEOF_HEADERS)

.interp
 *(.interp)

.note.gnu.build-id
 *(.note.gnu.build-id)

.hash
 *(.hash)

.gnu.hash
 *(.gnu.hash)

.dynsym
 *(.dynsym)

.dynstr
 *(.dynstr)

.gnu.version
 *(.gnu.version)

.gnu.version_d
 *(.gnu.version_d)

.gnu.version_r
 *(.gnu.version_r)

.rel.dyn        0x0000000008048094        0x0
 *(.rel.init)
 *(.rel.text .rel.text.* .rel.gnu.linkonce.t.*)
 .rel.text      0x0000000000000000        0x0 kernel/kernel.o
 *(.rel.fini)
 *(.rel.rodata .rel.rodata.* .rel.gnu.linkonce.r.*)
 *(.rel.data.rel.ro .rel.data.rel.ro.* .rel.gnu.linkonce.d.rel.ro.*)
 *(.rel.data .rel.data.* .rel.gnu.linkonce.d.*)
 .rel.data      0x0000000000000000        0x0 kernel/kernel.o
 *(.rel.tdata .rel.tdata.* .rel.gnu.linkonce.td.*)
 *(.rel.tbss .rel.tbss.* .rel.gnu.linkonce.tb.*)
 *(.rel.ctors)
 *(.rel.dtors)
 *(.rel.got)
 *(.rel.sharable_data .rel.sharable_data.* .rel.gnu.linkonce.shrd.*)
 *(.rel.sharable_bss .rel.sharable_bss.* .rel.gnu.linkonce.shrb.*)
 *(.rel.bss .rel.bss.* .rel.gnu.linkonce.b.*)
 *(.rel.ifunc)

.rel.plt        0x0000000008048094        0x0
 *(.rel.plt)
                0x0000000008048094                PROVIDE (__rel_iplt_start, .)
 *(.rel.iplt)
 .rel.iplt      0x0000000000000000        0x0 kernel/kernel.o
                0x0000000008048094                PROVIDE (__rel_iplt_end, .)

.init
 *(SORT(.init))

.plt            0x00000000080480a0        0x0
 *(.plt)
 *(.iplt)
 .iplt          0x0000000000000000        0x0 kernel/kernel.o

.text           0x0000000000001000     0xbad5
 *(.text.unlikely .text.*_unlikely)
 *(.text.exit .text.exit.*)
 *(.text.startup .text.startup.*)
 *(.text.hot .text.hot.*)
 *(.text .stub .text.* .gnu.linkonce.t.*)
 .text          0x0000000000001000      0x410 kernel/kernel.o
                0x0000000000001000                _start
                0x0000000000001040                hwint00
                0x0000000000001070                hwint01
                0x00000000000010a0                hwint02
                0x00000000000010d0                hwint03
                0x0000000000001100                hwint04
                0x0000000000001130                hwint05
                0x0000000000001160                hwint06
                0x0000000000001190                hwint07
                0x00000000000011c0                hwint08
                0x00000000000011f0                hwint09
                0x0000000000001220                hwint10
                0x0000000000001250                hwint11
                0x0000000000001280                hwint12
                0x00000000000012b0                hwint13
                0x00000000000012e0                hwint14
                0x0000000000001310                hwint15
                0x0000000000001334                divide_error
                0x000000000000133a                single_step_exception
                0x0000000000001340                nmi
                0x0000000000001346                breakpoint_exception
                0x000000000000134c                overflow
                0x0000000000001352                bounds_check
                0x0000000000001358                inval_opcode
                0x000000000000135e                copr_not_available
                0x0000000000001364                double_fault
                0x0000000000001368                copr_seg_overrun
                0x000000000000136e                inval_tss
                0x0000000000001372                segment_not_present
                0x0000000000001376                stack_exception
                0x000000000000137a                general_protection
                0x000000000000137e                page_fault
                0x0000000000001382                copr_error
                0x0000000000001391                sys_call
                0x00000000000013eb                restart
 .text          0x0000000000001410       0x94 kernel/start.o
                0x0000000000001410                cstart
 .text          0x00000000000014a4      0x12d kernel/i8259.o
                0x00000000000014a4                init_8259A
                0x0000000000001578                spurious_irq
                0x00000000000015ae                put_irq_handler
 *fill*         0x00000000000015d1        0x3 
 .text          0x00000000000015d4        0x0 kernel/global.o
 .text          0x00000000000015d4      0x65a kernel/protect.o
                0x00000000000015d4                get_seg_base
                0x0000000000001623                init_descriptor
                0x00000000000016f8                protect_init
                0x0000000000001af2                exception_handler
 *fill*         0x0000000000001c2e        0x2 
 .text          0x0000000000001c30      0xa2b kernel/main.o
                0x0000000000001c30                kernel_main
                0x0000000000002030                get_ticks
                0x0000000000002064                untar
                0x00000000000022e1                shell
                0x00000000000024eb                init
                0x0000000000002656                test
 *fill*         0x000000000000265b        0x1 
 .text          0x000000000000265c      0x117 kernel/clock.o
                0x000000000000265c                clock_init
                0x00000000000026b3                clock_handler
                0x0000000000002714                sched_clock
                0x000000000000273a                milli_delay
 *fill*         0x0000000000002773        0x1 
 .text          0x0000000000002774      0x1e3 kernel/proc.o
                0x0000000000002774                current
                0x000000000000277e                sys_get_ticks
                0x0000000000002788                sys_write
                0x00000000000027bb                ldt_seg_linear
                0x0000000000002805                va2la
                0x000000000000286f                tty_write
                0x00000000000028b4                proc_info
 *fill*         0x0000000000002957        0x1 
 .text          0x0000000000002958      0xe8f kernel/hd.o
                0x00000000000036ba                task_hd
                0x000000000000377b                hd_handler
                0x00000000000037a5                test_in_kernel
 *fill*         0x00000000000037e7        0x1 
 .text          0x00000000000037e8      0xd41 kernel/sched.o
                0x0000000000003e42                activate_task
                0x0000000000003e80                deactivate_task
                0x0000000000003ec2                sched_tick
                0x00000000000040bc                schedule
                0x00000000000042be                schedule_old_version
                0x000000000000435d                block
                0x00000000000043a3                unblock
                0x00000000000043e9                task_prio
                0x00000000000043f7                task_nice
                0x0000000000004405                sched_init
 *fill*         0x0000000000004529        0x3 
 .text          0x000000000000452c      0x6c4 kernel/keyborad.o
                0x00000000000045cc                keyboard_init
                0x000000000000467a                keyboard_handler
                0x000000000000473c                keyboard_read
 .text          0x0000000000004bf0      0xa4c kernel/tty.o
                0x0000000000004bf0                tty_init
                0x0000000000005029                task_tty
                0x00000000000051da                in_process
                0x0000000000005319                sys_printx
                0x00000000000054d5                dump_tty_buf
 .text          0x000000000000563c      0x911 kernel/console.o
                0x0000000000005747                scroll_screen
                0x0000000000005993                out_char
                0x0000000000005c9d                screen_init
                0x0000000000005e2d                is_current_console
                0x0000000000005e50                select_console
                0x0000000000005eaf                clear_console
 *fill*         0x0000000000005f4d        0x3 
 .text          0x0000000000005f50      0x2ba kernel/systask.o
                0x000000000000611c                task_sys
 *fill*         0x000000000000620a        0x2 
 .text          0x000000000000620c     0x1630 kernel/message.o
                0x000000000000620c                reset_msg
                0x000000000000703e                sys_sendrec
                0x0000000000007169                inform_int
                0x00000000000072fa                dump_proc
                0x0000000000007726                dump_msg
 .text          0x000000000000783c       0x48 kernel/panic.o
                0x000000000000783c                panic
 .text          0x0000000000007884     0x1081 fs/main.o
                0x0000000000007884                rw_sector
                0x0000000000007a41                get_super_block
                0x0000000000007a87                get_inode
                0x0000000000007bea                dec_inode
                0x0000000000007c24                sync_inode
                0x0000000000007d22                new_inode
                0x00000000000087c9                task_fs
 *fill*         0x0000000000008905        0x3 
 .text          0x0000000000008908      0x1de fs/misc.o
                0x0000000000008908                strip_path
                0x0000000000008992                search_file
 *fill*         0x0000000000008ae6        0x2 
 .text          0x0000000000008ae8      0xb13 fs/open.o
                0x000000000000904a                do_open
                0x00000000000094d7                do_close
                0x000000000000954e                do_lseek
 *fill*         0x00000000000095fb        0x1 
 .text          0x00000000000095fc      0x50d fs/read_write.o
                0x00000000000095fc                do_rdwt
 *fill*         0x0000000000009b09        0x3 
 .text          0x0000000000009b0c      0x7df fs/link.o
                0x0000000000009b0c                do_unlink
 *fill*         0x000000000000a2eb        0x1 
 .text          0x000000000000a2ec      0x1d1 fs/stat.o
                0x000000000000a2ec                do_stat
 *fill*         0x000000000000a4bd        0x3 
 .text          0x000000000000a4c0      0x1ac mm/main.o
                0x000000000000a4f8                alloc_mem
                0x000000000000a573                free_mem
                0x000000000000a57d                task_mm
 .text          0x000000000000a66c      0x889 mm/fork_exit.o
                0x000000000000a70b                do_fork
                0x000000000000aac0                do_exit
                0x000000000000ada0                do_wait
 *fill*         0x000000000000aef5        0x3 
 .text          0x000000000000aef8      0x380 mm/exec.o
                0x000000000000aef8                do_exec
 .text          0x000000000000b278       0xd7 test/test_bitmap.o
                0x000000000000b278                test_bitmap
 *fill*         0x000000000000b34f        0x1 
 .text          0x000000000000b350      0x24d test/test_list.o
                0x000000000000b42e                test_list
 *fill*         0x000000000000b59d        0x3 
 .text          0x000000000000b5a0       0x1c test/test_sched.o
                0x000000000000b5a0                test_sched
 .text          0x000000000000b5bc      0x2e7 lib/vios_crt.a(misc.o)
                0x000000000000b5bc                send_recv
                0x000000000000b675                spin
                0x000000000000b690                assertion_failure
                0x000000000000b6c8                memcmp
                0x000000000000b73e                strcmp
                0x000000000000b7b0                strncmp
                0x000000000000b844                strcat
 *fill*         0x000000000000b8a3        0x1 
 .text          0x000000000000b8a4      0x36b lib/vios_crt.a(klib.o)
                0x000000000000b8a4                get_boot_params
                0x000000000000b929                get_kernel_map
                0x000000000000ba39                itoa
                0x000000000000bae4                disp_int
                0x000000000000bb0a                disp_color_int
                0x000000000000bb33                delay
                0x000000000000bb79                dump
 *fill*         0x000000000000bc0f        0x1 
 .text          0x000000000000bc10      0x184 lib/vios_crt.a(kliba.o)
                0x000000000000bc10                disp_str
                0x000000000000bc4e                disp_color_str
                0x000000000000bc8d                out_byte
                0x000000000000bc99                in_byte
                0x000000000000bca3                enable_irq
                0x000000000000bcc2                disable_irq
                0x000000000000bce1                enable_int
                0x000000000000bce3                disable_int
                0x000000000000bce5                port_read
                0x000000000000bcf8                port_write
                0x000000000000bd0b                glitter
 *fill*         0x000000000000bd94        0xc 
 .text          0x000000000000bda0       0x95 lib/vios_crt.a(string.o)
                0x000000000000bda0                memcpy
                0x000000000000bdc9                memset
                0x000000000000bdea                strcpy
                0x000000000000be02                strlen
                0x000000000000be18                strncpy
 *fill*         0x000000000000be35        0x3 
 .text          0x000000000000be38       0x63 lib/vios_crt.a(open.o)
                0x000000000000be38                open
 *fill*         0x000000000000be9b        0x1 
 .text          0x000000000000be9c       0x2b lib/vios_crt.a(close.o)
                0x000000000000be9c                close
 *fill*         0x000000000000bec7        0x1 
 .text          0x000000000000bec8       0x37 lib/vios_crt.a(read.o)
                0x000000000000bec8                read
 *fill*         0x000000000000beff        0x1 
 .text          0x000000000000bf00       0x37 lib/vios_crt.a(write.o)
                0x000000000000bf00                write
 *fill*         0x000000000000bf37        0x1 
 .text          0x000000000000bf38       0x46 lib/vios_crt.a(getpid.o)
                0x000000000000bf38                getpid
 *fill*         0x000000000000bf7e        0x2 
 .text          0x000000000000bf80       0x66 lib/vios_crt.a(fork.o)
                0x000000000000bf80                fork
 *fill*         0x000000000000bfe6        0x2 
 .text          0x000000000000bfe8       0x3c lib/vios_crt.a(wait.o)
                0x000000000000bfe8                wait
 .text          0x000000000000c024       0xc9 lib/vios_crt.a(printf.o)
                0x000000000000c024                printf
                0x000000000000c09d                printk
 *fill*         0x000000000000c0ed        0x3 
 .text          0x000000000000c0f0      0x30b lib/vios_crt.a(vsprintf.o)
                0x000000000000c14e                vsprintf
                0x000000000000c3d5                sprintf
 *fill*         0x000000000000c3fb        0x5 
 .text          0x000000000000c400       0x38 lib/vios_crt.a(syscall.o)
                0x000000000000c400                get_ticks0
                0x000000000000c408                write0
                0x000000000000c418                printx
                0x000000000000c424                sendrec
 .text          0x000000000000c438      0x237 lib/vios_crt.a(exec.o)
                0x000000000000c438                exec
                0x000000000000c4a3                execl
                0x000000000000c4c8                execv
 *fill*         0x000000000000c66f        0x1 
 .text          0x000000000000c670       0x63 lib/vios_crt.a(stat.o)
                0x000000000000c670                stat
 *fill*         0x000000000000c6d3        0x1 
 .text          0x000000000000c6d4       0x37 lib/vios_crt.a(lseek.o)
                0x000000000000c6d4                lseek
 *fill*         0x000000000000c70b        0x1 
 .text          0x000000000000c70c      0x3c9 lib/vios_crt.a(bitmap.o)
                0x000000000000c70c                bitmap_init
                0x000000000000c747                bitmap_get
                0x000000000000c787                bitmap_alloc
                0x000000000000c874                bitmap_set
                0x000000000000c924                bitmap_alloc_and_set
                0x000000000000c96f                bitmap_find_first_one
                0x000000000000c9f5                bitmap_view
                0x000000000000cab1                bitmap_clear
 *(.gnu.warning)

.fini
 *(SORT(.fini))
                0x000000000000cad5                PROVIDE (__etext, .)
                0x000000000000cad5                PROVIDE (_etext, .)
                0x000000000000cad5                PROVIDE (etext, .)

.rodata         0x000000000000cb00     0x1fbc
 *(.rodata .rodata.* .gnu.linkonce.r.*)
 .rodata        0x000000000000cb00       0x2c kernel/start.o
 .rodata        0x000000000000cb2c       0x11 kernel/i8259.o
 *fill*         0x000000000000cb3d        0x3 
 .rodata        0x000000000000cb40        0x8 kernel/global.o
                0x000000000000cb40                FSBUF_SIZE
                0x000000000000cb44                MMBUF_SIZE
 *fill*         0x000000000000cb48       0x38 
 .rodata        0x000000000000cb80      0x290 kernel/protect.o
 .rodata        0x000000000000ce10      0x213 kernel/main.o
 .rodata        0x000000000000d023       0x95 kernel/proc.o
 .rodata        0x000000000000d0b8      0x210 kernel/hd.o
 .rodata        0x000000000000d2c8       0x7c kernel/sched.o
 .rodata        0x000000000000d344       0x64 kernel/keyborad.o
 .rodata        0x000000000000d3a8      0x15a kernel/tty.o
 *fill*         0x000000000000d502        0x2 
 .rodata        0x000000000000d504       0x81 kernel/console.o
 .rodata        0x000000000000d585       0x16 kernel/systask.o
 *fill*         0x000000000000d59b        0x1 
 .rodata        0x000000000000d59c      0x5aa kernel/message.o
 .rodata        0x000000000000db46       0x10 kernel/panic.o
 *fill*         0x000000000000db56        0x2 
 .rodata        0x000000000000db58      0x258 fs/main.o
 .rodata        0x000000000000ddb0      0x1df fs/open.o
 *fill*         0x000000000000df8f        0x1 
 .rodata        0x000000000000df90      0x1ec fs/read_write.o
 .rodata        0x000000000000e17c      0x18c fs/link.o
 .rodata        0x000000000000e308       0x8c fs/stat.o
 .rodata        0x000000000000e394       0xb8 mm/main.o
 .rodata        0x000000000000e44c      0x2d6 mm/fork_exit.o
 *fill*         0x000000000000e722        0x2 
 .rodata        0x000000000000e724       0xa6 mm/exec.o
 .rodata        0x000000000000e7ca        0xf test/test_bitmap.o
 .rodata        0x000000000000e7d9       0x37 test/test_list.o
 .rodata        0x000000000000e810       0xb7 lib/vios_crt.a(misc.o)
 *fill*         0x000000000000e8c7        0x1 
 .rodata        0x000000000000e8c8       0x85 lib/vios_crt.a(klib.o)
 .rodata        0x000000000000e94d       0x23 lib/vios_crt.a(open.o)
 .rodata        0x000000000000e970       0x25 lib/vios_crt.a(getpid.o)
 .rodata        0x000000000000e995       0x33 lib/vios_crt.a(fork.o)
 .rodata        0x000000000000e9c8       0x19 lib/vios_crt.a(printf.o)
 *fill*         0x000000000000e9e1        0x3 
 .rodata        0x000000000000e9e4       0x87 lib/vios_crt.a(exec.o)
 .rodata        0x000000000000ea6b       0x23 lib/vios_crt.a(stat.o)
 .rodata        0x000000000000ea8e       0x2e lib/vios_crt.a(bitmap.o)

.rodata1
 *(.rodata1)

.eh_frame_hdr
 *(.eh_frame_hdr)

.eh_frame       0x000000000000eabc     0x189c
 *(.eh_frame)
 .eh_frame      0x000000000000eabc       0x38 kernel/start.o
 .eh_frame      0x000000000000eaf4       0x60 kernel/i8259.o
                                         0x78 (size before relaxing)
 .eh_frame      0x000000000000eb54       0xb0 kernel/protect.o
                                         0xc8 (size before relaxing)
 .eh_frame      0x000000000000ec04       0xb0 kernel/main.o
                                         0xc8 (size before relaxing)
 .eh_frame      0x000000000000ecb4       0x80 kernel/clock.o
                                         0x98 (size before relaxing)
 .eh_frame      0x000000000000ed34       0xe0 kernel/proc.o
                                         0xf8 (size before relaxing)
 .eh_frame      0x000000000000ee14      0x250 kernel/hd.o
                                        0x268 (size before relaxing)
 .eh_frame      0x000000000000f064      0x350 kernel/sched.o
                                        0x368 (size before relaxing)
 .eh_frame      0x000000000000f3b4       0xe0 kernel/keyborad.o
                                         0xf8 (size before relaxing)
 .eh_frame      0x000000000000f494      0x13c kernel/tty.o
                                        0x154 (size before relaxing)
 .eh_frame      0x000000000000f5d0      0x164 kernel/console.o
                                        0x17c (size before relaxing)
 .eh_frame      0x000000000000f734       0x5c kernel/systask.o
                                         0x74 (size before relaxing)
 .eh_frame      0x000000000000f790      0x118 kernel/message.o
                                        0x130 (size before relaxing)
 .eh_frame      0x000000000000f8a8       0x20 kernel/panic.o
                                         0x38 (size before relaxing)
 .eh_frame      0x000000000000f8c8      0x190 fs/main.o
                                        0x1a8 (size before relaxing)
 .eh_frame      0x000000000000fa58       0x44 fs/misc.o
                                         0x5c (size before relaxing)
 .eh_frame      0x000000000000fa9c      0x100 fs/open.o
                                        0x118 (size before relaxing)
 .eh_frame      0x000000000000fb9c       0x2c fs/read_write.o
                                         0x44 (size before relaxing)
 .eh_frame      0x000000000000fbc8       0x2c fs/link.o
                                         0x44 (size before relaxing)
 .eh_frame      0x000000000000fbf4       0x24 fs/stat.o
                                         0x3c (size before relaxing)
 .eh_frame      0x000000000000fc18       0x7c mm/main.o
                                         0x94 (size before relaxing)
 .eh_frame      0x000000000000fc94       0x90 mm/fork_exit.o
                                         0xa8 (size before relaxing)
 .eh_frame      0x000000000000fd24       0x2c mm/exec.o
                                         0x44 (size before relaxing)
 .eh_frame      0x000000000000fd50       0x20 test/test_bitmap.o
                                         0x38 (size before relaxing)
 .eh_frame      0x000000000000fd70       0xe0 test/test_list.o
                                         0xf8 (size before relaxing)
 .eh_frame      0x000000000000fe50       0x20 test/test_sched.o
                                         0x38 (size before relaxing)
 .eh_frame      0x000000000000fe70       0xdc lib/vios_crt.a(misc.o)
                                         0xf4 (size before relaxing)
 .eh_frame      0x000000000000ff4c       0xe0 lib/vios_crt.a(klib.o)
                                         0xf8 (size before relaxing)
 .eh_frame      0x000000000001002c       0x20 lib/vios_crt.a(open.o)
                                         0x38 (size before relaxing)
 .eh_frame      0x000000000001004c       0x20 lib/vios_crt.a(close.o)
                                         0x38 (size before relaxing)
 .eh_frame      0x000000000001006c       0x20 lib/vios_crt.a(read.o)
                                         0x38 (size before relaxing)
 .eh_frame      0x000000000001008c       0x20 lib/vios_crt.a(write.o)
                                         0x38 (size before relaxing)
 .eh_frame      0x00000000000100ac       0x20 lib/vios_crt.a(getpid.o)
                                         0x38 (size before relaxing)
 .eh_frame      0x00000000000100cc       0x20 lib/vios_crt.a(fork.o)
                                         0x38 (size before relaxing)
 .eh_frame      0x00000000000100ec       0x20 lib/vios_crt.a(wait.o)
                                         0x38 (size before relaxing)
 .eh_frame      0x000000000001010c       0x40 lib/vios_crt.a(printf.o)
                                         0x58 (size before relaxing)
 .eh_frame      0x000000000001014c       0x60 lib/vios_crt.a(vsprintf.o)
                                         0x78 (size before relaxing)
 .eh_frame      0x00000000000101ac       0x60 lib/vios_crt.a(exec.o)
                                         0x78 (size before relaxing)
 .eh_frame      0x000000000001020c       0x20 lib/vios_crt.a(stat.o)
                                         0x38 (size before relaxing)
 .eh_frame      0x000000000001022c       0x20 lib/vios_crt.a(lseek.o)
                                         0x38 (size before relaxing)
 .eh_frame      0x000000000001024c      0x10c lib/vios_crt.a(bitmap.o)
                                        0x124 (size before relaxing)

.gcc_except_table
 *(.gcc_except_table .gcc_except_table.*)

.exception_ranges
 *(.exception_ranges .exception_ranges*)
                0x0000000000010358                . = (ALIGN (0x1000) - ((0x1000 - .) & 0xfff))
                0x0000000000012000                . = DATA_SEGMENT_ALIGN (0x1000, 0x1000)

.eh_frame
 *(.eh_frame)

.gcc_except_table
 *(.gcc_except_table .gcc_except_table.*)

.exception_ranges
 *(.exception_ranges .exception_ranges*)

.tdata
 *(.tdata .tdata.* .gnu.linkonce.td.*)

.tbss
 *(.tbss .tbss.* .gnu.linkonce.tb.*)
 *(.tcommon)

.preinit_array  0x0000000000012000        0x0
                0x0000000000012000                PROVIDE (__preinit_array_start, .)
 *(.preinit_array)
                0x0000000000012000                PROVIDE (__preinit_array_end, .)

.init_array     0x0000000000012000        0x0
                0x0000000000012000                PROVIDE (__init_array_start, .)
 *(SORT(.init_array.*) SORT(.ctors.*))
 *(.init_array EXCLUDE_FILE(*crtend?.o *crtend.o *crtbegin?.o *crtbegin.o) .ctors)
                0x0000000000012000                PROVIDE (__init_array_end, .)

.fini_array     0x0000000000012000        0x0
                0x0000000000012000                PROVIDE (__fini_array_start, .)
 *(SORT(.fini_array.*) SORT(.dtors.*))
 *(.fini_array EXCLUDE_FILE(*crtend?.o *crtend.o *crtbegin?.o *crtbegin.o) .dtors)
                0x0000000000012000                PROVIDE (__fini_array_end, .)

.ctors
 *crtbegin.o(.ctors)
 *crtbegin?.o(.ctors)
 *(EXCLUDE_FILE(*crtend?.o *crtend.o) .ctors)
 *(SORT(.ctors.*))
 *(.ctors)

.dtors
 *crtbegin.o(.dtors)
 *crtbegin?.o(.dtors)
 *(EXCLUDE_FILE(*crtend?.o *crtend.o) .dtors)
 *(SORT(.dtors.*))
 *(.dtors)

.jcr
 *(.jcr)

.data.rel.ro
 *(.data.rel.ro.local* .gnu.linkonce.d.rel.ro.local.*)
 *(.data.rel.ro .data.rel.ro.* .gnu.linkonce.d.rel.ro.*)

.dynamic
 *(.dynamic)

.got
 *(.got)
 *(.igot)
                0x0000000000012000                . = DATA_SEGMENT_RELRO_END (., (SIZEOF (.got.plt) >= 0xc)?0xc:0x0)

.got.plt        0x0000000000012000        0x0
 *(.got.plt)
 *(.igot.plt)
 .igot.plt      0x0000000000000000        0x0 kernel/kernel.o

.data           0x0000000000012000      0x800
 *(.data .data.* .gnu.linkonce.d.*)
 .data          0x0000000000012000        0x2 kernel/kernel.o
 *fill*         0x0000000000012002        0x2 
 .data          0x0000000000012004        0x0 kernel/start.o
 .data          0x0000000000012004        0x0 kernel/i8259.o
 *fill*         0x0000000000012004       0x3c 
 .data          0x0000000000012040      0x188 kernel/global.o
                0x0000000000012040                task_table
                0x0000000000012140                user_proc_table
                0x0000000000012190                sys_call_table
                0x00000000000121a4                dd_map
                0x00000000000121bc                fsbuf
                0x00000000000121c0                mmbuf
                0x00000000000121c4                global_bitmap
 .data          0x00000000000121c8        0x0 kernel/protect.o
 .data          0x00000000000121c8        0x0 kernel/main.o
 .data          0x00000000000121c8        0x0 kernel/clock.o
 .data          0x00000000000121c8        0x0 kernel/proc.o
 .data          0x00000000000121c8        0x0 kernel/hd.o
 .data          0x00000000000121c8        0x0 kernel/sched.o
 *fill*         0x00000000000121c8       0x38 
 .data          0x0000000000012200      0x600 kernel/keyborad.o
                0x0000000000012200                keymap
 .data          0x0000000000012800        0x0 kernel/tty.o
 .data          0x0000000000012800        0x0 kernel/console.o
 .data          0x0000000000012800        0x0 kernel/systask.o
 .data          0x0000000000012800        0x0 kernel/message.o
 .data          0x0000000000012800        0x0 kernel/panic.o
 .data          0x0000000000012800        0x0 fs/main.o
 .data          0x0000000000012800        0x0 fs/misc.o
 .data          0x0000000000012800        0x0 fs/open.o
 .data          0x0000000000012800        0x0 fs/read_write.o
 .data          0x0000000000012800        0x0 fs/link.o
 .data          0x0000000000012800        0x0 fs/stat.o
 .data          0x0000000000012800        0x0 mm/main.o
 .data          0x0000000000012800        0x0 mm/fork_exit.o
 .data          0x0000000000012800        0x0 mm/exec.o
 .data          0x0000000000012800        0x0 test/test_bitmap.o
 .data          0x0000000000012800        0x0 test/test_list.o
 .data          0x0000000000012800        0x0 test/test_sched.o
 .data          0x0000000000012800        0x0 lib/vios_crt.a(misc.o)
 .data          0x0000000000012800        0x0 lib/vios_crt.a(klib.o)
 .data          0x0000000000012800        0x0 lib/vios_crt.a(open.o)
 .data          0x0000000000012800        0x0 lib/vios_crt.a(close.o)
 .data          0x0000000000012800        0x0 lib/vios_crt.a(read.o)
 .data          0x0000000000012800        0x0 lib/vios_crt.a(write.o)
 .data          0x0000000000012800        0x0 lib/vios_crt.a(getpid.o)
 .data          0x0000000000012800        0x0 lib/vios_crt.a(fork.o)
 .data          0x0000000000012800        0x0 lib/vios_crt.a(wait.o)
 .data          0x0000000000012800        0x0 lib/vios_crt.a(printf.o)
 .data          0x0000000000012800        0x0 lib/vios_crt.a(vsprintf.o)
 .data          0x0000000000012800        0x0 lib/vios_crt.a(exec.o)
 .data          0x0000000000012800        0x0 lib/vios_crt.a(stat.o)
 .data          0x0000000000012800        0x0 lib/vios_crt.a(lseek.o)
 .data          0x0000000000012800        0x0 lib/vios_crt.a(bitmap.o)

.data1
 *(.data1)

.sharable_data  0x0000000000013000        0x0
                0x0000000000013000                PROVIDE (__sharable_data_start, .)
 *(.sharable_data .sharable_data.* .gnu.linkonce.shrd.*)
                0x0000000000013000                . = ALIGN ((. != 0x0)?0x1000:0x1)
                0x0000000000013000                PROVIDE (__sharable_data_end, .)
                0x0000000000013000                _edata = .
                0x0000000000013000                PROVIDE (edata, .)
                0x0000000000013000                . = .
                0x0000000000013000                __bss_start = .

.bss            0x0000000000012800    0x24540
 *(.dynbss)
 *(.bss .bss.* .gnu.linkonce.b.*)
 .bss           0x0000000000012800      0x800 kernel/kernel.o
 .bss           0x0000000000013000        0x0 kernel/start.o
 .bss           0x0000000000013000        0x0 kernel/i8259.o
 .bss           0x0000000000013000        0x8 kernel/global.o
                0x0000000000013000                isInited
                0x0000000000013004                isPreemptDisabled
 .bss           0x0000000000013008        0x0 kernel/protect.o
 .bss           0x0000000000013008        0x0 kernel/main.o
 .bss           0x0000000000013008        0x0 kernel/clock.o
 .bss           0x0000000000013008        0x0 kernel/proc.o
 *fill*         0x0000000000013008       0x38 
 .bss           0x0000000000013040      0x66c kernel/hd.o
 .bss           0x00000000000136ac        0x0 kernel/sched.o
 *fill*         0x00000000000136ac       0x14 
 .bss           0x00000000000136c0       0x58 kernel/keyborad.o
 .bss           0x0000000000013718        0x0 kernel/tty.o
 .bss           0x0000000000013718        0x0 kernel/console.o
 .bss           0x0000000000013718        0x0 kernel/systask.o
 .bss           0x0000000000013718        0x0 kernel/message.o
 .bss           0x0000000000013718        0x0 kernel/panic.o
 .bss           0x0000000000013718        0x0 fs/main.o
 .bss           0x0000000000013718        0x0 fs/misc.o
 .bss           0x0000000000013718        0x0 fs/open.o
 .bss           0x0000000000013718        0x0 fs/read_write.o
 .bss           0x0000000000013718        0x0 fs/link.o
 .bss           0x0000000000013718        0x0 fs/stat.o
 .bss           0x0000000000013718        0x0 mm/main.o
 .bss           0x0000000000013718        0x0 mm/fork_exit.o
 .bss           0x0000000000013718        0x0 mm/exec.o
 .bss           0x0000000000013718        0x0 test/test_bitmap.o
 .bss           0x0000000000013718        0x0 test/test_list.o
 .bss           0x0000000000013718        0x0 test/test_sched.o
 .bss           0x0000000000013718        0x0 lib/vios_crt.a(misc.o)
 .bss           0x0000000000013718        0x0 lib/vios_crt.a(klib.o)
 .bss           0x0000000000013718        0x0 lib/vios_crt.a(open.o)
 .bss           0x0000000000013718        0x0 lib/vios_crt.a(close.o)
 .bss           0x0000000000013718        0x0 lib/vios_crt.a(read.o)
 .bss           0x0000000000013718        0x0 lib/vios_crt.a(write.o)
 .bss           0x0000000000013718        0x0 lib/vios_crt.a(getpid.o)
 .bss           0x0000000000013718        0x0 lib/vios_crt.a(fork.o)
 .bss           0x0000000000013718        0x0 lib/vios_crt.a(wait.o)
 .bss           0x0000000000013718        0x0 lib/vios_crt.a(printf.o)
 .bss           0x0000000000013718        0x0 lib/vios_crt.a(vsprintf.o)
 .bss           0x0000000000013718        0x0 lib/vios_crt.a(exec.o)
 .bss           0x0000000000013718        0x0 lib/vios_crt.a(stat.o)
 .bss           0x0000000000013718        0x0 lib/vios_crt.a(lseek.o)
 .bss           0x0000000000013718        0x0 lib/vios_crt.a(bitmap.o)
 *(COMMON)
 *fill*         0x0000000000013718       0x28 
 COMMON         0x0000000000013740    0x23600 kernel/global.o
                0x0000000000013740                current_console_id
                0x0000000000013744                idt_ptr
                0x0000000000013780                sb_table
                0x0000000000013980                inode_table
                0x0000000000014480                task_stack
                0x0000000000030480                k_reenter
                0x00000000000304c0                gdt
                0x00000000000308c0                fd_table
                0x0000000000030cc0                tty_table
                0x0000000000031940                tss
                0x00000000000319c0                fs_msg
                0x00000000000319f0                memory_size
                0x00000000000319f4                root_inode
                0x00000000000319f8                disp_pos
                0x00000000000319fc                prio_array_2
                0x0000000000031a20                mm_msg
                0x0000000000031a50                key_pressed
                0x0000000000031a80                runqueue
                0x0000000000032374                gdt_ptr
                0x0000000000032380                idt
                0x0000000000032b80                ticks
                0x0000000000032ba0                console_table
                0x0000000000032bdc                fs_caller
                0x0000000000032c00                irq_table
                0x0000000000032c40                proc_ready
                0x0000000000032c44                prio_array_1
                0x0000000000032c80                proc_table
                0x0000000000036d40                . = ALIGN ((. != 0x0)?0x4:0x1)

.sharable_bss   0x0000000000037000        0x0
                0x0000000000037000                PROVIDE (__sharable_bss_start, .)
 *(.dynsharablebss)
 *(.sharable_bss .sharable_bss.* .gnu.linkonce.shrb.*)
 *(SHARABLE_COMMON)
                0x0000000000037000                . = ALIGN ((. != 0x0)?0x1000:0x1)
                0x0000000000037000                PROVIDE (__sharable_bss_end, .)
                0x0000000000037000                . = ALIGN (0x4)
                0x0000000000037000                . = SEGMENT_START ("ldata-segment", .)
                0x0000000000037000                . = ALIGN (0x4)
                0x0000000000037000                _end = .
                0x0000000000037000                PROVIDE (end, .)
                0x0000000000037000                . = DATA_SEGMENT_END (.)

.stab
 *(.stab)

.stabstr
 *(.stabstr)

.stab.excl
 *(.stab.excl)

.stab.exclstr
 *(.stab.exclstr)

.stab.index
 *(.stab.index)

.stab.indexstr
 *(.stab.indexstr)

.comment        0x0000000000000000       0x11
 *(.comment)
 .comment       0x0000000000000000       0x11 kernel/start.o
                                         0x12 (size before relaxing)
 .comment       0x0000000000000000       0x12 kernel/i8259.o
 .comment       0x0000000000000000       0x12 kernel/global.o
 .comment       0x0000000000000000       0x12 kernel/protect.o
 .comment       0x0000000000000000       0x12 kernel/main.o
 .comment       0x0000000000000000       0x12 kernel/clock.o
 .comment       0x0000000000000000       0x12 kernel/proc.o
 .comment       0x0000000000000000       0x12 kernel/hd.o
 .comment       0x0000000000000000       0x12 kernel/sched.o
 .comment       0x0000000000000000       0x12 kernel/keyborad.o
 .comment       0x0000000000000000       0x12 kernel/tty.o
 .comment       0x0000000000000000       0x12 kernel/console.o
 .comment       0x0000000000000000       0x12 kernel/systask.o
 .comment       0x0000000000000000       0x12 kernel/message.o
 .comment       0x0000000000000000       0x12 kernel/panic.o
 .comment       0x0000000000000000       0x12 fs/main.o
 .comment       0x0000000000000000       0x12 fs/misc.o
 .comment       0x0000000000000000       0x12 fs/open.o
 .comment       0x0000000000000000       0x12 fs/read_write.o
 .comment       0x0000000000000000       0x12 fs/link.o
 .comment       0x0000000000000000       0x12 fs/stat.o
 .comment       0x0000000000000000       0x12 mm/main.o
 .comment       0x0000000000000000       0x12 mm/fork_exit.o
 .comment       0x0000000000000000       0x12 mm/exec.o
 .comment       0x0000000000000000       0x12 test/test_bitmap.o
 .comment       0x0000000000000000       0x12 test/test_list.o
 .comment       0x0000000000000000       0x12 test/test_sched.o
 .comment       0x0000000000000000       0x12 lib/vios_crt.a(misc.o)
 .comment       0x0000000000000000       0x12 lib/vios_crt.a(klib.o)
 .comment       0x0000000000000000       0x12 lib/vios_crt.a(open.o)
 .comment       0x0000000000000000       0x12 lib/vios_crt.a(close.o)
 .comment       0x0000000000000000       0x12 lib/vios_crt.a(read.o)
 .comment       0x0000000000000000       0x12 lib/vios_crt.a(write.o)
 .comment       0x0000000000000000       0x12 lib/vios_crt.a(getpid.o)
 .comment       0x0000000000000000       0x12 lib/vios_crt.a(fork.o)
 .comment       0x0000000000000000       0x12 lib/vios_crt.a(wait.o)
 .comment       0x0000000000000000       0x12 lib/vios_crt.a(printf.o)
 .comment       0x0000000000000000       0x12 lib/vios_crt.a(vsprintf.o)
 .comment       0x0000000000000000       0x12 lib/vios_crt.a(exec.o)
 .comment       0x0000000000000000       0x12 lib/vios_crt.a(stat.o)
 .comment       0x0000000000000000       0x12 lib/vios_crt.a(lseek.o)
 .comment       0x0000000000000000       0x12 lib/vios_crt.a(bitmap.o)

.debug
 *(.debug)

.line
 *(.line)

.debug_srcinfo
 *(.debug_srcinfo)

.debug_sfnames
 *(.debug_sfnames)

.debug_aranges
 *(.debug_aranges)

.debug_pubnames
 *(.debug_pubnames)

.debug_info
 *(.debug_info .gnu.linkonce.wi.*)

.debug_abbrev
 *(.debug_abbrev)

.debug_line
 *(.debug_line)

.debug_frame
 *(.debug_frame)

.debug_str
 *(.debug_str)

.debug_loc
 *(.debug_loc)

.debug_macinfo
 *(.debug_macinfo)

.debug_weaknames
 *(.debug_weaknames)

.debug_funcnames
 *(.debug_funcnames)

.debug_typenames
 *(.debug_typenames)

.debug_varnames
 *(.debug_varnames)

.debug_pubtypes
 *(.debug_pubtypes)

.debug_ranges
 *(.debug_ranges)

.debug_macro
 *(.debug_macro)

.gnu.attributes
 *(.gnu.attributes)

/DISCARD/
 *(.note.GNU-stack)
 *(.gnu_debuglink)
 *(.gnu.lto_*)
 *(.gnu_object_only)
OUTPUT(kernel.bin elf32-i386)
