Archive member included because of file (symbol)

lib/vios_crt.a(misc.o)        kernel/main.o (send_recv)
lib/vios_crt.a(klib.o)        mm/main.o (get_boot_params)
lib/vios_crt.a(kliba.o)       kernel/kernel.o (disp_str)
lib/vios_crt.a(string.o)      kernel/start.o (memcpy)
lib/vios_crt.a(open.o)        kernel/main.o (open)
lib/vios_crt.a(close.o)       kernel/main.o (close)
lib/vios_crt.a(read.o)        kernel/main.o (read)
lib/vios_crt.a(write.o)       kernel/main.o (write)
lib/vios_crt.a(getpid.o)      kernel/main.o (getpid)
lib/vios_crt.a(fork.o)        kernel/main.o (fork)
lib/vios_crt.a(wait.o)        kernel/main.o (wait)
lib/vios_crt.a(printf.o)      kernel/main.o (printf)
lib/vios_crt.a(vsprintf.o)    kernel/panic.o (vsprintf)
lib/vios_crt.a(syscall.o)     lib/vios_crt.a(printf.o) (printx)
lib/vios_crt.a(exec.o)        kernel/main.o (execv)
lib/vios_crt.a(stat.o)        mm/exec.o (stat)
lib/vios_crt.a(lseek.o)       kernel/main.o (lseek)

分配公共符号
公共符号            大小              文件

current_console_id  0x4               kernel/global.o
idt_ptr             0x6               kernel/global.o
sb_table            0x1e0             kernel/global.o
inode_table         0xb00             kernel/global.o
task_stack          0x24000           kernel/global.o
k_reenter           0x4               kernel/global.o
gdt                 0x400             kernel/global.o
fd_table            0x400             kernel/global.o
tty_table           0xc6c             kernel/global.o
tss                 0x64              kernel/global.o
fs_msg              0x30              kernel/global.o
memory_size         0x4               kernel/global.o
root_inode          0x4               kernel/global.o
disp_pos            0x4               kernel/global.o
mm_msg              0x30              kernel/global.o
key_pressed         0x4               kernel/global.o
gdt_ptr             0x6               kernel/global.o
idt                 0x800             kernel/global.o
ticks               0x4               kernel/global.o
console_table       0x3c              kernel/global.o
fs_caller           0x4               kernel/global.o
irq_table           0x40              kernel/global.o
proc_ready          0x4               kernel/global.o
proc_table          0x3c20            kernel/global.o

Discarded input sections

 .note.GNU-stack
                0x0000000000000000        0x0 kernel/start.o
 .note.GNU-stack
                0x0000000000000000        0x0 kernel/i8259.o
 .note.GNU-stack
                0x0000000000000000        0x0 kernel/global.o
 .note.GNU-stack
                0x0000000000000000        0x0 kernel/protect.o
 .note.GNU-stack
                0x0000000000000000        0x0 kernel/main.o
 .note.GNU-stack
                0x0000000000000000        0x0 kernel/clock.o
 .note.GNU-stack
                0x0000000000000000        0x0 kernel/proc.o
 .note.GNU-stack
                0x0000000000000000        0x0 kernel/hd.o
 .note.GNU-stack
                0x0000000000000000        0x0 kernel/keyborad.o
 .note.GNU-stack
                0x0000000000000000        0x0 kernel/tty.o
 .note.GNU-stack
                0x0000000000000000        0x0 kernel/console.o
 .note.GNU-stack
                0x0000000000000000        0x0 kernel/systask.o
 .note.GNU-stack
                0x0000000000000000        0x0 kernel/message.o
 .note.GNU-stack
                0x0000000000000000        0x0 kernel/panic.o
 .note.GNU-stack
                0x0000000000000000        0x0 fs/main.o
 .note.GNU-stack
                0x0000000000000000        0x0 fs/misc.o
 .note.GNU-stack
                0x0000000000000000        0x0 fs/open.o
 .note.GNU-stack
                0x0000000000000000        0x0 fs/read_write.o
 .note.GNU-stack
                0x0000000000000000        0x0 fs/link.o
 .note.GNU-stack
                0x0000000000000000        0x0 fs/stat.o
 .note.GNU-stack
                0x0000000000000000        0x0 mm/main.o
 .note.GNU-stack
                0x0000000000000000        0x0 mm/fork_exit.o
 .note.GNU-stack
                0x0000000000000000        0x0 mm/exec.o
 .note.GNU-stack
                0x0000000000000000        0x0 lib/vios_crt.a(misc.o)
 .note.GNU-stack
                0x0000000000000000        0x0 lib/vios_crt.a(klib.o)
 .note.GNU-stack
                0x0000000000000000        0x0 lib/vios_crt.a(open.o)
 .note.GNU-stack
                0x0000000000000000        0x0 lib/vios_crt.a(close.o)
 .note.GNU-stack
                0x0000000000000000        0x0 lib/vios_crt.a(read.o)
 .note.GNU-stack
                0x0000000000000000        0x0 lib/vios_crt.a(write.o)
 .note.GNU-stack
                0x0000000000000000        0x0 lib/vios_crt.a(getpid.o)
 .note.GNU-stack
                0x0000000000000000        0x0 lib/vios_crt.a(fork.o)
 .note.GNU-stack
                0x0000000000000000        0x0 lib/vios_crt.a(wait.o)
 .note.GNU-stack
                0x0000000000000000        0x0 lib/vios_crt.a(printf.o)
 .note.GNU-stack
                0x0000000000000000        0x0 lib/vios_crt.a(vsprintf.o)
 .note.GNU-stack
                0x0000000000000000        0x0 lib/vios_crt.a(exec.o)
 .note.GNU-stack
                0x0000000000000000        0x0 lib/vios_crt.a(stat.o)
 .note.GNU-stack
                0x0000000000000000        0x0 lib/vios_crt.a(lseek.o)

内存配置

名称           来源             长度             属性
*default*        0x0000000000000000 0xffffffffffffffff

Linker script and memory map

Address of section .text set to 0x1000
LOAD kernel/kernel.o
LOAD kernel/start.o
LOAD kernel/i8259.o
LOAD kernel/global.o
LOAD kernel/protect.o
LOAD kernel/main.o
LOAD kernel/clock.o
LOAD kernel/proc.o
LOAD kernel/hd.o
LOAD kernel/keyborad.o
LOAD kernel/tty.o
LOAD kernel/console.o
LOAD kernel/systask.o
LOAD kernel/message.o
LOAD kernel/panic.o
LOAD fs/main.o
LOAD fs/misc.o
LOAD fs/open.o
LOAD fs/read_write.o
LOAD fs/link.o
LOAD fs/stat.o
LOAD mm/main.o
LOAD mm/fork_exit.o
LOAD mm/exec.o
LOAD lib/vios_crt.a
                0x0000000008048000                PROVIDE (__executable_start, 0x8048000)
                0x0000000008048094                . = (0x8048000 + SIZEOF_HEADERS)

.interp
 *(.interp)

.note.gnu.build-id
 *(.note.gnu.build-id)

.hash
 *(.hash)

.gnu.hash
 *(.gnu.hash)

.dynsym
 *(.dynsym)

.dynstr
 *(.dynstr)

.gnu.version
 *(.gnu.version)

.gnu.version_d
 *(.gnu.version_d)

.gnu.version_r
 *(.gnu.version_r)

.rel.dyn        0x0000000008048094        0x0
 *(.rel.init)
 *(.rel.text .rel.text.* .rel.gnu.linkonce.t.*)
 .rel.text      0x0000000000000000        0x0 kernel/kernel.o
 *(.rel.fini)
 *(.rel.rodata .rel.rodata.* .rel.gnu.linkonce.r.*)
 *(.rel.data.rel.ro .rel.data.rel.ro.* .rel.gnu.linkonce.d.rel.ro.*)
 *(.rel.data .rel.data.* .rel.gnu.linkonce.d.*)
 .rel.data      0x0000000000000000        0x0 kernel/kernel.o
 *(.rel.tdata .rel.tdata.* .rel.gnu.linkonce.td.*)
 *(.rel.tbss .rel.tbss.* .rel.gnu.linkonce.tb.*)
 *(.rel.ctors)
 *(.rel.dtors)
 *(.rel.got)
 *(.rel.sharable_data .rel.sharable_data.* .rel.gnu.linkonce.shrd.*)
 *(.rel.sharable_bss .rel.sharable_bss.* .rel.gnu.linkonce.shrb.*)
 *(.rel.bss .rel.bss.* .rel.gnu.linkonce.b.*)
 *(.rel.ifunc)

.rel.plt        0x0000000008048094        0x0
 *(.rel.plt)
                0x0000000008048094                PROVIDE (__rel_iplt_start, .)
 *(.rel.iplt)
 .rel.iplt      0x0000000000000000        0x0 kernel/kernel.o
                0x0000000008048094                PROVIDE (__rel_iplt_end, .)

.init
 *(SORT(.init))

.plt            0x00000000080480a0        0x0
 *(.plt)
 *(.iplt)
 .iplt          0x0000000000000000        0x0 kernel/kernel.o

.text           0x0000000000001000     0xaeaf
 *(.text.unlikely .text.*_unlikely)
 *(.text.exit .text.exit.*)
 *(.text.startup .text.startup.*)
 *(.text.hot .text.hot.*)
 *(.text .stub .text.* .gnu.linkonce.t.*)
 .text          0x0000000000001000      0x410 kernel/kernel.o
                0x0000000000001000                _start
                0x0000000000001040                hwint00
                0x0000000000001070                hwint01
                0x00000000000010a0                hwint02
                0x00000000000010d0                hwint03
                0x0000000000001100                hwint04
                0x0000000000001130                hwint05
                0x0000000000001160                hwint06
                0x0000000000001190                hwint07
                0x00000000000011c0                hwint08
                0x00000000000011f0                hwint09
                0x0000000000001220                hwint10
                0x0000000000001250                hwint11
                0x0000000000001280                hwint12
                0x00000000000012b0                hwint13
                0x00000000000012e0                hwint14
                0x0000000000001310                hwint15
                0x0000000000001334                divide_error
                0x000000000000133a                single_step_exception
                0x0000000000001340                nmi
                0x0000000000001346                breakpoint_exception
                0x000000000000134c                overflow
                0x0000000000001352                bounds_check
                0x0000000000001358                inval_opcode
                0x000000000000135e                copr_not_available
                0x0000000000001364                double_fault
                0x0000000000001368                copr_seg_overrun
                0x000000000000136e                inval_tss
                0x0000000000001372                segment_not_present
                0x0000000000001376                stack_exception
                0x000000000000137a                general_protection
                0x000000000000137e                page_fault
                0x0000000000001382                copr_error
                0x0000000000001391                sys_call
                0x00000000000013eb                restart
 .text          0x0000000000001410       0x8e kernel/start.o
                0x0000000000001410                cstart
 *fill*         0x000000000000149e        0x2 
 .text          0x00000000000014a0      0x13c kernel/i8259.o
                0x00000000000014a0                init_8259A
                0x0000000000001591                spurious_irq
                0x00000000000015bc                put_irq_handler
 .text          0x00000000000015dc        0x0 kernel/global.o
 .text          0x00000000000015dc      0x828 kernel/protect.o
                0x00000000000015dc                get_seg_base
                0x000000000000162b                init_descriptor
                0x0000000000001700                protect_init
                0x0000000000001cc4                exception_handler
 .text          0x0000000000001e04      0xaa9 kernel/main.o
                0x0000000000001e04                kernel_main
                0x00000000000021a1                get_ticks
                0x00000000000021d9                untar
                0x0000000000002485                shell
                0x000000000000272b                init
                0x000000000000289e                testA
                0x00000000000028a3                testB
                0x00000000000028a8                testC
 *fill*         0x00000000000028ad        0x3 
 .text          0x00000000000028b0      0x115 kernel/clock.o
                0x00000000000028b0                clock_init
                0x0000000000002914                clock_handler
                0x000000000000298c                milli_delay
 *fill*         0x00000000000029c5        0x3 
 .text          0x00000000000029c8      0x1ca kernel/proc.o
                0x00000000000029c8                schedule
                0x0000000000002a53                sys_get_ticks
                0x0000000000002a5d                sys_write
                0x0000000000002a95                ldt_seg_linear
                0x0000000000002adf                va2la
                0x0000000000002b4e                tty_write
 *fill*         0x0000000000002b92        0x2 
 .text          0x0000000000002b94      0xeaa kernel/hd.o
                0x0000000000003964                task_hd
                0x0000000000003a19                hd_handler
 *fill*         0x0000000000003a3e        0x2 
 .text          0x0000000000003a40      0x6c5 kernel/keyborad.o
                0x0000000000003ae2                keyboard_init
                0x0000000000003b91                keyboard_handler
                0x0000000000003c52                keyboard_read
 *fill*         0x0000000000004105        0x3 
 .text          0x0000000000004108      0xa1d kernel/tty.o
                0x0000000000004108                tty_init
                0x0000000000004555                task_tty
                0x00000000000046cb                in_process
                0x0000000000004819                sys_printx
                0x00000000000049d8                dump_tty_buf
 *fill*         0x0000000000004b25        0x3 
 .text          0x0000000000004b28      0x8f8 kernel/console.o
                0x0000000000004c2c                scroll_screen
                0x0000000000004e7d                out_char
                0x000000000000519f                screen_init
                0x0000000000005338                is_current_console
                0x000000000000535b                select_console
                0x00000000000053b1                clear_console
 .text          0x0000000000005420      0x2cd kernel/systask.o
                0x00000000000055e6                task_sys
 *fill*         0x00000000000056ed        0x3 
 .text          0x00000000000056f0     0x1884 kernel/message.o
                0x00000000000056f0                reset_msg
                0x00000000000066d2                sys_sendrec
                0x0000000000006831                inform_int
                0x00000000000069d3                dump_proc
                0x0000000000006e2d                dump_msg
 .text          0x0000000000006f74       0x50 kernel/panic.o
                0x0000000000006f74                panic
 .text          0x0000000000006fc4     0x11fb fs/main.o
                0x0000000000006fc4                rw_sector
                0x00000000000071a6                get_super_block
                0x00000000000071ec                get_inode
                0x000000000000735a                dec_inode
                0x000000000000739f                sync_inode
                0x00000000000074bc                new_inode
                0x0000000000008079                task_fs
 *fill*         0x00000000000081bf        0x1 
 .text          0x00000000000081c0      0x205 fs/misc.o
                0x00000000000081c0                strip_path
                0x000000000000824c                search_file
 *fill*         0x00000000000083c5        0x3 
 .text          0x00000000000083c8      0xbd3 fs/open.o
                0x00000000000089ae                do_open
                0x0000000000008e7b                do_close
                0x0000000000008eee                do_lseek
 *fill*         0x0000000000008f9b        0x1 
 .text          0x0000000000008f9c      0x590 fs/read_write.o
                0x0000000000008f9c                do_rdwt
 .text          0x000000000000952c      0x8ce fs/link.o
                0x000000000000952c                do_unlink
 *fill*         0x0000000000009dfa        0x2 
 .text          0x0000000000009dfc      0x1f1 fs/stat.o
                0x0000000000009dfc                do_stat
 *fill*         0x0000000000009fed        0x3 
 .text          0x0000000000009ff0      0x1ce mm/main.o
                0x000000000000a023                alloc_mem
                0x000000000000a0ac                free_mem
                0x000000000000a0b6                task_mm
 *fill*         0x000000000000a1be        0x2 
 .text          0x000000000000a1c0      0x7ac mm/fork_exit.o
                0x000000000000a24c                do_fork
                0x000000000000a5cb                do_exit
                0x000000000000a831                do_wait
 .text          0x000000000000a96c      0x392 mm/exec.o
                0x000000000000a96c                do_exec
 *fill*         0x000000000000acfe        0x2 
 .text          0x000000000000ad00      0x288 lib/vios_crt.a(misc.o)
                0x000000000000ad00                send_recv
                0x000000000000ade0                spin
                0x000000000000adfb                assertion_failure
                0x000000000000ae41                memcmp
                0x000000000000aeb7                strcmp
                0x000000000000af29                strcat
 .text          0x000000000000af88      0x387 lib/vios_crt.a(klib.o)
                0x000000000000af88                get_boot_params
                0x000000000000b028                get_kernel_map
                0x000000000000b144                itoa
                0x000000000000b1ef                disp_int
                0x000000000000b214                disp_color_int
                0x000000000000b240                delay
                0x000000000000b286                dump
 *fill*         0x000000000000b30f        0x1 
 .text          0x000000000000b310      0x184 lib/vios_crt.a(kliba.o)
                0x000000000000b310                disp_str
                0x000000000000b34e                disp_color_str
                0x000000000000b38d                out_byte
                0x000000000000b399                in_byte
                0x000000000000b3a3                enable_irq
                0x000000000000b3c2                disable_irq
                0x000000000000b3e1                enable_int
                0x000000000000b3e3                disable_int
                0x000000000000b3e5                port_read
                0x000000000000b3f8                port_write
                0x000000000000b40b                glitter
 *fill*         0x000000000000b494        0xc 
 .text          0x000000000000b4a0       0x78 lib/vios_crt.a(string.o)
                0x000000000000b4a0                memcpy
                0x000000000000b4c9                memset
                0x000000000000b4ea                strcpy
                0x000000000000b502                strlen
 .text          0x000000000000b518       0x73 lib/vios_crt.a(open.o)
                0x000000000000b518                open
 *fill*         0x000000000000b58b        0x1 
 .text          0x000000000000b58c       0x33 lib/vios_crt.a(close.o)
                0x000000000000b58c                close
 *fill*         0x000000000000b5bf        0x1 
 .text          0x000000000000b5c0       0x3f lib/vios_crt.a(read.o)
                0x000000000000b5c0                read
 *fill*         0x000000000000b5ff        0x1 
 .text          0x000000000000b600       0x3f lib/vios_crt.a(write.o)
                0x000000000000b600                write
 *fill*         0x000000000000b63f        0x1 
 .text          0x000000000000b640       0x59 lib/vios_crt.a(getpid.o)
                0x000000000000b640                getpid
 *fill*         0x000000000000b699        0x3 
 .text          0x000000000000b69c       0x84 lib/vios_crt.a(fork.o)
                0x000000000000b69c                fork
 .text          0x000000000000b720       0x44 lib/vios_crt.a(wait.o)
                0x000000000000b720                wait
 .text          0x000000000000b764       0xdc lib/vios_crt.a(printf.o)
                0x000000000000b764                printf
                0x000000000000b7f1                printk
 .text          0x000000000000b840      0x31e lib/vios_crt.a(vsprintf.o)
                0x000000000000b8a3                vsprintf
                0x000000000000bb34                sprintf
 *fill*         0x000000000000bb5e        0x2 
 .text          0x000000000000bb60       0x38 lib/vios_crt.a(syscall.o)
                0x000000000000bb60                get_ticks0
                0x000000000000bb68                write0
                0x000000000000bb78                printx
                0x000000000000bb84                sendrec
 .text          0x000000000000bb98      0x263 lib/vios_crt.a(exec.o)
                0x000000000000bb98                exec
                0x000000000000bc13                execl
                0x000000000000bc39                execv
 *fill*         0x000000000000bdfb        0x1 
 .text          0x000000000000bdfc       0x73 lib/vios_crt.a(stat.o)
                0x000000000000bdfc                stat
 *fill*         0x000000000000be6f        0x1 
 .text          0x000000000000be70       0x3f lib/vios_crt.a(lseek.o)
                0x000000000000be70                lseek
 *(.gnu.warning)

.fini
 *(SORT(.fini))
                0x000000000000beaf                PROVIDE (__etext, .)
                0x000000000000beaf                PROVIDE (_etext, .)
                0x000000000000beaf                PROVIDE (etext, .)

.rodata         0x000000000000bec0     0x1e32
 *(.rodata .rodata.* .gnu.linkonce.r.*)
 .rodata        0x000000000000bec0       0x2c kernel/start.o
 .rodata        0x000000000000beec       0x11 kernel/i8259.o
 *fill*         0x000000000000befd        0x3 
 .rodata        0x000000000000bf00        0x8 kernel/global.o
                0x000000000000bf00                FSBUF_SIZE
                0x000000000000bf04                MMBUF_SIZE
 *fill*         0x000000000000bf08       0x18 
 .rodata        0x000000000000bf20      0x290 kernel/protect.o
 .rodata        0x000000000000c1b0      0x25f kernel/main.o
 .rodata        0x000000000000c40f       0x1c kernel/proc.o
 *fill*         0x000000000000c42b        0x1 
 .rodata        0x000000000000c42c      0x1fc kernel/hd.o
 .rodata        0x000000000000c628       0x64 kernel/keyborad.o
 .rodata        0x000000000000c68c      0x15a kernel/tty.o
 *fill*         0x000000000000c7e6        0x2 
 .rodata        0x000000000000c7e8       0x81 kernel/console.o
 .rodata        0x000000000000c869       0x11 kernel/systask.o
 *fill*         0x000000000000c87a        0x2 
 .rodata        0x000000000000c87c      0x592 kernel/message.o
 .rodata        0x000000000000ce0e       0x10 kernel/panic.o
 *fill*         0x000000000000ce1e        0x2 
 .rodata        0x000000000000ce20      0x258 fs/main.o
 .rodata        0x000000000000d078      0x1df fs/open.o
 *fill*         0x000000000000d257        0x1 
 .rodata        0x000000000000d258      0x1ec fs/read_write.o
 .rodata        0x000000000000d444      0x18c fs/link.o
 .rodata        0x000000000000d5d0       0x8c fs/stat.o
 .rodata        0x000000000000d65c       0xb8 mm/main.o
 .rodata        0x000000000000d714      0x2b6 mm/fork_exit.o
 *fill*         0x000000000000d9ca        0x2 
 .rodata        0x000000000000d9cc       0xa6 mm/exec.o
 *fill*         0x000000000000da72        0x2 
 .rodata        0x000000000000da74       0xb7 lib/vios_crt.a(misc.o)
 *fill*         0x000000000000db2b        0x1 
 .rodata        0x000000000000db2c       0x85 lib/vios_crt.a(klib.o)
 .rodata        0x000000000000dbb1       0x23 lib/vios_crt.a(open.o)
 .rodata        0x000000000000dbd4       0x25 lib/vios_crt.a(getpid.o)
 .rodata        0x000000000000dbf9       0x33 lib/vios_crt.a(fork.o)
 .rodata        0x000000000000dc2c       0x19 lib/vios_crt.a(printf.o)
 *fill*         0x000000000000dc45        0x3 
 .rodata        0x000000000000dc48       0x87 lib/vios_crt.a(exec.o)
 .rodata        0x000000000000dccf       0x23 lib/vios_crt.a(stat.o)

.rodata1
 *(.rodata1)

.eh_frame_hdr
 *(.eh_frame_hdr)

.eh_frame       0x000000000000dcf4     0x1320
 *(.eh_frame)
 .eh_frame      0x000000000000dcf4       0x38 kernel/start.o
 .eh_frame      0x000000000000dd2c       0x60 kernel/i8259.o
                                         0x78 (size before relaxing)
 .eh_frame      0x000000000000dd8c       0xb0 kernel/protect.o
                                         0xc8 (size before relaxing)
 .eh_frame      0x000000000000de3c       0xe8 kernel/main.o
                                        0x100 (size before relaxing)
 .eh_frame      0x000000000000df24       0x60 kernel/clock.o
                                         0x78 (size before relaxing)
 .eh_frame      0x000000000000df84       0xc0 kernel/proc.o
                                         0xd8 (size before relaxing)
 .eh_frame      0x000000000000e044      0x210 kernel/hd.o
                                        0x228 (size before relaxing)
 .eh_frame      0x000000000000e254       0xe0 kernel/keyborad.o
                                         0xf8 (size before relaxing)
 .eh_frame      0x000000000000e334      0x13c kernel/tty.o
                                        0x154 (size before relaxing)
 .eh_frame      0x000000000000e470      0x168 kernel/console.o
                                        0x180 (size before relaxing)
 .eh_frame      0x000000000000e5d8       0x5c kernel/systask.o
                                         0x74 (size before relaxing)
 .eh_frame      0x000000000000e634      0x160 kernel/message.o
                                        0x178 (size before relaxing)
 .eh_frame      0x000000000000e794       0x20 kernel/panic.o
                                         0x38 (size before relaxing)
 .eh_frame      0x000000000000e7b4      0x194 fs/main.o
                                        0x1ac (size before relaxing)
 .eh_frame      0x000000000000e948       0x48 fs/misc.o
                                         0x60 (size before relaxing)
 .eh_frame      0x000000000000e990      0x108 fs/open.o
                                        0x120 (size before relaxing)
 .eh_frame      0x000000000000ea98       0x2c fs/read_write.o
                                         0x44 (size before relaxing)
 .eh_frame      0x000000000000eac4       0x2c fs/link.o
                                         0x44 (size before relaxing)
 .eh_frame      0x000000000000eaf0       0x28 fs/stat.o
                                         0x40 (size before relaxing)
 .eh_frame      0x000000000000eb18       0x7c mm/main.o
                                         0x94 (size before relaxing)
 .eh_frame      0x000000000000eb94       0x90 mm/fork_exit.o
                                         0xa8 (size before relaxing)
 .eh_frame      0x000000000000ec24       0x2c mm/exec.o
                                         0x44 (size before relaxing)
 .eh_frame      0x000000000000ec50       0xbc lib/vios_crt.a(misc.o)
                                         0xd4 (size before relaxing)
 .eh_frame      0x000000000000ed0c       0xe0 lib/vios_crt.a(klib.o)
                                         0xf8 (size before relaxing)
 .eh_frame      0x000000000000edec       0x20 lib/vios_crt.a(open.o)
                                         0x38 (size before relaxing)
 .eh_frame      0x000000000000ee0c       0x20 lib/vios_crt.a(close.o)
                                         0x38 (size before relaxing)
 .eh_frame      0x000000000000ee2c       0x20 lib/vios_crt.a(read.o)
                                         0x38 (size before relaxing)
 .eh_frame      0x000000000000ee4c       0x20 lib/vios_crt.a(write.o)
                                         0x38 (size before relaxing)
 .eh_frame      0x000000000000ee6c       0x20 lib/vios_crt.a(getpid.o)
                                         0x38 (size before relaxing)
 .eh_frame      0x000000000000ee8c       0x20 lib/vios_crt.a(fork.o)
                                         0x38 (size before relaxing)
 .eh_frame      0x000000000000eeac       0x20 lib/vios_crt.a(wait.o)
                                         0x38 (size before relaxing)
 .eh_frame      0x000000000000eecc       0x40 lib/vios_crt.a(printf.o)
                                         0x58 (size before relaxing)
 .eh_frame      0x000000000000ef0c       0x68 lib/vios_crt.a(vsprintf.o)
                                         0x80 (size before relaxing)
 .eh_frame      0x000000000000ef74       0x60 lib/vios_crt.a(exec.o)
                                         0x78 (size before relaxing)
 .eh_frame      0x000000000000efd4       0x20 lib/vios_crt.a(stat.o)
                                         0x38 (size before relaxing)
 .eh_frame      0x000000000000eff4       0x20 lib/vios_crt.a(lseek.o)
                                         0x38 (size before relaxing)

.gcc_except_table
 *(.gcc_except_table .gcc_except_table.*)

.exception_ranges
 *(.exception_ranges .exception_ranges*)
                0x000000000000f014                . = (ALIGN (0x1000) - ((0x1000 - .) & 0xfff))
                0x0000000000011000                . = DATA_SEGMENT_ALIGN (0x1000, 0x1000)

.eh_frame
 *(.eh_frame)

.gcc_except_table
 *(.gcc_except_table .gcc_except_table.*)

.exception_ranges
 *(.exception_ranges .exception_ranges*)

.tdata
 *(.tdata .tdata.* .gnu.linkonce.td.*)

.tbss
 *(.tbss .tbss.* .gnu.linkonce.tb.*)
 *(.tcommon)

.preinit_array  0x0000000000011000        0x0
                0x0000000000011000                PROVIDE (__preinit_array_start, .)
 *(.preinit_array)
                0x0000000000011000                PROVIDE (__preinit_array_end, .)

.init_array     0x0000000000011000        0x0
                0x0000000000011000                PROVIDE (__init_array_start, .)
 *(SORT(.init_array.*) SORT(.ctors.*))
 *(.init_array EXCLUDE_FILE(*crtend?.o *crtend.o *crtbegin?.o *crtbegin.o) .ctors)
                0x0000000000011000                PROVIDE (__init_array_end, .)

.fini_array     0x0000000000011000        0x0
                0x0000000000011000                PROVIDE (__fini_array_start, .)
 *(SORT(.fini_array.*) SORT(.dtors.*))
 *(.fini_array EXCLUDE_FILE(*crtend?.o *crtend.o *crtbegin?.o *crtbegin.o) .dtors)
                0x0000000000011000                PROVIDE (__fini_array_end, .)

.ctors
 *crtbegin.o(.ctors)
 *crtbegin?.o(.ctors)
 *(EXCLUDE_FILE(*crtend?.o *crtend.o) .ctors)
 *(SORT(.ctors.*))
 *(.ctors)

.dtors
 *crtbegin.o(.dtors)
 *crtbegin?.o(.dtors)
 *(EXCLUDE_FILE(*crtend?.o *crtend.o) .dtors)
 *(SORT(.dtors.*))
 *(.dtors)

.jcr
 *(.jcr)

.data.rel.ro
 *(.data.rel.ro.local* .gnu.linkonce.d.rel.ro.local.*)
 *(.data.rel.ro .data.rel.ro.* .gnu.linkonce.d.rel.ro.*)

.dynamic
 *(.dynamic)

.got
 *(.got)
 *(.igot)
                0x0000000000011000                . = DATA_SEGMENT_RELRO_END (., (SIZEOF (.got.plt) >= 0xc)?0xc:0x0)

.got.plt        0x0000000000011000        0x0
 *(.got.plt)
 *(.igot.plt)
 .igot.plt      0x0000000000000000        0x0 kernel/kernel.o

.data           0x0000000000011000      0x7e0
 *(.data .data.* .gnu.linkonce.d.*)
 .data          0x0000000000011000        0x2 kernel/kernel.o
 *fill*         0x0000000000011002        0x2 
 .data          0x0000000000011004        0x0 kernel/start.o
 .data          0x0000000000011004        0x0 kernel/i8259.o
 *fill*         0x0000000000011004       0x1c 
 .data          0x0000000000011020      0x1b4 kernel/global.o
                0x0000000000011020                task_table
                0x0000000000011100                user_proc_table
                0x00000000000111a0                sys_call_table
                0x00000000000111b4                dd_map
                0x00000000000111cc                fsbuf
                0x00000000000111d0                mmbuf
 .data          0x00000000000111d4        0x0 kernel/protect.o
 .data          0x00000000000111d4        0x0 kernel/main.o
 .data          0x00000000000111d4        0x0 kernel/clock.o
 .data          0x00000000000111d4        0x0 kernel/proc.o
 .data          0x00000000000111d4        0x0 kernel/hd.o
 *fill*         0x00000000000111d4        0xc 
 .data          0x00000000000111e0      0x600 kernel/keyborad.o
                0x00000000000111e0                keymap
 .data          0x00000000000117e0        0x0 kernel/tty.o
 .data          0x00000000000117e0        0x0 kernel/console.o
 .data          0x00000000000117e0        0x0 kernel/systask.o
 .data          0x00000000000117e0        0x0 kernel/message.o
 .data          0x00000000000117e0        0x0 kernel/panic.o
 .data          0x00000000000117e0        0x0 fs/main.o
 .data          0x00000000000117e0        0x0 fs/misc.o
 .data          0x00000000000117e0        0x0 fs/open.o
 .data          0x00000000000117e0        0x0 fs/read_write.o
 .data          0x00000000000117e0        0x0 fs/link.o
 .data          0x00000000000117e0        0x0 fs/stat.o
 .data          0x00000000000117e0        0x0 mm/main.o
 .data          0x00000000000117e0        0x0 mm/fork_exit.o
 .data          0x00000000000117e0        0x0 mm/exec.o
 .data          0x00000000000117e0        0x0 lib/vios_crt.a(misc.o)
 .data          0x00000000000117e0        0x0 lib/vios_crt.a(klib.o)
 .data          0x00000000000117e0        0x0 lib/vios_crt.a(open.o)
 .data          0x00000000000117e0        0x0 lib/vios_crt.a(close.o)
 .data          0x00000000000117e0        0x0 lib/vios_crt.a(read.o)
 .data          0x00000000000117e0        0x0 lib/vios_crt.a(write.o)
 .data          0x00000000000117e0        0x0 lib/vios_crt.a(getpid.o)
 .data          0x00000000000117e0        0x0 lib/vios_crt.a(fork.o)
 .data          0x00000000000117e0        0x0 lib/vios_crt.a(wait.o)
 .data          0x00000000000117e0        0x0 lib/vios_crt.a(printf.o)
 .data          0x00000000000117e0        0x0 lib/vios_crt.a(vsprintf.o)
 .data          0x00000000000117e0        0x0 lib/vios_crt.a(exec.o)
 .data          0x00000000000117e0        0x0 lib/vios_crt.a(stat.o)
 .data          0x00000000000117e0        0x0 lib/vios_crt.a(lseek.o)

.data1
 *(.data1)

.sharable_data  0x0000000000012000        0x0
                0x0000000000012000                PROVIDE (__sharable_data_start, .)
 *(.sharable_data .sharable_data.* .gnu.linkonce.shrd.*)
                0x0000000000012000                . = ALIGN ((. != 0x0)?0x1000:0x1)
                0x0000000000012000                PROVIDE (__sharable_data_end, .)
                0x0000000000012000                _edata = .
                0x0000000000012000                PROVIDE (edata, .)
                0x0000000000012000                . = .
                0x0000000000012000                __bss_start = .

.bss            0x00000000000117e0    0x2b640
 *(.dynbss)
 *(.bss .bss.* .gnu.linkonce.b.*)
 .bss           0x00000000000117e0      0x800 kernel/kernel.o
 .bss           0x0000000000011fe0        0x0 kernel/start.o
 .bss           0x0000000000011fe0        0x0 kernel/i8259.o
 .bss           0x0000000000011fe0        0x0 kernel/global.o
 .bss           0x0000000000011fe0        0x0 kernel/protect.o
 .bss           0x0000000000011fe0        0x0 kernel/main.o
 .bss           0x0000000000011fe0        0x0 kernel/clock.o
 .bss           0x0000000000011fe0        0x0 kernel/proc.o
 .bss           0x0000000000011fe0      0x64c kernel/hd.o
 *fill*         0x000000000001262c       0x14 
 .bss           0x0000000000012640       0x58 kernel/keyborad.o
 .bss           0x0000000000012698        0x0 kernel/tty.o
 .bss           0x0000000000012698        0x0 kernel/console.o
 .bss           0x0000000000012698        0x0 kernel/systask.o
 .bss           0x0000000000012698        0x0 kernel/message.o
 .bss           0x0000000000012698        0x0 kernel/panic.o
 .bss           0x0000000000012698        0x0 fs/main.o
 .bss           0x0000000000012698        0x0 fs/misc.o
 .bss           0x0000000000012698        0x0 fs/open.o
 .bss           0x0000000000012698        0x0 fs/read_write.o
 .bss           0x0000000000012698        0x0 fs/link.o
 .bss           0x0000000000012698        0x0 fs/stat.o
 .bss           0x0000000000012698        0x0 mm/main.o
 .bss           0x0000000000012698        0x0 mm/fork_exit.o
 .bss           0x0000000000012698        0x0 mm/exec.o
 .bss           0x0000000000012698        0x0 lib/vios_crt.a(misc.o)
 .bss           0x0000000000012698        0x0 lib/vios_crt.a(klib.o)
 .bss           0x0000000000012698        0x0 lib/vios_crt.a(open.o)
 .bss           0x0000000000012698        0x0 lib/vios_crt.a(close.o)
 .bss           0x0000000000012698        0x0 lib/vios_crt.a(read.o)
 .bss           0x0000000000012698        0x0 lib/vios_crt.a(write.o)
 .bss           0x0000000000012698        0x0 lib/vios_crt.a(getpid.o)
 .bss           0x0000000000012698        0x0 lib/vios_crt.a(fork.o)
 .bss           0x0000000000012698        0x0 lib/vios_crt.a(wait.o)
 .bss           0x0000000000012698        0x0 lib/vios_crt.a(printf.o)
 .bss           0x0000000000012698        0x0 lib/vios_crt.a(vsprintf.o)
 .bss           0x0000000000012698        0x0 lib/vios_crt.a(exec.o)
 .bss           0x0000000000012698        0x0 lib/vios_crt.a(stat.o)
 .bss           0x0000000000012698        0x0 lib/vios_crt.a(lseek.o)
 *(COMMON)
 *fill*         0x0000000000012698        0x8 
 COMMON         0x00000000000126a0    0x2a780 kernel/global.o
                0x00000000000126a0                current_console_id
                0x00000000000126a4                idt_ptr
                0x00000000000126c0                sb_table
                0x00000000000128a0                inode_table
                0x00000000000133a0                task_stack
                0x00000000000373a0                k_reenter
                0x00000000000373c0                gdt
                0x00000000000377c0                fd_table
                0x0000000000037bc0                tty_table
                0x0000000000038840                tss
                0x00000000000388c0                fs_msg
                0x00000000000388f0                memory_size
                0x00000000000388f4                root_inode
                0x00000000000388f8                disp_pos
                0x0000000000038900                mm_msg
                0x0000000000038930                key_pressed
                0x0000000000038934                gdt_ptr
                0x0000000000038940                idt
                0x0000000000039140                ticks
                0x0000000000039160                console_table
                0x000000000003919c                fs_caller
                0x00000000000391a0                irq_table
                0x00000000000391e0                proc_ready
                0x0000000000039200                proc_table
                0x000000000003ce20                . = ALIGN ((. != 0x0)?0x4:0x1)

.sharable_bss   0x000000000003d000        0x0
                0x000000000003d000                PROVIDE (__sharable_bss_start, .)
 *(.dynsharablebss)
 *(.sharable_bss .sharable_bss.* .gnu.linkonce.shrb.*)
 *(SHARABLE_COMMON)
                0x000000000003d000                . = ALIGN ((. != 0x0)?0x1000:0x1)
                0x000000000003d000                PROVIDE (__sharable_bss_end, .)
                0x000000000003d000                . = ALIGN (0x4)
                0x000000000003d000                . = SEGMENT_START ("ldata-segment", .)
                0x000000000003d000                . = ALIGN (0x4)
                0x000000000003d000                _end = .
                0x000000000003d000                PROVIDE (end, .)
                0x000000000003d000                . = DATA_SEGMENT_END (.)

.stab
 *(.stab)

.stabstr
 *(.stabstr)

.stab.excl
 *(.stab.excl)

.stab.exclstr
 *(.stab.exclstr)

.stab.index
 *(.stab.index)

.stab.indexstr
 *(.stab.indexstr)

.comment        0x0000000000000000       0x2c
 *(.comment)
 .comment       0x0000000000000000       0x2c kernel/start.o
                                         0x2d (size before relaxing)
 .comment       0x0000000000000000       0x2d kernel/i8259.o
 .comment       0x0000000000000000       0x2d kernel/global.o
 .comment       0x0000000000000000       0x2d kernel/protect.o
 .comment       0x0000000000000000       0x2d kernel/main.o
 .comment       0x0000000000000000       0x2d kernel/clock.o
 .comment       0x0000000000000000       0x2d kernel/proc.o
 .comment       0x0000000000000000       0x2d kernel/hd.o
 .comment       0x0000000000000000       0x2d kernel/keyborad.o
 .comment       0x0000000000000000       0x2d kernel/tty.o
 .comment       0x0000000000000000       0x2d kernel/console.o
 .comment       0x0000000000000000       0x2d kernel/systask.o
 .comment       0x0000000000000000       0x2d kernel/message.o
 .comment       0x0000000000000000       0x2d kernel/panic.o
 .comment       0x0000000000000000       0x2d fs/main.o
 .comment       0x0000000000000000       0x2d fs/misc.o
 .comment       0x0000000000000000       0x2d fs/open.o
 .comment       0x0000000000000000       0x2d fs/read_write.o
 .comment       0x0000000000000000       0x2d fs/link.o
 .comment       0x0000000000000000       0x2d fs/stat.o
 .comment       0x0000000000000000       0x2d mm/main.o
 .comment       0x0000000000000000       0x2d mm/fork_exit.o
 .comment       0x0000000000000000       0x2d mm/exec.o
 .comment       0x0000000000000000       0x2d lib/vios_crt.a(misc.o)
 .comment       0x0000000000000000       0x2d lib/vios_crt.a(klib.o)
 .comment       0x0000000000000000       0x2d lib/vios_crt.a(open.o)
 .comment       0x0000000000000000       0x2d lib/vios_crt.a(close.o)
 .comment       0x0000000000000000       0x2d lib/vios_crt.a(read.o)
 .comment       0x0000000000000000       0x2d lib/vios_crt.a(write.o)
 .comment       0x0000000000000000       0x2d lib/vios_crt.a(getpid.o)
 .comment       0x0000000000000000       0x2d lib/vios_crt.a(fork.o)
 .comment       0x0000000000000000       0x2d lib/vios_crt.a(wait.o)
 .comment       0x0000000000000000       0x2d lib/vios_crt.a(printf.o)
 .comment       0x0000000000000000       0x2d lib/vios_crt.a(vsprintf.o)
 .comment       0x0000000000000000       0x2d lib/vios_crt.a(exec.o)
 .comment       0x0000000000000000       0x2d lib/vios_crt.a(stat.o)
 .comment       0x0000000000000000       0x2d lib/vios_crt.a(lseek.o)

.debug
 *(.debug)

.line
 *(.line)

.debug_srcinfo
 *(.debug_srcinfo)

.debug_sfnames
 *(.debug_sfnames)

.debug_aranges
 *(.debug_aranges)

.debug_pubnames
 *(.debug_pubnames)

.debug_info
 *(.debug_info .gnu.linkonce.wi.*)

.debug_abbrev
 *(.debug_abbrev)

.debug_line
 *(.debug_line)

.debug_frame
 *(.debug_frame)

.debug_str
 *(.debug_str)

.debug_loc
 *(.debug_loc)

.debug_macinfo
 *(.debug_macinfo)

.debug_weaknames
 *(.debug_weaknames)

.debug_funcnames
 *(.debug_funcnames)

.debug_typenames
 *(.debug_typenames)

.debug_varnames
 *(.debug_varnames)

.debug_pubtypes
 *(.debug_pubtypes)

.debug_ranges
 *(.debug_ranges)

.debug_macro
 *(.debug_macro)

.gnu.attributes
 *(.gnu.attributes)

/DISCARD/
 *(.note.GNU-stack)
 *(.gnu_debuglink)
 *(.gnu.lto_*)
 *(.gnu_object_only)
OUTPUT(kernel.bin elf32-i386)
