
分配公共符号
公共符号            大小              文件

current_console_id  0x4               kernel/global.o
idt_ptr             0x6               kernel/global.o
sb_table            0x1e0             kernel/global.o
inode_table         0xb00             kernel/global.o
task_stack          0x38000           kernel/global.o
k_reenter           0x4               kernel/global.o
gdt                 0x400             kernel/global.o
fd_table            0x300             kernel/global.o
tty_table           0xc30             kernel/global.o
tss                 0x64              kernel/global.o
fs_msg              0x30              kernel/global.o
root_inode          0x4               kernel/global.o
disp_pos            0x4               kernel/global.o
gdt_ptr             0x6               kernel/global.o
idt                 0x800             kernel/global.o
ticks               0x4               kernel/global.o
console_table       0x30              kernel/global.o
fs_caller           0x4               kernel/global.o
irq_table           0x40              kernel/global.o
proc_ready          0x4               kernel/global.o
proc_table          0xb28             kernel/global.o

Discarded input sections

 .note.GNU-stack
                0x0000000000000000        0x0 kernel/start.o
 .note.GNU-stack
                0x0000000000000000        0x0 kernel/i8259.o
 .note.GNU-stack
                0x0000000000000000        0x0 kernel/global.o
 .note.GNU-stack
                0x0000000000000000        0x0 kernel/protect.o
 .note.GNU-stack
                0x0000000000000000        0x0 kernel/main.o
 .note.GNU-stack
                0x0000000000000000        0x0 kernel/clock.o
 .note.GNU-stack
                0x0000000000000000        0x0 kernel/proc.o
 .note.GNU-stack
                0x0000000000000000        0x0 kernel/keyborad.o
 .note.GNU-stack
                0x0000000000000000        0x0 kernel/tty.o
 .note.GNU-stack
                0x0000000000000000        0x0 kernel/console.o
 .note.GNU-stack
                0x0000000000000000        0x0 kernel/printf.o
 .note.GNU-stack
                0x0000000000000000        0x0 kernel/vsprintf.o
 .note.GNU-stack
                0x0000000000000000        0x0 kernel/systask.o
 .note.GNU-stack
                0x0000000000000000        0x0 kernel/message.o
 .note.GNU-stack
                0x0000000000000000        0x0 kernel/panic.o
 .note.GNU-stack
                0x0000000000000000        0x0 kernel/hd.o
 .note.GNU-stack
                0x0000000000000000        0x0 lib/misc.o
 .note.GNU-stack
                0x0000000000000000        0x0 lib/klib.o
 .note.GNU-stack
                0x0000000000000000        0x0 lib/open.o
 .note.GNU-stack
                0x0000000000000000        0x0 lib/close.o
 .note.GNU-stack
                0x0000000000000000        0x0 lib/read.o
 .note.GNU-stack
                0x0000000000000000        0x0 lib/write.o
 .note.GNU-stack
                0x0000000000000000        0x0 fs/main.o
 .note.GNU-stack
                0x0000000000000000        0x0 fs/misc.o
 .note.GNU-stack
                0x0000000000000000        0x0 fs/open.o
 .note.GNU-stack
                0x0000000000000000        0x0 fs/read_write.o

内存配置

名称           来源             长度             属性
*default*        0x0000000000000000 0xffffffffffffffff

Linker script and memory map

Address of section .text set to 0x30400
LOAD kernel/kernel.o
LOAD kernel/start.o
LOAD kernel/i8259.o
LOAD kernel/global.o
LOAD kernel/protect.o
LOAD kernel/main.o
LOAD kernel/clock.o
LOAD kernel/syscall.o
LOAD kernel/proc.o
LOAD kernel/keyborad.o
LOAD kernel/tty.o
LOAD kernel/console.o
LOAD kernel/printf.o
LOAD kernel/vsprintf.o
LOAD kernel/systask.o
LOAD kernel/message.o
LOAD kernel/panic.o
LOAD kernel/hd.o
LOAD lib/misc.o
LOAD lib/klib.o
LOAD lib/kliba.o
LOAD lib/string.o
LOAD lib/open.o
LOAD lib/close.o
LOAD lib/read.o
LOAD lib/write.o
LOAD fs/main.o
LOAD fs/misc.o
LOAD fs/open.o
LOAD fs/read_write.o
                0x0000000008048000                PROVIDE (__executable_start, 0x8048000)
                0x0000000008048094                . = (0x8048000 + SIZEOF_HEADERS)

.interp
 *(.interp)

.note.gnu.build-id
 *(.note.gnu.build-id)

.hash
 *(.hash)

.gnu.hash
 *(.gnu.hash)

.dynsym
 *(.dynsym)

.dynstr
 *(.dynstr)

.gnu.version
 *(.gnu.version)

.gnu.version_d
 *(.gnu.version_d)

.gnu.version_r
 *(.gnu.version_r)

.rel.dyn        0x0000000008048094        0x0
 *(.rel.init)
 *(.rel.text .rel.text.* .rel.gnu.linkonce.t.*)
 .rel.text      0x0000000000000000        0x0 kernel/kernel.o
 *(.rel.fini)
 *(.rel.rodata .rel.rodata.* .rel.gnu.linkonce.r.*)
 *(.rel.data.rel.ro .rel.data.rel.ro.* .rel.gnu.linkonce.d.rel.ro.*)
 *(.rel.data .rel.data.* .rel.gnu.linkonce.d.*)
 .rel.data      0x0000000000000000        0x0 kernel/kernel.o
 *(.rel.tdata .rel.tdata.* .rel.gnu.linkonce.td.*)
 *(.rel.tbss .rel.tbss.* .rel.gnu.linkonce.tb.*)
 *(.rel.ctors)
 *(.rel.dtors)
 *(.rel.got)
 *(.rel.sharable_data .rel.sharable_data.* .rel.gnu.linkonce.shrd.*)
 *(.rel.sharable_bss .rel.sharable_bss.* .rel.gnu.linkonce.shrb.*)
 *(.rel.bss .rel.bss.* .rel.gnu.linkonce.b.*)
 *(.rel.ifunc)

.rel.plt        0x0000000008048094        0x0
 *(.rel.plt)
                0x0000000008048094                PROVIDE (__rel_iplt_start, .)
 *(.rel.iplt)
 .rel.iplt      0x0000000000000000        0x0 kernel/kernel.o
                0x0000000008048094                PROVIDE (__rel_iplt_end, .)

.init
 *(SORT(.init))

.plt            0x00000000080480a0        0x0
 *(.plt)
 *(.iplt)
 .iplt          0x0000000000000000        0x0 kernel/kernel.o

.text           0x0000000000030400     0x77c6
 *(.text.unlikely .text.*_unlikely)
 *(.text.exit .text.exit.*)
 *(.text.startup .text.startup.*)
 *(.text.hot .text.hot.*)
 *(.text .stub .text.* .gnu.linkonce.t.*)
 .text          0x0000000000030400      0x410 kernel/kernel.o
                0x0000000000030400                _start
                0x0000000000030440                hwint00
                0x0000000000030470                hwint01
                0x00000000000304a0                hwint02
                0x00000000000304d0                hwint03
                0x0000000000030500                hwint04
                0x0000000000030530                hwint05
                0x0000000000030560                hwint06
                0x0000000000030590                hwint07
                0x00000000000305c0                hwint08
                0x00000000000305f0                hwint09
                0x0000000000030620                hwint10
                0x0000000000030650                hwint11
                0x0000000000030680                hwint12
                0x00000000000306b0                hwint13
                0x00000000000306e0                hwint14
                0x0000000000030710                hwint15
                0x0000000000030734                divide_error
                0x000000000003073a                single_step_exception
                0x0000000000030740                nmi
                0x0000000000030746                breakpoint_exception
                0x000000000003074c                overflow
                0x0000000000030752                bounds_check
                0x0000000000030758                inval_opcode
                0x000000000003075e                copr_not_available
                0x0000000000030764                double_fault
                0x0000000000030768                copr_seg_overrun
                0x000000000003076e                inval_tss
                0x0000000000030772                segment_not_present
                0x0000000000030776                stack_exception
                0x000000000003077a                general_protection
                0x000000000003077e                page_fault
                0x0000000000030782                copr_error
                0x0000000000030791                sys_call
                0x00000000000307eb                restart
 .text          0x0000000000030810       0x8e kernel/start.o
                0x0000000000030810                cstart
 *fill*         0x000000000003089e        0x2 
 .text          0x00000000000308a0      0x13c kernel/i8259.o
                0x00000000000308a0                init_8259A
                0x0000000000030991                spurious_irq
                0x00000000000309bc                put_irq_handler
 .text          0x00000000000309dc        0x0 kernel/global.o
 .text          0x00000000000309dc      0x7e0 kernel/protect.o
                0x00000000000309dc                seg2phys
                0x0000000000030b00                protect_init
                0x000000000003107c                exception_handler
 .text          0x00000000000311bc      0x57e kernel/main.o
                0x00000000000311bc                kernel_main
                0x0000000000031489                get_ticks
                0x00000000000314c1                testA
                0x00000000000314ea                testB
                0x000000000003150a                testC
 *fill*         0x000000000003173a        0x2 
 .text          0x000000000003173c       0xde kernel/clock.o
                0x000000000003173c                clock_init
                0x00000000000317a0                clock_handler
                0x00000000000317e1                milli_delay
 *fill*         0x000000000003181a        0x6 
 .text          0x0000000000031820       0x38 kernel/syscall.o
                0x0000000000031820                get_ticks0
                0x0000000000031828                write0
                0x0000000000031838                printx
                0x0000000000031844                sendrec
 .text          0x0000000000031858      0x34d kernel/proc.o
                0x0000000000031858                schedule
                0x00000000000318e3                sys_get_ticks
                0x00000000000318ed                sys_write
                0x0000000000031929                ldt_seg_linear
                0x0000000000031973                va2la
                0x00000000000319e2                sys_printx
 *fill*         0x0000000000031ba5        0x3 
 .text          0x0000000000031ba8      0x671 kernel/keyborad.o
                0x0000000000031c4a                keyboard_init
                0x0000000000031cef                keyboard_handler
                0x0000000000031da6                keyboard_read
 *fill*         0x0000000000032219        0x3 
 .text          0x000000000003221c      0x32c kernel/tty.o
                0x000000000003221c                tty_init
                0x0000000000032379                task_tty
                0x00000000000323e5                in_process
                0x0000000000032504                tty_write
 .text          0x0000000000032548      0x473 kernel/console.o
                0x000000000003264c                scroll_screen
                0x00000000000326b7                out_char
                0x00000000000327ce                screen_init
                0x00000000000328ea                is_current_console
                0x0000000000032905                select_console
                0x000000000003294d                clear_console
 *fill*         0x00000000000329bb        0x1 
 .text          0x00000000000329bc       0x4f kernel/printf.o
                0x00000000000329bc                printf
 *fill*         0x0000000000032a0b        0x1 
 .text          0x0000000000032a0c      0x31e kernel/vsprintf.o
                0x0000000000032a6f                vsprintf
                0x0000000000032d00                sprintf
 *fill*         0x0000000000032d2a        0x2 
 .text          0x0000000000032d2c       0x62 kernel/systask.o
                0x0000000000032d2c                task_sys
 *fill*         0x0000000000032d8e        0x2 
 .text          0x0000000000032d90     0x18dd kernel/message.o
                0x0000000000032d90                reset_msg
                0x0000000000033d72                sys_sendrec
                0x0000000000033ed1                send_recv
                0x0000000000033fb1                inform_int
                0x0000000000034153                dump_proc
                0x0000000000034526                dump_msg
 *fill*         0x000000000003466d        0x3 
 .text          0x0000000000034670       0x50 kernel/panic.o
                0x0000000000034670                panic
 .text          0x00000000000346c0      0xeaa kernel/hd.o
                0x0000000000035490                task_hd
                0x0000000000035545                hd_handler
 *fill*         0x000000000003556a        0x2 
 .text          0x000000000003556c      0x1a8 lib/misc.o
                0x000000000003556c                spin
                0x0000000000035587                assertion_failure
                0x00000000000355cd                memcmp
                0x0000000000035643                strcmp
                0x00000000000356b5                strcat
 .text          0x0000000000035714      0x1cb lib/klib.o
                0x0000000000035714                itoa
                0x00000000000357bf                disp_int
                0x00000000000357e4                disp_color_int
                0x0000000000035810                delay
                0x0000000000035856                dump
 *fill*         0x00000000000358df        0x1 
 .text          0x00000000000358e0      0x184 lib/kliba.o
                0x00000000000358e0                disp_str
                0x000000000003591e                disp_color_str
                0x000000000003595d                out_byte
                0x0000000000035969                in_byte
                0x0000000000035973                enable_irq
                0x0000000000035992                disable_irq
                0x00000000000359b1                enable_int
                0x00000000000359b3                disable_int
                0x00000000000359b5                port_read
                0x00000000000359c8                port_write
                0x00000000000359db                glitter
 *fill*         0x0000000000035a64        0xc 
 .text          0x0000000000035a70       0x78 lib/string.o
                0x0000000000035a70                memcpy
                0x0000000000035a99                memset
                0x0000000000035aba                strcpy
                0x0000000000035ad2                strlen
 .text          0x0000000000035ae8       0x73 lib/open.o
                0x0000000000035ae8                open
 *fill*         0x0000000000035b5b        0x1 
 .text          0x0000000000035b5c       0x33 lib/close.o
                0x0000000000035b5c                close
 *fill*         0x0000000000035b8f        0x1 
 .text          0x0000000000035b90       0x3f lib/read.o
                0x0000000000035b90                read
 *fill*         0x0000000000035bcf        0x1 
 .text          0x0000000000035bd0       0x3f lib/write.o
                0x0000000000035bd0                write
 *fill*         0x0000000000035c0f        0x1 
 .text          0x0000000000035c10      0xdc0 fs/main.o
                0x0000000000035c10                rw_sector
                0x0000000000035df2                get_super_block
                0x0000000000035e38                get_inode
                0x0000000000035fa6                put_inode
                0x0000000000035feb                sync_inode
                0x0000000000036108                new_inode
                0x00000000000368de                task_fs
 .text          0x00000000000369d0      0x205 fs/misc.o
                0x00000000000369d0                strip_path
                0x0000000000036a5c                search_file
 *fill*         0x0000000000036bd5        0x3 
 .text          0x0000000000036bd8      0xaca fs/open.o
                0x00000000000371be                do_open
                0x00000000000375af                do_close
                0x0000000000037607                do_lssek
 *fill*         0x00000000000376a2        0x2 
 .text          0x00000000000376a4      0x522 fs/read_write.o
                0x00000000000376a4                do_rdwt
 *(.gnu.warning)

.fini
 *(SORT(.fini))
                0x0000000000037bc6                PROVIDE (__etext, .)
                0x0000000000037bc6                PROVIDE (_etext, .)
                0x0000000000037bc6                PROVIDE (etext, .)

.rodata         0x0000000000037be0     0x1194
 *(.rodata .rodata.* .gnu.linkonce.r.*)
 .rodata        0x0000000000037be0       0x2c kernel/start.o
 .rodata        0x0000000000037c0c       0x11 kernel/i8259.o
 *fill*         0x0000000000037c1d        0x3 
 .rodata        0x0000000000037c20        0x4 kernel/global.o
                0x0000000000037c20                FSBUF_SIZE
 *fill*         0x0000000000037c24       0x1c 
 .rodata        0x0000000000037c40      0x290 kernel/protect.o
 .rodata        0x0000000000037ed0       0xb4 kernel/main.o
 .rodata        0x0000000000037f84       0x1c kernel/proc.o
 .rodata        0x0000000000037fa0       0x64 kernel/keyborad.o
 .rodata        0x0000000000038004       0x90 kernel/tty.o
 .rodata        0x0000000000038094       0x11 kernel/systask.o
 *fill*         0x00000000000380a5        0x3 
 .rodata        0x00000000000380a8      0x5be kernel/message.o
 .rodata        0x0000000000038666       0x10 kernel/panic.o
 *fill*         0x0000000000038676        0x2 
 .rodata        0x0000000000038678      0x1dc kernel/hd.o
 .rodata        0x0000000000038854       0x63 lib/misc.o
 .rodata        0x00000000000388b7       0x18 lib/klib.o
 .rodata        0x00000000000388cf       0x23 lib/open.o
 *fill*         0x00000000000388f2        0x2 
 .rodata        0x00000000000388f4      0x1b9 fs/main.o
 *fill*         0x0000000000038aad        0x3 
 .rodata        0x0000000000038ab0      0x14b fs/open.o
 *fill*         0x0000000000038bfb        0x1 
 .rodata        0x0000000000038bfc      0x178 fs/read_write.o

.rodata1
 *(.rodata1)

.eh_frame_hdr
 *(.eh_frame_hdr)

.eh_frame       0x0000000000038d74      0xebc
 *(.eh_frame)
 .eh_frame      0x0000000000038d74       0x38 kernel/start.o
 .eh_frame      0x0000000000038dac       0x60 kernel/i8259.o
                                         0x78 (size before relaxing)
 .eh_frame      0x0000000000038e0c       0xb0 kernel/protect.o
                                         0xc8 (size before relaxing)
 .eh_frame      0x0000000000038ebc       0x98 kernel/main.o
                                         0xb0 (size before relaxing)
 .eh_frame      0x0000000000038f54       0x60 kernel/clock.o
                                         0x78 (size before relaxing)
 .eh_frame      0x0000000000038fb4       0xc0 kernel/proc.o
                                         0xd8 (size before relaxing)
 .eh_frame      0x0000000000039074       0xe0 kernel/keyborad.o
                                         0xf8 (size before relaxing)
 .eh_frame      0x0000000000039154       0xdc kernel/tty.o
                                         0xf4 (size before relaxing)
 .eh_frame      0x0000000000039230      0x120 kernel/console.o
                                        0x138 (size before relaxing)
 .eh_frame      0x0000000000039350       0x20 kernel/printf.o
                                         0x38 (size before relaxing)
 .eh_frame      0x0000000000039370       0x68 kernel/vsprintf.o
                                         0x80 (size before relaxing)
 .eh_frame      0x00000000000393d8       0x1c kernel/systask.o
                                         0x34 (size before relaxing)
 .eh_frame      0x00000000000393f4      0x180 kernel/message.o
                                        0x198 (size before relaxing)
 .eh_frame      0x0000000000039574       0x20 kernel/panic.o
                                         0x38 (size before relaxing)
 .eh_frame      0x0000000000039594      0x210 kernel/hd.o
                                        0x228 (size before relaxing)
 .eh_frame      0x00000000000397a4       0x9c lib/misc.o
                                         0xb4 (size before relaxing)
 .eh_frame      0x0000000000039840       0xa0 lib/klib.o
                                         0xb8 (size before relaxing)
 .eh_frame      0x00000000000398e0       0x20 lib/open.o
                                         0x38 (size before relaxing)
 .eh_frame      0x0000000000039900       0x20 lib/close.o
                                         0x38 (size before relaxing)
 .eh_frame      0x0000000000039920       0x20 lib/read.o
                                         0x38 (size before relaxing)
 .eh_frame      0x0000000000039940       0x20 lib/write.o
                                         0x38 (size before relaxing)
 .eh_frame      0x0000000000039960      0x154 fs/main.o
                                        0x16c (size before relaxing)
 .eh_frame      0x0000000000039ab4       0x48 fs/misc.o
                                         0x60 (size before relaxing)
 .eh_frame      0x0000000000039afc      0x108 fs/open.o
                                        0x120 (size before relaxing)
 .eh_frame      0x0000000000039c04       0x2c fs/read_write.o
                                         0x44 (size before relaxing)

.gcc_except_table
 *(.gcc_except_table .gcc_except_table.*)

.exception_ranges
 *(.exception_ranges .exception_ranges*)
                0x0000000000039c30                . = (ALIGN (0x1000) - ((0x1000 - .) & 0xfff))
                0x000000000003b000                . = DATA_SEGMENT_ALIGN (0x1000, 0x1000)

.eh_frame
 *(.eh_frame)

.gcc_except_table
 *(.gcc_except_table .gcc_except_table.*)

.exception_ranges
 *(.exception_ranges .exception_ranges*)

.tdata
 *(.tdata .tdata.* .gnu.linkonce.td.*)

.tbss
 *(.tbss .tbss.* .gnu.linkonce.tb.*)
 *(.tcommon)

.preinit_array  0x000000000003b000        0x0
                0x000000000003b000                PROVIDE (__preinit_array_start, .)
 *(.preinit_array)
                0x000000000003b000                PROVIDE (__preinit_array_end, .)

.init_array     0x000000000003b000        0x0
                0x000000000003b000                PROVIDE (__init_array_start, .)
 *(SORT(.init_array.*) SORT(.ctors.*))
 *(.init_array EXCLUDE_FILE(*crtend?.o *crtend.o *crtbegin?.o *crtbegin.o) .ctors)
                0x000000000003b000                PROVIDE (__init_array_end, .)

.fini_array     0x000000000003b000        0x0
                0x000000000003b000                PROVIDE (__fini_array_start, .)
 *(SORT(.fini_array.*) SORT(.dtors.*))
 *(.fini_array EXCLUDE_FILE(*crtend?.o *crtend.o *crtbegin?.o *crtbegin.o) .dtors)
                0x000000000003b000                PROVIDE (__fini_array_end, .)

.ctors
 *crtbegin.o(.ctors)
 *crtbegin?.o(.ctors)
 *(EXCLUDE_FILE(*crtend?.o *crtend.o) .ctors)
 *(SORT(.ctors.*))
 *(.ctors)

.dtors
 *crtbegin.o(.dtors)
 *crtbegin?.o(.dtors)
 *(EXCLUDE_FILE(*crtend?.o *crtend.o) .dtors)
 *(SORT(.dtors.*))
 *(.dtors)

.jcr
 *(.jcr)

.data.rel.ro
 *(.data.rel.ro.local* .gnu.linkonce.d.rel.ro.local.*)
 *(.data.rel.ro .data.rel.ro.* .gnu.linkonce.d.rel.ro.*)

.dynamic
 *(.dynamic)

.got
 *(.got)
 *(.igot)
                0x000000000003b000                . = DATA_SEGMENT_RELRO_END (., (SIZEOF (.got.plt) >= 0xc)?0xc:0x0)

.got.plt        0x000000000003b000        0x0
 *(.got.plt)
 *(.igot.plt)
 .igot.plt      0x0000000000000000        0x0 kernel/kernel.o

.data           0x000000000003b000      0x780
 *(.data .data.* .gnu.linkonce.d.*)
 .data          0x000000000003b000        0x2 kernel/kernel.o
 *fill*         0x000000000003b002        0x2 
 .data          0x000000000003b004        0x0 kernel/start.o
 .data          0x000000000003b004        0x0 kernel/i8259.o
 *fill*         0x000000000003b004       0x1c 
 .data          0x000000000003b020      0x148 kernel/global.o
                0x000000000003b020                task_table
                0x000000000003b0c0                user_proc_table
                0x000000000003b138                sys_call_table
                0x000000000003b14c                dd_map
                0x000000000003b164                fsbuf
 .data          0x000000000003b168        0x0 kernel/protect.o
 .data          0x000000000003b168        0x0 kernel/main.o
 .data          0x000000000003b168        0x0 kernel/clock.o
 .data          0x000000000003b168        0x0 kernel/proc.o
 *fill*         0x000000000003b168       0x18 
 .data          0x000000000003b180      0x600 kernel/keyborad.o
                0x000000000003b180                keymap
 .data          0x000000000003b780        0x0 kernel/tty.o
 .data          0x000000000003b780        0x0 kernel/console.o
 .data          0x000000000003b780        0x0 kernel/printf.o
 .data          0x000000000003b780        0x0 kernel/vsprintf.o
 .data          0x000000000003b780        0x0 kernel/systask.o
 .data          0x000000000003b780        0x0 kernel/message.o
 .data          0x000000000003b780        0x0 kernel/panic.o
 .data          0x000000000003b780        0x0 kernel/hd.o
 .data          0x000000000003b780        0x0 lib/misc.o
 .data          0x000000000003b780        0x0 lib/klib.o
 .data          0x000000000003b780        0x0 lib/open.o
 .data          0x000000000003b780        0x0 lib/close.o
 .data          0x000000000003b780        0x0 lib/read.o
 .data          0x000000000003b780        0x0 lib/write.o
 .data          0x000000000003b780        0x0 fs/main.o
 .data          0x000000000003b780        0x0 fs/misc.o
 .data          0x000000000003b780        0x0 fs/open.o
 .data          0x000000000003b780        0x0 fs/read_write.o

.data1
 *(.data1)

.sharable_data  0x000000000003c000        0x0
                0x000000000003c000                PROVIDE (__sharable_data_start, .)
 *(.sharable_data .sharable_data.* .gnu.linkonce.shrd.*)
                0x000000000003c000                . = ALIGN ((. != 0x0)?0x1000:0x1)
                0x000000000003c000                PROVIDE (__sharable_data_end, .)
                0x000000000003c000                _edata = .
                0x000000000003c000                PROVIDE (edata, .)
                0x000000000003c000                . = .
                0x000000000003c000                __bss_start = .

.bss            0x000000000003b780    0x3c3c8
 *(.dynbss)
 *(.bss .bss.* .gnu.linkonce.b.*)
 .bss           0x000000000003b780      0x800 kernel/kernel.o
 .bss           0x000000000003bf80        0x0 kernel/start.o
 .bss           0x000000000003bf80        0x0 kernel/i8259.o
 .bss           0x000000000003bf80        0x0 kernel/global.o
 .bss           0x000000000003bf80        0x0 kernel/protect.o
 .bss           0x000000000003bf80        0x0 kernel/main.o
 .bss           0x000000000003bf80        0x0 kernel/clock.o
 .bss           0x000000000003bf80        0x0 kernel/proc.o
 .bss           0x000000000003bf80       0x58 kernel/keyborad.o
 .bss           0x000000000003bfd8        0x0 kernel/tty.o
 .bss           0x000000000003bfd8        0x0 kernel/console.o
 .bss           0x000000000003bfd8        0x0 kernel/printf.o
 .bss           0x000000000003bfd8        0x0 kernel/vsprintf.o
 .bss           0x000000000003bfd8        0x0 kernel/systask.o
 .bss           0x000000000003bfd8        0x0 kernel/message.o
 .bss           0x000000000003bfd8        0x0 kernel/panic.o
 *fill*         0x000000000003bfd8        0x8 
 .bss           0x000000000003bfe0      0x64c kernel/hd.o
 .bss           0x000000000003c62c        0x0 lib/misc.o
 .bss           0x000000000003c62c        0x0 lib/klib.o
 .bss           0x000000000003c62c        0x0 lib/open.o
 .bss           0x000000000003c62c        0x0 lib/close.o
 .bss           0x000000000003c62c        0x0 lib/read.o
 .bss           0x000000000003c62c        0x0 lib/write.o
 .bss           0x000000000003c62c        0x0 fs/main.o
 .bss           0x000000000003c62c        0x0 fs/misc.o
 .bss           0x000000000003c62c        0x0 fs/open.o
 .bss           0x000000000003c62c        0x0 fs/read_write.o
 *(COMMON)
 *fill*         0x000000000003c62c       0x14 
 COMMON         0x000000000003c640    0x3b508 kernel/global.o
                0x000000000003c640                current_console_id
                0x000000000003c644                idt_ptr
                0x000000000003c660                sb_table
                0x000000000003c840                inode_table
                0x000000000003d340                task_stack
                0x0000000000075340                k_reenter
                0x0000000000075360                gdt
                0x0000000000075760                fd_table
                0x0000000000075a60                tty_table
                0x00000000000766a0                tss
                0x0000000000076720                fs_msg
                0x0000000000076750                root_inode
                0x0000000000076754                disp_pos
                0x0000000000076758                gdt_ptr
                0x0000000000076760                idt
                0x0000000000076f60                ticks
                0x0000000000076f80                console_table
                0x0000000000076fb0                fs_caller
                0x0000000000076fc0                irq_table
                0x0000000000077000                proc_ready
                0x0000000000077020                proc_table
                0x0000000000077b48                . = ALIGN ((. != 0x0)?0x4:0x1)

.sharable_bss   0x0000000000078000        0x0
                0x0000000000078000                PROVIDE (__sharable_bss_start, .)
 *(.dynsharablebss)
 *(.sharable_bss .sharable_bss.* .gnu.linkonce.shrb.*)
 *(SHARABLE_COMMON)
                0x0000000000078000                . = ALIGN ((. != 0x0)?0x1000:0x1)
                0x0000000000078000                PROVIDE (__sharable_bss_end, .)
                0x0000000000078000                . = ALIGN (0x4)
                0x0000000000078000                . = SEGMENT_START ("ldata-segment", .)
                0x0000000000078000                . = ALIGN (0x4)
                0x0000000000078000                _end = .
                0x0000000000078000                PROVIDE (end, .)
                0x0000000000078000                . = DATA_SEGMENT_END (.)

.stab
 *(.stab)

.stabstr
 *(.stabstr)

.stab.excl
 *(.stab.excl)

.stab.exclstr
 *(.stab.exclstr)

.stab.index
 *(.stab.index)

.stab.indexstr
 *(.stab.indexstr)

.comment        0x0000000000000000       0x2c
 *(.comment)
 .comment       0x0000000000000000       0x2c kernel/start.o
                                         0x2d (size before relaxing)
 .comment       0x0000000000000000       0x2d kernel/i8259.o
 .comment       0x0000000000000000       0x2d kernel/global.o
 .comment       0x0000000000000000       0x2d kernel/protect.o
 .comment       0x0000000000000000       0x2d kernel/main.o
 .comment       0x0000000000000000       0x2d kernel/clock.o
 .comment       0x0000000000000000       0x2d kernel/proc.o
 .comment       0x0000000000000000       0x2d kernel/keyborad.o
 .comment       0x0000000000000000       0x2d kernel/tty.o
 .comment       0x0000000000000000       0x2d kernel/console.o
 .comment       0x0000000000000000       0x2d kernel/printf.o
 .comment       0x0000000000000000       0x2d kernel/vsprintf.o
 .comment       0x0000000000000000       0x2d kernel/systask.o
 .comment       0x0000000000000000       0x2d kernel/message.o
 .comment       0x0000000000000000       0x2d kernel/panic.o
 .comment       0x0000000000000000       0x2d kernel/hd.o
 .comment       0x0000000000000000       0x2d lib/misc.o
 .comment       0x0000000000000000       0x2d lib/klib.o
 .comment       0x0000000000000000       0x2d lib/open.o
 .comment       0x0000000000000000       0x2d lib/close.o
 .comment       0x0000000000000000       0x2d lib/read.o
 .comment       0x0000000000000000       0x2d lib/write.o
 .comment       0x0000000000000000       0x2d fs/main.o
 .comment       0x0000000000000000       0x2d fs/misc.o
 .comment       0x0000000000000000       0x2d fs/open.o
 .comment       0x0000000000000000       0x2d fs/read_write.o

.debug
 *(.debug)

.line
 *(.line)

.debug_srcinfo
 *(.debug_srcinfo)

.debug_sfnames
 *(.debug_sfnames)

.debug_aranges
 *(.debug_aranges)

.debug_pubnames
 *(.debug_pubnames)

.debug_info
 *(.debug_info .gnu.linkonce.wi.*)

.debug_abbrev
 *(.debug_abbrev)

.debug_line
 *(.debug_line)

.debug_frame
 *(.debug_frame)

.debug_str
 *(.debug_str)

.debug_loc
 *(.debug_loc)

.debug_macinfo
 *(.debug_macinfo)

.debug_weaknames
 *(.debug_weaknames)

.debug_funcnames
 *(.debug_funcnames)

.debug_typenames
 *(.debug_typenames)

.debug_varnames
 *(.debug_varnames)

.debug_pubtypes
 *(.debug_pubtypes)

.debug_ranges
 *(.debug_ranges)

.debug_macro
 *(.debug_macro)

.gnu.attributes
 *(.gnu.attributes)

/DISCARD/
 *(.note.GNU-stack)
 *(.gnu_debuglink)
 *(.gnu.lto_*)
 *(.gnu_object_only)
OUTPUT(kernel.bin elf32-i386)
